Component: ARM Compiler 5.06 update 6 (build 750) Tool: armlink [4d35ed]

==============================================================================

Section Cross References

    main.o(i.iniciar_juego) refers to drv_consumo.o(i.drv_consumo_iniciar) for drv_consumo_iniciar
    main.o(i.iniciar_juego) refers to rt_fifo.o(i.rt_FIFO_inicializar) for rt_FIFO_inicializar
    main.o(i.iniciar_juego) refers to rt_ge.o(i.rt_GE_iniciar) for rt_GE_iniciar
    main.o(i.iniciar_juego) refers to srv_alarm.o(i.svc_alarma_iniciar) for svc_alarma_iniciar
    main.o(i.iniciar_juego) refers to drv_botones.o(i.drv_botones_iniciar) for drv_botones_iniciar
    main.o(i.iniciar_juego) refers to rt_ge.o(i.svc_GE_suscribir) for svc_GE_suscribir
    main.o(i.iniciar_juego) refers to rt_fifo.o(i.rt_FIFO_encolar) for rt_FIFO_encolar
    main.o(i.iniciar_juego) refers to rt_ge.o(i.rt_GE_lanzador) for rt_GE_lanzador
    main.o(i.iniciar_juego) refers to main.o(i.juego) for juego
    main.o(i.iniciar_juego) refers to main.o(.data) for estado_juego
    main.o(i.juego) refers to drv_leds.o(i.drv_led_encender) for drv_led_encender
    main.o(i.juego) refers to drv_leds.o(i.drv_led_apagar) for drv_led_apagar
    main.o(i.juego) refers to rt_fifo.o(i.rt_FIFO_encolar) for rt_FIFO_encolar
    main.o(i.juego) refers to main.o(.data) for estado_juego
    main.o(i.leds_c) refers to drv_leds.o(i.drv_led_conmutar) for drv_led_conmutar
    main.o(i.main) refers to hal_gpio_nrf.o(i.hal_gpio_iniciar) for hal_gpio_iniciar
    main.o(i.main) refers to drv_tiempo.o(i.drv_tiempo_iniciar) for drv_tiempo_iniciar
    main.o(i.main) refers to drv_leds.o(i.drv_leds_iniciar) for drv_leds_iniciar
    main.o(i.main) refers to simon.o(i.simon_iniciar) for simon_iniciar
    main.o(i.pruebas_botones) refers to drv_consumo.o(i.drv_consumo_iniciar) for drv_consumo_iniciar
    main.o(i.pruebas_botones) refers to rt_fifo.o(i.rt_FIFO_inicializar) for rt_FIFO_inicializar
    main.o(i.pruebas_botones) refers to rt_ge.o(i.rt_GE_iniciar) for rt_GE_iniciar
    main.o(i.pruebas_botones) refers to srv_alarm.o(i.svc_alarma_iniciar) for svc_alarma_iniciar
    main.o(i.pruebas_botones) refers to drv_botones.o(i.drv_botones_iniciar) for drv_botones_iniciar
    main.o(i.pruebas_botones) refers to rt_ge.o(i.svc_GE_suscribir) for svc_GE_suscribir
    main.o(i.pruebas_botones) refers to rt_ge.o(i.rt_GE_lanzador) for rt_GE_lanzador
    main.o(i.pruebas_botones) refers to rt_fifo.o(i.rt_FIFO_encolar) for rt_FIFO_encolar
    main.o(i.pruebas_botones) refers to main.o(i.leds_c) for leds_c
    main.o(i.test_WDT) refers to hal_wdt_nrf.o(i.hal_WDT_iniciar) for hal_WDT_iniciar
    main.o(i.test_WDT) refers to drv_leds.o(i.drv_led_encender) for drv_led_encender
    main.o(i.test_alarmas) refers to srv_alarm.o(i.svc_alarma_iniciar) for svc_alarma_iniciar
    main.o(i.test_alarmas) refers to srv_alarm.o(i.svc_alarma_codificar) for svc_alarma_codificar
    main.o(i.test_alarmas) refers to srv_alarm.o(i.svc_alarma_activar) for svc_alarma_activar
    main.o(i.test_alarmas) refers to rt_fifo.o(i.rt_FIFO_extraer) for rt_FIFO_extraer
    main.o(i.test_alarmas) refers to main.o(i.leds_c) for leds_c
    main.o(i.test_alarmas) refers to rt_fifo.o(i.rt_FIFO_encolar) for rt_FIFO_encolar
    main.o(i.test_rt_FIFO) refers to rt_fifo.o(i.rt_FIFO_inicializar) for rt_FIFO_inicializar
    main.o(i.test_rt_FIFO) refers to rt_fifo.o(i.verificar_overflow_cola) for verificar_overflow_cola
    drv_leds.o(i.drv_led_apagar) refers to hal_gpio_nrf.o(i.hal_gpio_escribir) for hal_gpio_escribir
    drv_leds.o(i.drv_led_apagar) refers to drv_leds.o(.constdata) for led_list
    drv_leds.o(i.drv_led_conmutar) refers to hal_gpio_nrf.o(i.hal_gpio_leer) for hal_gpio_leer
    drv_leds.o(i.drv_led_conmutar) refers to hal_gpio_nrf.o(i.hal_gpio_escribir) for hal_gpio_escribir
    drv_leds.o(i.drv_led_conmutar) refers to drv_leds.o(.constdata) for led_list
    drv_leds.o(i.drv_led_encender) refers to hal_gpio_nrf.o(i.hal_gpio_escribir) for hal_gpio_escribir
    drv_leds.o(i.drv_led_encender) refers to drv_leds.o(.constdata) for led_list
    drv_leds.o(i.drv_leds_iniciar) refers to hal_gpio_nrf.o(i.hal_gpio_sentido) for hal_gpio_sentido
    drv_leds.o(i.drv_leds_iniciar) refers to drv_leds.o(i.drv_led_apagar) for drv_led_apagar
    drv_leds.o(i.drv_leds_iniciar) refers to drv_leds.o(.constdata) for led_list
    drv_tiempo.o(i.drv_tiempo_actual_ms) refers to drv_tiempo.o(i.drv_tiempo_actual_us) for drv_tiempo_actual_us
    drv_tiempo.o(i.drv_tiempo_actual_ms) refers to uldiv.o(.text) for __aeabi_uldivmod
    drv_tiempo.o(i.drv_tiempo_actual_us) refers to hal_tiempo_nrf.o(i.hal_tiempo_actual_tick) for hal_tiempo_actual_tick
    drv_tiempo.o(i.drv_tiempo_actual_us) refers to uldiv.o(.text) for __aeabi_uldivmod
    drv_tiempo.o(i.drv_tiempo_actual_us) refers to drv_tiempo.o(.data) for HAL_TICKS2US_T0
    drv_tiempo.o(i.drv_tiempo_esperar_hasta_ms) refers to drv_tiempo.o(i.drv_tiempo_actual_ms) for drv_tiempo_actual_ms
    drv_tiempo.o(i.drv_tiempo_esperar_ms) refers to hal_tiempo_nrf.o(i.hal_tiempo_actual_tick) for hal_tiempo_actual_tick
    drv_tiempo.o(i.drv_tiempo_esperar_ms) refers to drv_tiempo.o(i.drv_tiempo_actual_ms) for drv_tiempo_actual_ms
    drv_tiempo.o(i.drv_tiempo_iniciar) refers to hal_tiempo_nrf.o(i.hal_tiempo_iniciar_tick) for hal_tiempo_iniciar_tick
    drv_tiempo.o(i.drv_tiempo_iniciar) refers to drv_tiempo.o(.data) for HAL_TICKS2US_T0
    drv_tiempo.o(i.drv_tiempo_periodico_ms) refers to hal_tiempo_nrf.o(i.hal_tiempo_reloj_periodico_tick) for hal_tiempo_reloj_periodico_tick
    drv_tiempo.o(i.drv_tiempo_periodico_ms) refers to drv_tiempo.o(.data) for ID_EVENTO
    drv_tiempo.o(i.drv_tiempo_periodico_ms) refers to drv_tiempo.o(i.f_callback_driver) for f_callback_driver
    drv_tiempo.o(i.f_callback_driver) refers to drv_tiempo.o(i.drv_tiempo_actual_ms) for drv_tiempo_actual_ms
    drv_tiempo.o(i.f_callback_driver) refers to drv_tiempo.o(.data) for ID_EVENTO
    drv_consumo.o(i.drv_consumo_dormir) refers to drv_leds.o(i.drv_led_apagar) for drv_led_apagar
    drv_consumo.o(i.drv_consumo_dormir) refers to hal_consumo_nrf.o(i.hal_consumo_dormir) for hal_consumo_dormir
    drv_consumo.o(i.drv_consumo_esperar) refers to drv_monitor.o(i.drv_monitor_desmarcar) for drv_monitor_desmarcar
    drv_consumo.o(i.drv_consumo_esperar) refers to hal_consumo_nrf.o(i.hal_consumo_esperar) for hal_consumo_esperar
    drv_consumo.o(i.drv_consumo_esperar) refers to drv_monitor.o(i.drv_monitor_marcar) for drv_monitor_marcar
    drv_consumo.o(i.drv_consumo_esperar) refers to drv_consumo.o(.data) for NUM_MONITORES
    drv_consumo.o(i.drv_consumo_iniciar) refers to drv_monitor.o(i.drv_monitor_iniciar) for drv_monitor_iniciar
    drv_consumo.o(i.drv_consumo_iniciar) refers to hal_consumo_nrf.o(i.hal_consumo_iniciar) for hal_consumo_iniciar
    drv_consumo.o(i.drv_consumo_iniciar) refers to drv_consumo.o(.data) for MON_WAIT
    rt_fifo.o(i.rt_FIFO_encolar) refers to drv_sc.o(i.drv_SC_entrar_disable_irq) for drv_SC_entrar_disable_irq
    rt_fifo.o(i.rt_FIFO_encolar) refers to drv_monitor.o(i.drv_monitor_marcar) for drv_monitor_marcar
    rt_fifo.o(i.rt_FIFO_encolar) refers to hal_wdt_nrf.o(i.hal_WDT_feed) for hal_WDT_feed
    rt_fifo.o(i.rt_FIFO_encolar) refers to drv_tiempo.o(i.drv_tiempo_actual_us) for drv_tiempo_actual_us
    rt_fifo.o(i.rt_FIFO_encolar) refers to drv_sc.o(i.drv_SC_salir_enable_irq) for drv_SC_salir_enable_irq
    rt_fifo.o(i.rt_FIFO_encolar) refers to rt_fifo.o(.data) for eventos_sin_tratar
    rt_fifo.o(i.rt_FIFO_encolar) refers to rt_fifo.o(.bss) for cola
    rt_fifo.o(i.rt_FIFO_estadisticas) refers to rt_fifo.o(.bss) for stats
    rt_fifo.o(i.rt_FIFO_extraer) refers to drv_sc.o(i.drv_SC_entrar_disable_irq) for drv_SC_entrar_disable_irq
    rt_fifo.o(i.rt_FIFO_extraer) refers to drv_sc.o(i.drv_SC_salir_enable_irq) for drv_SC_salir_enable_irq
    rt_fifo.o(i.rt_FIFO_extraer) refers to rt_fifo.o(.data) for eventos_sin_tratar
    rt_fifo.o(i.rt_FIFO_extraer) refers to rt_fifo.o(.bss) for cola
    rt_fifo.o(i.rt_FIFO_inicializar) refers to drv_monitor.o(i.drv_monitor_desmarcar) for drv_monitor_desmarcar
    rt_fifo.o(i.rt_FIFO_inicializar) refers to rt_fifo.o(.data) for siguiente_a_tratar
    rt_fifo.o(i.rt_FIFO_inicializar) refers to rt_fifo.o(.bss) for stats
    rt_fifo.o(i.verificar_insertar_extraer_en_cola) refers to rt_fifo.o(i.rt_FIFO_encolar) for rt_FIFO_encolar
    rt_fifo.o(i.verificar_insertar_extraer_en_cola) refers to rt_fifo.o(i.rt_FIFO_extraer) for rt_FIFO_extraer
    rt_fifo.o(i.verificar_insertar_extraer_en_cola) refers to rt_fifo.o(i.rt_FIFO_estadisticas) for rt_FIFO_estadisticas
    rt_fifo.o(i.verificar_overflow_cola) refers to rt_fifo.o(i.rt_FIFO_encolar) for rt_FIFO_encolar
    drv_monitor.o(i.drv_monitor_desmarcar) refers to hal_gpio_nrf.o(i.hal_gpio_escribir) for hal_gpio_escribir
    drv_monitor.o(i.drv_monitor_desmarcar) refers to drv_monitor.o(.constdata) for monitors_list
    drv_monitor.o(i.drv_monitor_marcar) refers to hal_gpio_nrf.o(i.hal_gpio_escribir) for hal_gpio_escribir
    drv_monitor.o(i.drv_monitor_marcar) refers to drv_monitor.o(.constdata) for monitors_list
    drv_botones.o(i.actualizar_estado_botones) refers to drv_botones.o(i.boton_pulsado) for boton_pulsado
    drv_botones.o(i.actualizar_estado_botones) refers to srv_alarm.o(i.svc_alarma_codificar) for svc_alarma_codificar
    drv_botones.o(i.actualizar_estado_botones) refers to srv_alarm.o(i.svc_alarma_activar) for svc_alarma_activar
    drv_botones.o(i.actualizar_estado_botones) refers to drv_botones.o(.data) for estado_boton
    drv_botones.o(i.boton_equivalente_pin) refers to drv_botones.o(.data) for button_list
    drv_botones.o(i.boton_pulsado) refers to hal_ext_int_nrf.o(i.hal_ext_int_leer) for hal_ext_int_leer
    drv_botones.o(i.drv_botones_iniciar) refers to hal_ext_int_nrf.o(i.hal_ext_int_iniciar) for hal_ext_int_iniciar
    drv_botones.o(i.drv_botones_iniciar) refers to hal_gpio_nrf.o(i.hal_gpio_sentido) for hal_gpio_sentido
    drv_botones.o(i.drv_botones_iniciar) refers to hal_ext_int_nrf.o(i.hal_habilitar_int) for hal_habilitar_int
    drv_botones.o(i.drv_botones_iniciar) refers to rt_ge.o(i.svc_GE_suscribir) for svc_GE_suscribir
    drv_botones.o(i.drv_botones_iniciar) refers to drv_botones.o(i.f_callback_drv) for f_callback_drv
    drv_botones.o(i.drv_botones_iniciar) refers to drv_botones.o(.data) for estado_actual
    drv_botones.o(i.drv_botones_iniciar) refers to drv_botones.o(i.drv_botones_tratar) for drv_botones_tratar
    drv_botones.o(i.drv_botones_tratar) refers to drv_leds.o(i.drv_led_encender) for drv_led_encender
    drv_botones.o(i.drv_botones_tratar) refers to srv_alarm.o(i.svc_alarma_codificar) for svc_alarma_codificar
    drv_botones.o(i.drv_botones_tratar) refers to srv_alarm.o(i.svc_alarma_activar) for svc_alarma_activar
    drv_botones.o(i.drv_botones_tratar) refers to hal_ext_int_nrf.o(i.hal_ext_int_limpiar) for hal_ext_int_limpiar
    drv_botones.o(i.drv_botones_tratar) refers to drv_botones.o(i.actualizar_estado_botones) for actualizar_estado_botones
    drv_botones.o(i.drv_botones_tratar) refers to drv_botones.o(i.boton_pulsado) for boton_pulsado
    drv_botones.o(i.drv_botones_tratar) refers to hal_ext_int_nrf.o(i.hal_habilitar_int) for hal_habilitar_int
    drv_botones.o(i.drv_botones_tratar) refers to drv_leds.o(i.drv_led_apagar) for drv_led_apagar
    drv_botones.o(i.drv_botones_tratar) refers to drv_botones.o(.data) for estado_actual
    drv_botones.o(i.f_callback_drv) refers to hal_ext_int_nrf.o(i.hal_deshabilitar_int) for hal_deshabilitar_int
    drv_botones.o(i.f_callback_drv) refers to drv_botones.o(i.boton_equivalente_pin) for boton_equivalente_pin
    drv_botones.o(i.f_callback_drv) refers to drv_botones.o(.data) for button_list
    rt_ge.o(i.esEventoUsuario) refers to rt_ge.o(.data) for evs_USUARIO
    rt_ge.o(i.rt_GE_iniciar) refers to rt_ge.o(i.svc_GE_suscribir) for svc_GE_suscribir
    rt_ge.o(i.rt_GE_iniciar) refers to rt_ge.o(.data) for monitor_overflow
    rt_ge.o(i.rt_GE_iniciar) refers to rt_ge.o(.bss) for gestor_eventos
    rt_ge.o(i.rt_GE_iniciar) refers to rt_ge.o(i.rt_GE_tratar) for rt_GE_tratar
    rt_ge.o(i.rt_GE_lanzador) refers to hal_wdt_nrf.o(i.hal_WDT_iniciar) for hal_WDT_iniciar
    rt_ge.o(i.rt_GE_lanzador) refers to srv_alarm.o(i.svc_alarma_codificar) for svc_alarma_codificar
    rt_ge.o(i.rt_GE_lanzador) refers to srv_alarm.o(i.svc_alarma_activar) for svc_alarma_activar
    rt_ge.o(i.rt_GE_lanzador) refers to rt_fifo.o(i.rt_FIFO_extraer) for rt_FIFO_extraer
    rt_ge.o(i.rt_GE_lanzador) refers to drv_consumo.o(i.drv_consumo_esperar) for drv_consumo_esperar
    rt_ge.o(i.rt_GE_lanzador) refers to rt_ge.o(.bss) for gestor_eventos
    rt_ge.o(i.rt_GE_tratar) refers to rt_ge.o(i.esEventoUsuario) for esEventoUsuario
    rt_ge.o(i.rt_GE_tratar) refers to srv_alarm.o(i.svc_alarma_codificar) for svc_alarma_codificar
    rt_ge.o(i.rt_GE_tratar) refers to srv_alarm.o(i.svc_alarma_activar) for svc_alarma_activar
    rt_ge.o(i.rt_GE_tratar) refers to drv_consumo.o(i.drv_consumo_dormir) for drv_consumo_dormir
    rt_ge.o(i.svc_GE_cancelar) refers to rt_ge.o(.bss) for gestor_eventos
    rt_ge.o(i.svc_GE_suscribir) refers to drv_monitor.o(i.drv_monitor_marcar) for drv_monitor_marcar
    rt_ge.o(i.svc_GE_suscribir) refers to hal_wdt_nrf.o(i.hal_WDT_feed) for hal_WDT_feed
    rt_ge.o(i.svc_GE_suscribir) refers to rt_ge.o(.bss) for gestor_eventos
    rt_ge.o(i.svc_GE_suscribir) refers to rt_ge.o(.data) for monitor_overflow
    srv_alarm.o(i.svc_alarma_activar) refers to drv_sc.o(i.drv_SC_entrar_disable_irq) for drv_SC_entrar_disable_irq
    srv_alarm.o(i.svc_alarma_activar) refers to drv_sc.o(i.drv_SC_salir_enable_irq) for drv_SC_salir_enable_irq
    srv_alarm.o(i.svc_alarma_activar) refers to hal_wdt_nrf.o(i.hal_WDT_feed) for hal_WDT_feed
    srv_alarm.o(i.svc_alarma_activar) refers to drv_tiempo.o(i.drv_tiempo_actual_ms) for drv_tiempo_actual_ms
    srv_alarm.o(i.svc_alarma_activar) refers to memcpya.o(.text) for __aeabi_memcpy4
    srv_alarm.o(i.svc_alarma_activar) refers to drv_monitor.o(i.drv_monitor_marcar) for drv_monitor_marcar
    srv_alarm.o(i.svc_alarma_activar) refers to srv_alarm.o(.bss) for lista_alarmas
    srv_alarm.o(i.svc_alarma_activar) refers to srv_alarm.o(.data) for num_alarmas
    srv_alarm.o(i.svc_alarma_iniciar) refers to rt_ge.o(i.svc_GE_suscribir) for svc_GE_suscribir
    srv_alarm.o(i.svc_alarma_iniciar) refers to drv_monitor.o(i.drv_monitor_desmarcar) for drv_monitor_desmarcar
    srv_alarm.o(i.svc_alarma_iniciar) refers to drv_tiempo.o(i.drv_tiempo_periodico_ms) for drv_tiempo_periodico_ms
    srv_alarm.o(i.svc_alarma_iniciar) refers to srv_alarm.o(i.svc_alarma_tratar) for svc_alarma_tratar
    srv_alarm.o(i.svc_alarma_iniciar) refers to srv_alarm.o(.data) for callback_funcion
    srv_alarm.o(i.svc_alarma_iniciar) refers to srv_alarm.o(.bss) for lista_alarmas
    srv_alarm.o(i.svc_alarma_tratar) refers to drv_sc.o(i.drv_SC_entrar_disable_irq) for drv_SC_entrar_disable_irq
    srv_alarm.o(i.svc_alarma_tratar) refers to memcpya.o(.text) for __aeabi_memcpy4
    srv_alarm.o(i.svc_alarma_tratar) refers to drv_sc.o(i.drv_SC_salir_enable_irq) for drv_SC_salir_enable_irq
    srv_alarm.o(i.svc_alarma_tratar) refers to srv_alarm.o(.bss) for lista_alarmas
    srv_alarm.o(i.svc_alarma_tratar) refers to srv_alarm.o(.data) for callback_funcion
    drv_sc.o(i.drv_SC_entrar_disable_irq) refers to drv_sc.o(.data) for m_in_critical_region
    drv_sc.o(i.drv_SC_salir_enable_irq) refers to drv_sc.o(.data) for m_in_critical_region
    simon.o(i.leds_conmutar) refers to drv_leds.o(i.drv_led_conmutar) for drv_led_conmutar
    simon.o(i.reiniciar_juego) refers to srv_alarm.o(i.svc_alarma_codificar) for svc_alarma_codificar
    simon.o(i.reiniciar_juego) refers to srv_alarm.o(i.svc_alarma_activar) for svc_alarma_activar
    simon.o(i.reiniciar_juego) refers to simon.o(.data) for estado_simon
    simon.o(i.simon_conmutar_leds) refers to drv_leds.o(i.drv_led_conmutar) for drv_led_conmutar
    simon.o(i.simon_conmutar_leds) refers to srv_alarm.o(i.svc_alarma_codificar) for svc_alarma_codificar
    simon.o(i.simon_conmutar_leds) refers to srv_alarm.o(i.svc_alarma_activar) for svc_alarma_activar
    simon.o(i.simon_iniciar) refers to drv_consumo.o(i.drv_consumo_iniciar) for drv_consumo_iniciar
    simon.o(i.simon_iniciar) refers to rt_fifo.o(i.rt_FIFO_inicializar) for rt_FIFO_inicializar
    simon.o(i.simon_iniciar) refers to rt_ge.o(i.rt_GE_iniciar) for rt_GE_iniciar
    simon.o(i.simon_iniciar) refers to drv_tiempo.o(i.drv_tiempo_actual_ms) for drv_tiempo_actual_ms
    simon.o(i.simon_iniciar) refers to hal_random_nrf.o(i.hal_random_iniciar) for hal_random_iniciar
    simon.o(i.simon_iniciar) refers to srv_alarm.o(i.svc_alarma_iniciar) for svc_alarma_iniciar
    simon.o(i.simon_iniciar) refers to drv_botones.o(i.drv_botones_iniciar) for drv_botones_iniciar
    simon.o(i.simon_iniciar) refers to rt_ge.o(i.svc_GE_suscribir) for svc_GE_suscribir
    simon.o(i.simon_iniciar) refers to srv_alarm.o(i.svc_alarma_codificar) for svc_alarma_codificar
    simon.o(i.simon_iniciar) refers to srv_alarm.o(i.svc_alarma_activar) for svc_alarma_activar
    simon.o(i.simon_iniciar) refers to rt_ge.o(i.rt_GE_lanzador) for rt_GE_lanzador
    simon.o(i.simon_iniciar) refers to rt_fifo.o(i.rt_FIFO_encolar) for rt_FIFO_encolar
    simon.o(i.simon_iniciar) refers to simon.o(i.reiniciar_juego) for reiniciar_juego
    simon.o(i.simon_iniciar) refers to simon.o(i.simon_conmutar_leds) for simon_conmutar_leds
    simon.o(i.simon_iniciar) refers to simon.o(i.simon_mostrar_seq_juego) for simon_mostrar_seq_juego
    simon.o(i.simon_iniciar) refers to simon.o(i.simon_mostrar_seq_inicial) for simon_mostrar_seq_inicial
    simon.o(i.simon_iniciar) refers to simon.o(i.simon_tratar) for simon_tratar
    simon.o(i.simon_iniciar) refers to simon.o(.data) for estado_simon
    simon.o(i.simon_mostrar_seq_inicial) refers to simon.o(i.leds_conmutar) for leds_conmutar
    simon.o(i.simon_mostrar_seq_inicial) refers to srv_alarm.o(i.svc_alarma_codificar) for svc_alarma_codificar
    simon.o(i.simon_mostrar_seq_inicial) refers to srv_alarm.o(i.svc_alarma_activar) for svc_alarma_activar
    simon.o(i.simon_mostrar_seq_juego) refers to simon.o(i.leds_conmutar) for leds_conmutar
    simon.o(i.simon_mostrar_seq_juego) refers to srv_alarm.o(i.svc_alarma_codificar) for svc_alarma_codificar
    simon.o(i.simon_mostrar_seq_juego) refers to srv_alarm.o(i.svc_alarma_activar) for svc_alarma_activar
    simon.o(i.simon_mostrar_seq_juego) refers to simon.o(.data) for posicion_simon
    simon.o(i.simon_mostrar_seq_juego) refers to simon.o(.bss) for leds_simon
    simon.o(i.simon_tratar) refers to hal_random_nrf.o(i.hal_random_generar) for hal_random_generar
    simon.o(i.simon_tratar) refers to drv_leds.o(i.drv_led_apagar) for drv_led_apagar
    simon.o(i.simon_tratar) refers to srv_alarm.o(i.svc_alarma_codificar) for svc_alarma_codificar
    simon.o(i.simon_tratar) refers to srv_alarm.o(i.svc_alarma_activar) for svc_alarma_activar
    simon.o(i.simon_tratar) refers to simon.o(.data) for estado_simon
    simon.o(i.simon_tratar) refers to simon.o(.bss) for leds_simon
    hal_tiempo_nrf.o(i.TIMER0_IRQHandler) refers to hal_tiempo_nrf.o(.data) for timer0_int_count
    hal_tiempo_nrf.o(i.TIMER1_IRQHandler) refers to hal_tiempo_nrf.o(.data) for f_callback
    hal_tiempo_nrf.o(i.hal_tiempo_actual_tick) refers to hal_tiempo_nrf.o(.data) for timer0_int_count
    hal_tiempo_nrf.o(i.hal_tiempo_iniciar_tick) refers to hal_tiempo_nrf.o(i.__NVIC_EnableIRQ) for __NVIC_EnableIRQ
    hal_tiempo_nrf.o(i.hal_tiempo_iniciar_tick) refers to hal_tiempo_nrf.o(.data) for timer0_int_count
    hal_tiempo_nrf.o(i.hal_tiempo_reloj_periodico_tick) refers to hal_tiempo_nrf.o(i.__NVIC_EnableIRQ) for __NVIC_EnableIRQ
    hal_tiempo_nrf.o(i.hal_tiempo_reloj_periodico_tick) refers to hal_tiempo_nrf.o(.data) for f_callback
    hal_ext_int_nrf.o(i.GPIOTE_IRQHandler) refers to hal_ext_int_nrf.o(i.f_callbackIRQ) for f_callbackIRQ
    hal_ext_int_nrf.o(i.GPIOTE_IRQHandler) refers to hal_ext_int_nrf.o(.bss) for pin_a_canal
    hal_ext_int_nrf.o(i.encontrar_canal_libre) refers to hal_ext_int_nrf.o(.bss) for pin_a_canal
    hal_ext_int_nrf.o(i.f_callbackIRQ) refers to hal_ext_int_nrf.o(.data) for callback_func
    hal_ext_int_nrf.o(i.hal_deshabilitar_int) refers to hal_ext_int_nrf.o(.bss) for pin_a_canal
    hal_ext_int_nrf.o(i.hal_deshabilitar_int) refers to hal_ext_int_nrf.o(.data) for canales_ocupados
    hal_ext_int_nrf.o(i.hal_ext_int_iniciar) refers to hal_ext_int_nrf.o(.data) for callback_func
    hal_ext_int_nrf.o(i.hal_ext_int_iniciar) refers to hal_ext_int_nrf.o(.bss) for pin_a_canal
    hal_ext_int_nrf.o(i.hal_ext_int_leer) refers to hal_gpio_nrf.o(i.hal_gpio_leer) for hal_gpio_leer
    hal_ext_int_nrf.o(i.hal_ext_int_limpiar) refers to hal_ext_int_nrf.o(.data) for canales_ocupados
    hal_ext_int_nrf.o(i.hal_ext_int_limpiar) refers to hal_ext_int_nrf.o(.bss) for pin_a_canal
    hal_ext_int_nrf.o(i.hal_habilitar_int) refers to hal_ext_int_nrf.o(i.encontrar_canal_libre) for encontrar_canal_libre
    hal_ext_int_nrf.o(i.hal_habilitar_int) refers to hal_ext_int_nrf.o(.bss) for pin_a_canal
    hal_ext_int_nrf.o(i.hal_habilitar_int) refers to hal_ext_int_nrf.o(.data) for canales_ocupados
    hal_wdt_nrf.o(i.hal_WDT_feed) refers to drv_sc.o(i.drv_SC_entrar_disable_irq) for drv_SC_entrar_disable_irq
    hal_wdt_nrf.o(i.hal_WDT_feed) refers to drv_sc.o(i.drv_SC_salir_enable_irq) for drv_SC_salir_enable_irq
    hal_wdt_nrf.o(i.hal_WDT_iniciar) refers to hal_wdt_nrf.o(i.hal_WDT_feed) for hal_WDT_feed
    arm_startup_nrf52840.o(RESET) refers to arm_startup_nrf52840.o(STACK) for __initial_sp
    arm_startup_nrf52840.o(RESET) refers to arm_startup_nrf52840.o(.text) for Reset_Handler
    arm_startup_nrf52840.o(RESET) refers to hal_ext_int_nrf.o(i.GPIOTE_IRQHandler) for GPIOTE_IRQHandler
    arm_startup_nrf52840.o(RESET) refers to hal_tiempo_nrf.o(i.TIMER0_IRQHandler) for TIMER0_IRQHandler
    arm_startup_nrf52840.o(RESET) refers to hal_tiempo_nrf.o(i.TIMER1_IRQHandler) for TIMER1_IRQHandler
    arm_startup_nrf52840.o(.text) refers to system_nrf52.o(i.SystemInit) for SystemInit
    arm_startup_nrf52840.o(.text) refers to entry.o(.ARM.Collect$$$$00000000) for __main
    system_nrf52.o(i.SystemCoreClockUpdate) refers to system_nrf52.o(.data) for SystemCoreClock
    system_nrf52.o(i.SystemInit) refers to system_nrf52.o(i.nrf52_errata_36) for nrf52_errata_36
    system_nrf52.o(i.SystemInit) refers to system_nrf52.o(i.nrf52_errata_66) for nrf52_errata_66
    system_nrf52.o(i.SystemInit) refers to system_nrf52.o(i.nrf52_errata_98) for nrf52_errata_98
    system_nrf52.o(i.SystemInit) refers to system_nrf52.o(i.nrf52_errata_103) for nrf52_errata_103
    system_nrf52.o(i.SystemInit) refers to system_nrf52.o(i.nrf52_errata_115) for nrf52_errata_115
    system_nrf52.o(i.SystemInit) refers to system_nrf52.o(i.nrf52_errata_120) for nrf52_errata_120
    system_nrf52.o(i.SystemInit) refers to system_nrf52.o(i.nrf52_errata_136) for nrf52_errata_136
    system_nrf52.o(i.SystemInit) refers to system_nrf52.o(i.nrf52_configuration_249) for nrf52_configuration_249
    system_nrf52.o(i.SystemInit) refers to system_nrf52.o(i.nvmc_config) for nvmc_config
    system_nrf52.o(i.SystemInit) refers to system_nrf52.o(i.nvmc_wait) for nvmc_wait
    system_nrf52.o(i.SystemInit) refers to system_nrf52.o(i.SystemCoreClockUpdate) for SystemCoreClockUpdate
    system_nrf52.o(i.nvmc_config) refers to system_nrf52.o(i.nvmc_wait) for nvmc_wait
    entry.o(.ARM.Collect$$$$00000000) refers (Special) to entry10a.o(.ARM.Collect$$$$0000000D) for __rt_final_cpp
    entry.o(.ARM.Collect$$$$00000000) refers (Special) to entry11a.o(.ARM.Collect$$$$0000000F) for __rt_final_exit
    entry.o(.ARM.Collect$$$$00000000) refers (Special) to entry7b.o(.ARM.Collect$$$$00000008) for _main_clock
    entry.o(.ARM.Collect$$$$00000000) refers (Special) to entry8b.o(.ARM.Collect$$$$0000000A) for _main_cpp_init
    entry.o(.ARM.Collect$$$$00000000) refers (Special) to entry9a.o(.ARM.Collect$$$$0000000B) for _main_init
    entry.o(.ARM.Collect$$$$00000000) refers (Special) to entry5.o(.ARM.Collect$$$$00000004) for _main_scatterload
    entry.o(.ARM.Collect$$$$00000000) refers (Special) to entry2.o(.ARM.Collect$$$$00000001) for _main_stk
    uldiv.o(.text) refers to llushr.o(.text) for __aeabi_llsr
    uldiv.o(.text) refers to llshl.o(.text) for __aeabi_llsl
    entry2.o(.ARM.Collect$$$$00000001) refers to entry2.o(.ARM.Collect$$$$00002712) for __lit__00000000
    entry2.o(.ARM.Collect$$$$00002712) refers to arm_startup_nrf52840.o(STACK) for __initial_sp
    entry2.o(__vectab_stack_and_reset_area) refers to arm_startup_nrf52840.o(STACK) for __initial_sp
    entry2.o(__vectab_stack_and_reset_area) refers to entry.o(.ARM.Collect$$$$00000000) for __main
    entry5.o(.ARM.Collect$$$$00000004) refers to init.o(.text) for __scatterload
    entry9a.o(.ARM.Collect$$$$0000000B) refers to main.o(i.main) for main
    entry9b.o(.ARM.Collect$$$$0000000C) refers to main.o(i.main) for main
    init.o(.text) refers to entry5.o(.ARM.Collect$$$$00000004) for __main_after_scatterload


==============================================================================

Removing Unused input sections from the image.

    Removing main.o(i.iniciar_juego), (92 bytes).
    Removing main.o(i.juego), (164 bytes).
    Removing main.o(i.leds_c), (14 bytes).
    Removing main.o(i.pruebas_botones), (64 bytes).
    Removing main.o(i.test_WDT), (16 bytes).
    Removing main.o(i.test_alarmas), (72 bytes).
    Removing main.o(i.test_rt_FIFO), (14 bytes).
    Removing main.o(.data), (56 bytes).
    Removing drv_leds.o(.data), (48 bytes).
    Removing drv_tiempo.o(i.drv_tiempo_esperar_hasta_ms), (20 bytes).
    Removing drv_tiempo.o(i.drv_tiempo_esperar_ms), (24 bytes).
    Removing rt_fifo.o(i.rt_FIFO_estadisticas), (24 bytes).
    Removing rt_fifo.o(i.verificar_insertar_extraer_en_cola), (160 bytes).
    Removing rt_fifo.o(i.verificar_overflow_cola), (22 bytes).
    Removing drv_monitor.o(.data), (48 bytes).
    Removing rt_ge.o(i.svc_GE_cancelar), (96 bytes).
    Removing hal_gpio_nrf.o(.rev16_text), (4 bytes).
    Removing hal_gpio_nrf.o(.revsh_text), (4 bytes).
    Removing hal_gpio_nrf.o(.rrx_text), (6 bytes).
    Removing hal_gpio_nrf.o(i.hal_gpio_escribir_n), (48 bytes).
    Removing hal_gpio_nrf.o(i.hal_gpio_leer_n), (28 bytes).
    Removing hal_gpio_nrf.o(i.hal_gpio_sentido_n), (68 bytes).
    Removing hal_tiempo_nrf.o(.rev16_text), (4 bytes).
    Removing hal_tiempo_nrf.o(.revsh_text), (4 bytes).
    Removing hal_tiempo_nrf.o(.rrx_text), (6 bytes).
    Removing hal_consumo_nrf.o(.rev16_text), (4 bytes).
    Removing hal_consumo_nrf.o(.revsh_text), (4 bytes).
    Removing hal_consumo_nrf.o(.rrx_text), (6 bytes).
    Removing hal_ext_int_nrf.o(.rev16_text), (4 bytes).
    Removing hal_ext_int_nrf.o(.revsh_text), (4 bytes).
    Removing hal_ext_int_nrf.o(.rrx_text), (6 bytes).
    Removing hal_ext_int_nrf.o(i.hal_deshabilitar_despertar), (20 bytes).
    Removing hal_ext_int_nrf.o(i.hal_habilitar_despertar), (24 bytes).
    Removing hal_wdt_nrf.o(.rev16_text), (4 bytes).
    Removing hal_wdt_nrf.o(.revsh_text), (4 bytes).
    Removing hal_wdt_nrf.o(.rrx_text), (6 bytes).
    Removing hal_random_nrf.o(.rev16_text), (4 bytes).
    Removing hal_random_nrf.o(.revsh_text), (4 bytes).
    Removing hal_random_nrf.o(.rrx_text), (6 bytes).
    Removing arm_startup_nrf52840.o(HEAP), (16384 bytes).
    Removing system_nrf52.o(.rev16_text), (4 bytes).
    Removing system_nrf52.o(.revsh_text), (4 bytes).
    Removing system_nrf52.o(.rrx_text), (6 bytes).
    Removing system_nrf52.o(i.nrf52_configuration_254), (68 bytes).
    Removing system_nrf52.o(i.nrf52_configuration_255), (4 bytes).
    Removing system_nrf52.o(i.nrf52_configuration_256), (4 bytes).
    Removing system_nrf52.o(i.nrf52_configuration_257), (4 bytes).
    Removing system_nrf52.o(i.nrf52_errata_1), (4 bytes).
    Removing system_nrf52.o(i.nrf52_errata_10), (4 bytes).
    Removing system_nrf52.o(i.nrf52_errata_101), (4 bytes).
    Removing system_nrf52.o(i.nrf52_errata_102), (4 bytes).
    Removing system_nrf52.o(i.nrf52_errata_104), (68 bytes).
    Removing system_nrf52.o(i.nrf52_errata_106), (4 bytes).
    Removing system_nrf52.o(i.nrf52_errata_107), (4 bytes).
    Removing system_nrf52.o(i.nrf52_errata_108), (4 bytes).
    Removing system_nrf52.o(i.nrf52_errata_109), (4 bytes).
    Removing system_nrf52.o(i.nrf52_errata_11), (4 bytes).
    Removing system_nrf52.o(i.nrf52_errata_110), (68 bytes).
    Removing system_nrf52.o(i.nrf52_errata_111), (68 bytes).
    Removing system_nrf52.o(i.nrf52_errata_112), (68 bytes).
    Removing system_nrf52.o(i.nrf52_errata_113), (68 bytes).
    Removing system_nrf52.o(i.nrf52_errata_116), (68 bytes).
    Removing system_nrf52.o(i.nrf52_errata_117), (68 bytes).
    Removing system_nrf52.o(i.nrf52_errata_118), (68 bytes).
    Removing system_nrf52.o(i.nrf52_errata_119), (68 bytes).
    Removing system_nrf52.o(i.nrf52_errata_12), (4 bytes).
    Removing system_nrf52.o(i.nrf52_errata_121), (68 bytes).
    Removing system_nrf52.o(i.nrf52_errata_122), (68 bytes).
    Removing system_nrf52.o(i.nrf52_errata_127), (68 bytes).
    Removing system_nrf52.o(i.nrf52_errata_128), (68 bytes).
    Removing system_nrf52.o(i.nrf52_errata_131), (68 bytes).
    Removing system_nrf52.o(i.nrf52_errata_132), (4 bytes).
    Removing system_nrf52.o(i.nrf52_errata_133), (68 bytes).
    Removing system_nrf52.o(i.nrf52_errata_134), (68 bytes).
    Removing system_nrf52.o(i.nrf52_errata_135), (68 bytes).
    Removing system_nrf52.o(i.nrf52_errata_138), (4 bytes).
    Removing system_nrf52.o(i.nrf52_errata_140), (68 bytes).
    Removing system_nrf52.o(i.nrf52_errata_141), (4 bytes).
    Removing system_nrf52.o(i.nrf52_errata_142), (68 bytes).
    Removing system_nrf52.o(i.nrf52_errata_143), (68 bytes).
    Removing system_nrf52.o(i.nrf52_errata_144), (68 bytes).
    Removing system_nrf52.o(i.nrf52_errata_145), (68 bytes).
    Removing system_nrf52.o(i.nrf52_errata_146), (4 bytes).
    Removing system_nrf52.o(i.nrf52_errata_147), (68 bytes).
    Removing system_nrf52.o(i.nrf52_errata_149), (4 bytes).
    Removing system_nrf52.o(i.nrf52_errata_15), (68 bytes).
    Removing system_nrf52.o(i.nrf52_errata_150), (68 bytes).
    Removing system_nrf52.o(i.nrf52_errata_151), (68 bytes).
    Removing system_nrf52.o(i.nrf52_errata_153), (68 bytes).
    Removing system_nrf52.o(i.nrf52_errata_154), (68 bytes).
    Removing system_nrf52.o(i.nrf52_errata_155), (68 bytes).
    Removing system_nrf52.o(i.nrf52_errata_156), (68 bytes).
    Removing system_nrf52.o(i.nrf52_errata_158), (68 bytes).
    Removing system_nrf52.o(i.nrf52_errata_16), (4 bytes).
    Removing system_nrf52.o(i.nrf52_errata_160), (68 bytes).
    Removing system_nrf52.o(i.nrf52_errata_162), (68 bytes).
    Removing system_nrf52.o(i.nrf52_errata_163), (4 bytes).
    Removing system_nrf52.o(i.nrf52_errata_164), (68 bytes).
    Removing system_nrf52.o(i.nrf52_errata_166), (68 bytes).
    Removing system_nrf52.o(i.nrf52_errata_17), (4 bytes).
    Removing system_nrf52.o(i.nrf52_errata_170), (68 bytes).
    Removing system_nrf52.o(i.nrf52_errata_171), (68 bytes).
    Removing system_nrf52.o(i.nrf52_errata_172), (68 bytes).
    Removing system_nrf52.o(i.nrf52_errata_173), (68 bytes).
    Removing system_nrf52.o(i.nrf52_errata_174), (68 bytes).
    Removing system_nrf52.o(i.nrf52_errata_176), (68 bytes).
    Removing system_nrf52.o(i.nrf52_errata_178), (4 bytes).
    Removing system_nrf52.o(i.nrf52_errata_179), (68 bytes).
    Removing system_nrf52.o(i.nrf52_errata_180), (68 bytes).
    Removing system_nrf52.o(i.nrf52_errata_181), (68 bytes).
    Removing system_nrf52.o(i.nrf52_errata_182), (4 bytes).
    Removing system_nrf52.o(i.nrf52_errata_183), (68 bytes).
    Removing system_nrf52.o(i.nrf52_errata_184), (68 bytes).
    Removing system_nrf52.o(i.nrf52_errata_186), (68 bytes).
    Removing system_nrf52.o(i.nrf52_errata_187), (68 bytes).
    Removing system_nrf52.o(i.nrf52_errata_189), (68 bytes).
    Removing system_nrf52.o(i.nrf52_errata_190), (68 bytes).
    Removing system_nrf52.o(i.nrf52_errata_191), (68 bytes).
    Removing system_nrf52.o(i.nrf52_errata_192), (68 bytes).
    Removing system_nrf52.o(i.nrf52_errata_193), (68 bytes).
    Removing system_nrf52.o(i.nrf52_errata_194), (68 bytes).
    Removing system_nrf52.o(i.nrf52_errata_195), (68 bytes).
    Removing system_nrf52.o(i.nrf52_errata_196), (68 bytes).
    Removing system_nrf52.o(i.nrf52_errata_197), (68 bytes).
    Removing system_nrf52.o(i.nrf52_errata_198), (68 bytes).
    Removing system_nrf52.o(i.nrf52_errata_199), (68 bytes).
    Removing system_nrf52.o(i.nrf52_errata_2), (4 bytes).
    Removing system_nrf52.o(i.nrf52_errata_20), (68 bytes).
    Removing system_nrf52.o(i.nrf52_errata_200), (68 bytes).
    Removing system_nrf52.o(i.nrf52_errata_201), (68 bytes).
    Removing system_nrf52.o(i.nrf52_errata_202), (68 bytes).
    Removing system_nrf52.o(i.nrf52_errata_204), (68 bytes).
    Removing system_nrf52.o(i.nrf52_errata_208), (68 bytes).
    Removing system_nrf52.o(i.nrf52_errata_209), (68 bytes).
    Removing system_nrf52.o(i.nrf52_errata_210), (68 bytes).
    Removing system_nrf52.o(i.nrf52_errata_211), (68 bytes).
    Removing system_nrf52.o(i.nrf52_errata_212), (68 bytes).
    Removing system_nrf52.o(i.nrf52_errata_213), (68 bytes).
    Removing system_nrf52.o(i.nrf52_errata_214), (68 bytes).
    Removing system_nrf52.o(i.nrf52_errata_215), (68 bytes).
    Removing system_nrf52.o(i.nrf52_errata_216), (68 bytes).
    Removing system_nrf52.o(i.nrf52_errata_217), (4 bytes).
    Removing system_nrf52.o(i.nrf52_errata_218), (68 bytes).
    Removing system_nrf52.o(i.nrf52_errata_219), (68 bytes).
    Removing system_nrf52.o(i.nrf52_errata_220), (4 bytes).
    Removing system_nrf52.o(i.nrf52_errata_223), (4 bytes).
    Removing system_nrf52.o(i.nrf52_errata_225), (4 bytes).
    Removing system_nrf52.o(i.nrf52_errata_228), (68 bytes).
    Removing system_nrf52.o(i.nrf52_errata_23), (4 bytes).
    Removing system_nrf52.o(i.nrf52_errata_230), (4 bytes).
    Removing system_nrf52.o(i.nrf52_errata_231), (4 bytes).
    Removing system_nrf52.o(i.nrf52_errata_232), (4 bytes).
    Removing system_nrf52.o(i.nrf52_errata_233), (68 bytes).
    Removing system_nrf52.o(i.nrf52_errata_236), (68 bytes).
    Removing system_nrf52.o(i.nrf52_errata_237), (68 bytes).
    Removing system_nrf52.o(i.nrf52_errata_24), (4 bytes).
    Removing system_nrf52.o(i.nrf52_errata_242), (68 bytes).
    Removing system_nrf52.o(i.nrf52_errata_243), (68 bytes).
    Removing system_nrf52.o(i.nrf52_errata_244), (68 bytes).
    Removing system_nrf52.o(i.nrf52_errata_245), (68 bytes).
    Removing system_nrf52.o(i.nrf52_errata_246), (68 bytes).
    Removing system_nrf52.o(i.nrf52_errata_248), (68 bytes).
    Removing system_nrf52.o(i.nrf52_errata_25), (4 bytes).
    Removing system_nrf52.o(i.nrf52_errata_250), (4 bytes).
    Removing system_nrf52.o(i.nrf52_errata_26), (4 bytes).
    Removing system_nrf52.o(i.nrf52_errata_27), (4 bytes).
    Removing system_nrf52.o(i.nrf52_errata_28), (4 bytes).
    Removing system_nrf52.o(i.nrf52_errata_29), (4 bytes).
    Removing system_nrf52.o(i.nrf52_errata_3), (4 bytes).
    Removing system_nrf52.o(i.nrf52_errata_30), (4 bytes).
    Removing system_nrf52.o(i.nrf52_errata_31), (4 bytes).
    Removing system_nrf52.o(i.nrf52_errata_32), (4 bytes).
    Removing system_nrf52.o(i.nrf52_errata_33), (4 bytes).
    Removing system_nrf52.o(i.nrf52_errata_34), (4 bytes).
    Removing system_nrf52.o(i.nrf52_errata_35), (4 bytes).
    Removing system_nrf52.o(i.nrf52_errata_37), (4 bytes).
    Removing system_nrf52.o(i.nrf52_errata_38), (4 bytes).
    Removing system_nrf52.o(i.nrf52_errata_39), (4 bytes).
    Removing system_nrf52.o(i.nrf52_errata_4), (4 bytes).
    Removing system_nrf52.o(i.nrf52_errata_40), (4 bytes).
    Removing system_nrf52.o(i.nrf52_errata_41), (4 bytes).
    Removing system_nrf52.o(i.nrf52_errata_42), (4 bytes).
    Removing system_nrf52.o(i.nrf52_errata_43), (4 bytes).
    Removing system_nrf52.o(i.nrf52_errata_44), (4 bytes).
    Removing system_nrf52.o(i.nrf52_errata_46), (4 bytes).
    Removing system_nrf52.o(i.nrf52_errata_47), (4 bytes).
    Removing system_nrf52.o(i.nrf52_errata_48), (4 bytes).
    Removing system_nrf52.o(i.nrf52_errata_49), (4 bytes).
    Removing system_nrf52.o(i.nrf52_errata_51), (4 bytes).
    Removing system_nrf52.o(i.nrf52_errata_54), (68 bytes).
    Removing system_nrf52.o(i.nrf52_errata_55), (68 bytes).
    Removing system_nrf52.o(i.nrf52_errata_57), (4 bytes).
    Removing system_nrf52.o(i.nrf52_errata_58), (68 bytes).
    Removing system_nrf52.o(i.nrf52_errata_62), (4 bytes).
    Removing system_nrf52.o(i.nrf52_errata_63), (4 bytes).
    Removing system_nrf52.o(i.nrf52_errata_64), (4 bytes).
    Removing system_nrf52.o(i.nrf52_errata_65), (4 bytes).
    Removing system_nrf52.o(i.nrf52_errata_67), (4 bytes).
    Removing system_nrf52.o(i.nrf52_errata_68), (68 bytes).
    Removing system_nrf52.o(i.nrf52_errata_7), (4 bytes).
    Removing system_nrf52.o(i.nrf52_errata_70), (4 bytes).
    Removing system_nrf52.o(i.nrf52_errata_71), (4 bytes).
    Removing system_nrf52.o(i.nrf52_errata_72), (4 bytes).
    Removing system_nrf52.o(i.nrf52_errata_73), (4 bytes).
    Removing system_nrf52.o(i.nrf52_errata_74), (4 bytes).
    Removing system_nrf52.o(i.nrf52_errata_75), (4 bytes).
    Removing system_nrf52.o(i.nrf52_errata_76), (4 bytes).
    Removing system_nrf52.o(i.nrf52_errata_77), (4 bytes).
    Removing system_nrf52.o(i.nrf52_errata_78), (68 bytes).
    Removing system_nrf52.o(i.nrf52_errata_79), (4 bytes).
    Removing system_nrf52.o(i.nrf52_errata_8), (4 bytes).
    Removing system_nrf52.o(i.nrf52_errata_81), (68 bytes).
    Removing system_nrf52.o(i.nrf52_errata_83), (68 bytes).
    Removing system_nrf52.o(i.nrf52_errata_84), (4 bytes).
    Removing system_nrf52.o(i.nrf52_errata_86), (4 bytes).
    Removing system_nrf52.o(i.nrf52_errata_87), (68 bytes).
    Removing system_nrf52.o(i.nrf52_errata_88), (4 bytes).
    Removing system_nrf52.o(i.nrf52_errata_89), (68 bytes).
    Removing system_nrf52.o(i.nrf52_errata_9), (4 bytes).
    Removing system_nrf52.o(i.nrf52_errata_91), (4 bytes).
    Removing system_nrf52.o(i.nrf52_errata_94), (68 bytes).
    Removing system_nrf52.o(i.nrf52_errata_96), (68 bytes).
    Removing system_nrf52.o(i.nrf52_errata_97), (68 bytes).

223 unused section(s) (total 24596 bytes) removed from the image.

==============================================================================

Image Symbol Table

    Local Symbols

    Symbol Name                              Value     Ov Type        Size  Object(Section)

    RESET                                    0x00000000   Section      512  arm_startup_nrf52840.o(RESET)
    ../clib/microlib/division.c              0x00000000   Number         0  uldiv.o ABSOLUTE
    ../clib/microlib/init/entry.s            0x00000000   Number         0  entry7a.o ABSOLUTE
    ../clib/microlib/init/entry.s            0x00000000   Number         0  entry8a.o ABSOLUTE
    ../clib/microlib/init/entry.s            0x00000000   Number         0  entry8b.o ABSOLUTE
    ../clib/microlib/init/entry.s            0x00000000   Number         0  entry.o ABSOLUTE
    ../clib/microlib/init/entry.s            0x00000000   Number         0  entry5.o ABSOLUTE
    ../clib/microlib/init/entry.s            0x00000000   Number         0  entry7b.o ABSOLUTE
    ../clib/microlib/init/entry.s            0x00000000   Number         0  entry9a.o ABSOLUTE
    ../clib/microlib/init/entry.s            0x00000000   Number         0  entry9b.o ABSOLUTE
    ../clib/microlib/init/entry.s            0x00000000   Number         0  entry10a.o ABSOLUTE
    ../clib/microlib/init/entry.s            0x00000000   Number         0  entry10b.o ABSOLUTE
    ../clib/microlib/init/entry.s            0x00000000   Number         0  entry11a.o ABSOLUTE
    ../clib/microlib/init/entry.s            0x00000000   Number         0  entry11b.o ABSOLUTE
    ../clib/microlib/init/entry.s            0x00000000   Number         0  entry2.o ABSOLUTE
    ../clib/microlib/longlong.c              0x00000000   Number         0  llushr.o ABSOLUTE
    ../clib/microlib/longlong.c              0x00000000   Number         0  llshl.o ABSOLUTE
    ../clib/microlib/string/memcpy.c         0x00000000   Number         0  memcpya.o ABSOLUTE
    ../clib/microlib/string/memcpy.c         0x00000000   Number         0  memcpyb.o ABSOLUTE
    ..\..\src\drv_SC.c                       0x00000000   Number         0  drv_sc.o ABSOLUTE
    ..\..\src\drv_botones.c                  0x00000000   Number         0  drv_botones.o ABSOLUTE
    ..\..\src\drv_consumo.c                  0x00000000   Number         0  drv_consumo.o ABSOLUTE
    ..\..\src\drv_leds.c                     0x00000000   Number         0  drv_leds.o ABSOLUTE
    ..\..\src\drv_monitor.c                  0x00000000   Number         0  drv_monitor.o ABSOLUTE
    ..\..\src\drv_tiempo.c                   0x00000000   Number         0  drv_tiempo.o ABSOLUTE
    ..\..\src\main.c                         0x00000000   Number         0  main.o ABSOLUTE
    ..\..\src\rt_GE.c                        0x00000000   Number         0  rt_ge.o ABSOLUTE
    ..\..\src\rt_fifo.c                      0x00000000   Number         0  rt_fifo.o ABSOLUTE
    ..\..\src\simon.c                        0x00000000   Number         0  simon.o ABSOLUTE
    ..\..\src\srv_alarm.c                    0x00000000   Number         0  srv_alarm.o ABSOLUTE
    ..\\src_nrf\\hal_WDT_nrf.c               0x00000000   Number         0  hal_wdt_nrf.o ABSOLUTE
    ..\\src_nrf\\hal_consumo_nrf.c           0x00000000   Number         0  hal_consumo_nrf.o ABSOLUTE
    ..\\src_nrf\\hal_ext_int_nrf.c           0x00000000   Number         0  hal_ext_int_nrf.o ABSOLUTE
    ..\\src_nrf\\hal_gpio_nrf.c              0x00000000   Number         0  hal_gpio_nrf.o ABSOLUTE
    ..\\src_nrf\\hal_random_nrf.c            0x00000000   Number         0  hal_random_nrf.o ABSOLUTE
    ..\\src_nrf\\hal_tiempo_nrf.c            0x00000000   Number         0  hal_tiempo_nrf.o ABSOLUTE
    ..\src_nrf\hal_WDT_nrf.c                 0x00000000   Number         0  hal_wdt_nrf.o ABSOLUTE
    ..\src_nrf\hal_consumo_nrf.c             0x00000000   Number         0  hal_consumo_nrf.o ABSOLUTE
    ..\src_nrf\hal_ext_int_nrf.c             0x00000000   Number         0  hal_ext_int_nrf.o ABSOLUTE
    ..\src_nrf\hal_gpio_nrf.c                0x00000000   Number         0  hal_gpio_nrf.o ABSOLUTE
    ..\src_nrf\hal_random_nrf.c              0x00000000   Number         0  hal_random_nrf.o ABSOLUTE
    ..\src_nrf\hal_tiempo_nrf.c              0x00000000   Number         0  hal_tiempo_nrf.o ABSOLUTE
    RTE\Device\nRF52840_xxAA\arm_startup_nrf52840.s 0x00000000   Number         0  arm_startup_nrf52840.o ABSOLUTE
    RTE\Device\nRF52840_xxAA\system_nrf52.c  0x00000000   Number         0  system_nrf52.o ABSOLUTE
    RTE\\Device\\nRF52840_xxAA\\system_nrf52.c 0x00000000   Number         0  system_nrf52.o ABSOLUTE
    dc.s                                     0x00000000   Number         0  dc.o ABSOLUTE
    handlers.s                               0x00000000   Number         0  handlers.o ABSOLUTE
    init.s                                   0x00000000   Number         0  init.o ABSOLUTE
    .ARM.Collect$$$$00000000                 0x00000200   Section        0  entry.o(.ARM.Collect$$$$00000000)
    .ARM.Collect$$$$00000001                 0x00000200   Section        4  entry2.o(.ARM.Collect$$$$00000001)
    .ARM.Collect$$$$00000004                 0x00000204   Section        4  entry5.o(.ARM.Collect$$$$00000004)
    .ARM.Collect$$$$00000008                 0x00000208   Section        0  entry7b.o(.ARM.Collect$$$$00000008)
    .ARM.Collect$$$$0000000A                 0x00000208   Section        0  entry8b.o(.ARM.Collect$$$$0000000A)
    .ARM.Collect$$$$0000000B                 0x00000208   Section        8  entry9a.o(.ARM.Collect$$$$0000000B)
    .ARM.Collect$$$$0000000D                 0x00000210   Section        0  entry10a.o(.ARM.Collect$$$$0000000D)
    .ARM.Collect$$$$0000000F                 0x00000210   Section        0  entry11a.o(.ARM.Collect$$$$0000000F)
    .ARM.Collect$$$$00002712                 0x00000210   Section        4  entry2.o(.ARM.Collect$$$$00002712)
    __lit__00000000                          0x00000210   Data           4  entry2.o(.ARM.Collect$$$$00002712)
    .text                                    0x00000214   Section       36  arm_startup_nrf52840.o(.text)
    $v0                                      0x00000214   Number         0  arm_startup_nrf52840.o(.text)
    .text                                    0x00000238   Section        0  uldiv.o(.text)
    .text                                    0x0000029a   Section        0  memcpya.o(.text)
    .text                                    0x000002be   Section        0  llshl.o(.text)
    .text                                    0x000002dc   Section        0  llushr.o(.text)
    .text                                    0x000002fc   Section       36  init.o(.text)
    i.GPIOTE_IRQHandler                      0x00000320   Section        0  hal_ext_int_nrf.o(i.GPIOTE_IRQHandler)
    i.SystemCoreClockUpdate                  0x00000350   Section        0  system_nrf52.o(i.SystemCoreClockUpdate)
    i.SystemInit                             0x00000360   Section        0  system_nrf52.o(i.SystemInit)
    i.TIMER0_IRQHandler                      0x00000580   Section        0  hal_tiempo_nrf.o(i.TIMER0_IRQHandler)
    i.TIMER1_IRQHandler                      0x000005b0   Section        0  hal_tiempo_nrf.o(i.TIMER1_IRQHandler)
    i.__NVIC_EnableIRQ                       0x000005d4   Section        0  hal_tiempo_nrf.o(i.__NVIC_EnableIRQ)
    __NVIC_EnableIRQ                         0x000005d5   Thumb Code    26  hal_tiempo_nrf.o(i.__NVIC_EnableIRQ)
    i.__scatterload_copy                     0x000005ee   Section       14  handlers.o(i.__scatterload_copy)
    i.__scatterload_null                     0x000005fc   Section        2  handlers.o(i.__scatterload_null)
    i.__scatterload_zeroinit                 0x000005fe   Section       14  handlers.o(i.__scatterload_zeroinit)
    i.actualizar_estado_botones              0x0000060c   Section        0  drv_botones.o(i.actualizar_estado_botones)
    i.boton_equivalente_pin                  0x0000068c   Section        0  drv_botones.o(i.boton_equivalente_pin)
    i.boton_pulsado                          0x000006b0   Section        0  drv_botones.o(i.boton_pulsado)
    i.drv_SC_entrar_disable_irq              0x000006c4   Section        0  drv_sc.o(i.drv_SC_entrar_disable_irq)
    i.drv_SC_salir_enable_irq                0x000006dc   Section        0  drv_sc.o(i.drv_SC_salir_enable_irq)
    i.drv_botones_iniciar                    0x000006f4   Section        0  drv_botones.o(i.drv_botones_iniciar)
    i.drv_botones_tratar                     0x0000076c   Section        0  drv_botones.o(i.drv_botones_tratar)
    i.drv_consumo_dormir                     0x00000860   Section        0  drv_consumo.o(i.drv_consumo_dormir)
    i.drv_consumo_esperar                    0x00000878   Section        0  drv_consumo.o(i.drv_consumo_esperar)
    i.drv_consumo_iniciar                    0x000008c8   Section        0  drv_consumo.o(i.drv_consumo_iniciar)
    i.drv_led_apagar                         0x000008f0   Section        0  drv_leds.o(i.drv_led_apagar)
    i.drv_led_conmutar                       0x00000910   Section        0  drv_leds.o(i.drv_led_conmutar)
    i.drv_led_encender                       0x00000938   Section        0  drv_leds.o(i.drv_led_encender)
    i.drv_leds_iniciar                       0x00000954   Section        0  drv_leds.o(i.drv_leds_iniciar)
    i.drv_monitor_desmarcar                  0x00000978   Section        0  drv_monitor.o(i.drv_monitor_desmarcar)
    i.drv_monitor_iniciar                    0x00000998   Section        0  drv_monitor.o(i.drv_monitor_iniciar)
    i.drv_monitor_marcar                     0x0000099c   Section        0  drv_monitor.o(i.drv_monitor_marcar)
    i.drv_tiempo_actual_ms                   0x000009b8   Section        0  drv_tiempo.o(i.drv_tiempo_actual_ms)
    i.drv_tiempo_actual_us                   0x000009d4   Section        0  drv_tiempo.o(i.drv_tiempo_actual_us)
    i.drv_tiempo_iniciar                     0x00000a0c   Section        0  drv_tiempo.o(i.drv_tiempo_iniciar)
    i.drv_tiempo_periodico_ms                0x00000a1c   Section        0  drv_tiempo.o(i.drv_tiempo_periodico_ms)
    i.encontrar_canal_libre                  0x00000a5c   Section        0  hal_ext_int_nrf.o(i.encontrar_canal_libre)
    i.esEventoUsuario                        0x00000a7c   Section        0  rt_ge.o(i.esEventoUsuario)
    i.f_callbackIRQ                          0x00000a9c   Section        0  hal_ext_int_nrf.o(i.f_callbackIRQ)
    i.f_callback_driver                      0x00000ab0   Section        0  drv_tiempo.o(i.f_callback_driver)
    i.f_callback_drv                         0x00000ad0   Section        0  drv_botones.o(i.f_callback_drv)
    i.hal_WDT_feed                           0x00000b08   Section        0  hal_wdt_nrf.o(i.hal_WDT_feed)
    i.hal_WDT_iniciar                        0x00000b24   Section        0  hal_wdt_nrf.o(i.hal_WDT_iniciar)
    i.hal_consumo_dormir                     0x00000b58   Section        0  hal_consumo_nrf.o(i.hal_consumo_dormir)
    i.hal_consumo_esperar                    0x00000b68   Section        0  hal_consumo_nrf.o(i.hal_consumo_esperar)
    i.hal_consumo_iniciar                    0x00000b6c   Section        0  hal_consumo_nrf.o(i.hal_consumo_iniciar)
    i.hal_deshabilitar_int                   0x00000b70   Section        0  hal_ext_int_nrf.o(i.hal_deshabilitar_int)
    i.hal_ext_int_iniciar                    0x00000c00   Section        0  hal_ext_int_nrf.o(i.hal_ext_int_iniciar)
    i.hal_ext_int_leer                       0x00000c48   Section        0  hal_ext_int_nrf.o(i.hal_ext_int_leer)
    i.hal_ext_int_limpiar                    0x00000c54   Section        0  hal_ext_int_nrf.o(i.hal_ext_int_limpiar)
    i.hal_gpio_escribir                      0x00000c9c   Section        0  hal_gpio_nrf.o(i.hal_gpio_escribir)
    i.hal_gpio_iniciar                       0x00000cbc   Section        0  hal_gpio_nrf.o(i.hal_gpio_iniciar)
    i.hal_gpio_leer                          0x00000cc8   Section        0  hal_gpio_nrf.o(i.hal_gpio_leer)
    i.hal_gpio_sentido                       0x00000ce4   Section        0  hal_gpio_nrf.o(i.hal_gpio_sentido)
    i.hal_habilitar_int                      0x00000d08   Section        0  hal_ext_int_nrf.o(i.hal_habilitar_int)
    i.hal_random_generar                     0x00000d8c   Section        0  hal_random_nrf.o(i.hal_random_generar)
    i.hal_random_iniciar                     0x00000dc8   Section        0  hal_random_nrf.o(i.hal_random_iniciar)
    i.hal_tiempo_actual_tick                 0x00000de8   Section        0  hal_tiempo_nrf.o(i.hal_tiempo_actual_tick)
    i.hal_tiempo_iniciar_tick                0x00000e18   Section        0  hal_tiempo_nrf.o(i.hal_tiempo_iniciar_tick)
    i.hal_tiempo_reloj_periodico_tick        0x00000e74   Section        0  hal_tiempo_nrf.o(i.hal_tiempo_reloj_periodico_tick)
    i.leds_conmutar                          0x00000f18   Section        0  simon.o(i.leds_conmutar)
    i.main                                   0x00000f26   Section        0  main.o(i.main)
    i.nrf52_configuration_249                0x00000f3c   Section        0  system_nrf52.o(i.nrf52_configuration_249)
    nrf52_configuration_249                  0x00000f3d   Thumb Code    62  system_nrf52.o(i.nrf52_configuration_249)
    i.nrf52_errata_103                       0x00000f80   Section        0  system_nrf52.o(i.nrf52_errata_103)
    nrf52_errata_103                         0x00000f81   Thumb Code    62  system_nrf52.o(i.nrf52_errata_103)
    i.nrf52_errata_115                       0x00000fc4   Section        0  system_nrf52.o(i.nrf52_errata_115)
    nrf52_errata_115                         0x00000fc5   Thumb Code    62  system_nrf52.o(i.nrf52_errata_115)
    i.nrf52_errata_120                       0x00001008   Section        0  system_nrf52.o(i.nrf52_errata_120)
    nrf52_errata_120                         0x00001009   Thumb Code    62  system_nrf52.o(i.nrf52_errata_120)
    i.nrf52_errata_136                       0x0000104c   Section        0  system_nrf52.o(i.nrf52_errata_136)
    nrf52_errata_136                         0x0000104d   Thumb Code    62  system_nrf52.o(i.nrf52_errata_136)
    i.nrf52_errata_36                        0x00001090   Section        0  system_nrf52.o(i.nrf52_errata_36)
    nrf52_errata_36                          0x00001091   Thumb Code    62  system_nrf52.o(i.nrf52_errata_36)
    i.nrf52_errata_66                        0x000010d4   Section        0  system_nrf52.o(i.nrf52_errata_66)
    nrf52_errata_66                          0x000010d5   Thumb Code    62  system_nrf52.o(i.nrf52_errata_66)
    i.nrf52_errata_98                        0x00001118   Section        0  system_nrf52.o(i.nrf52_errata_98)
    nrf52_errata_98                          0x00001119   Thumb Code    62  system_nrf52.o(i.nrf52_errata_98)
    i.nvmc_config                            0x0000115c   Section        0  system_nrf52.o(i.nvmc_config)
    i.nvmc_wait                              0x00001170   Section        0  system_nrf52.o(i.nvmc_wait)
    i.reiniciar_juego                        0x00001180   Section        0  simon.o(i.reiniciar_juego)
    i.rt_FIFO_encolar                        0x000011d4   Section        0  rt_fifo.o(i.rt_FIFO_encolar)
    i.rt_FIFO_extraer                        0x0000128c   Section        0  rt_fifo.o(i.rt_FIFO_extraer)
    i.rt_FIFO_inicializar                    0x00001308   Section        0  rt_fifo.o(i.rt_FIFO_inicializar)
    i.rt_GE_iniciar                          0x00001354   Section        0  rt_ge.o(i.rt_GE_iniciar)
    i.rt_GE_lanzador                         0x000013ac   Section        0  rt_ge.o(i.rt_GE_lanzador)
    i.rt_GE_tratar                           0x00001418   Section        0  rt_ge.o(i.rt_GE_tratar)
    i.simon_conmutar_leds                    0x00001446   Section        0  simon.o(i.simon_conmutar_leds)
    i.simon_iniciar                          0x0000148c   Section        0  simon.o(i.simon_iniciar)
    i.simon_mostrar_seq_inicial              0x00001544   Section        0  simon.o(i.simon_mostrar_seq_inicial)
    i.simon_mostrar_seq_juego                0x00001584   Section        0  simon.o(i.simon_mostrar_seq_juego)
    i.simon_tratar                           0x000015ec   Section        0  simon.o(i.simon_tratar)
    i.svc_GE_suscribir                       0x00001768   Section        0  rt_ge.o(i.svc_GE_suscribir)
    i.svc_alarma_activar                     0x000017e0   Section        0  srv_alarm.o(i.svc_alarma_activar)
    i.svc_alarma_codificar                   0x0000193c   Section        0  srv_alarm.o(i.svc_alarma_codificar)
    i.svc_alarma_iniciar                     0x0000194c   Section        0  srv_alarm.o(i.svc_alarma_iniciar)
    i.svc_alarma_tratar                      0x000019a8   Section        0  srv_alarm.o(i.svc_alarma_tratar)
    .constdata                               0x00001a84   Section        4  drv_leds.o(.constdata)
    led_list                                 0x00001a84   Data           4  drv_leds.o(.constdata)
    .constdata                               0x00001a88   Section        4  drv_monitor.o(.constdata)
    monitors_list                            0x00001a88   Data           4  drv_monitor.o(.constdata)
    .data                                    0x20000000   Section       16  drv_tiempo.o(.data)
    HAL_TICKS2US_T0                          0x20000000   Data           4  drv_tiempo.o(.data)
    HAL_TICKS2US_T1                          0x20000004   Data           4  drv_tiempo.o(.data)
    f_callback                               0x20000008   Data           4  drv_tiempo.o(.data)
    ID_EVENTO                                0x2000000c   Data           4  drv_tiempo.o(.data)
    .data                                    0x20000010   Section       60  drv_consumo.o(.data)
    leds_juego                               0x20000010   Data          48  drv_consumo.o(.data)
    NUM_MONITORES                            0x20000040   Data           4  drv_consumo.o(.data)
    MON_WAIT                                 0x20000044   Data           4  drv_consumo.o(.data)
    MON_DORMIR                               0x20000048   Data           4  drv_consumo.o(.data)
    .data                                    0x2000004c   Section       12  rt_fifo.o(.data)
    siguiente_a_tratar                       0x2000004c   Data           1  rt_fifo.o(.data)
    indice_cola                              0x2000004d   Data           1  rt_fifo.o(.data)
    MON_OVERFLOW                             0x20000050   Data           4  rt_fifo.o(.data)
    eventos_sin_tratar                       0x20000054   Data           4  rt_fifo.o(.data)
    .data                                    0x20000058   Section       76  drv_botones.o(.data)
    leds_juego                               0x20000058   Data          48  drv_botones.o(.data)
    estado_boton                             0x20000088   Data           4  drv_botones.o(.data)
    estaReseteando                           0x2000008c   Data           1  drv_botones.o(.data)
    button_list                              0x20000090   Data          16  drv_botones.o(.data)
    f_callback                               0x200000a0   Data           4  drv_botones.o(.data)
    .data                                    0x200000a4   Section        8  rt_ge.o(.data)
    monitor_overflow                         0x200000a8   Data           4  rt_ge.o(.data)
    .data                                    0x200000ac   Section       12  srv_alarm.o(.data)
    indicador_overflow                       0x200000ac   Data           4  srv_alarm.o(.data)
    callback_funcion                         0x200000b0   Data           4  srv_alarm.o(.data)
    num_alarmas                              0x200000b4   Data           4  srv_alarm.o(.data)
    .data                                    0x200000b8   Section        4  drv_sc.o(.data)
    m_in_critical_region                     0x200000b8   Data           4  drv_sc.o(.data)
    .data                                    0x200000bc   Section       64  simon.o(.data)
    leds_juego                               0x200000bc   Data          48  simon.o(.data)
    posicion_simon                           0x200000f0   Data           4  simon.o(.data)
    posicion_pulsada                         0x200000f4   Data           4  simon.o(.data)
    velocidad                                0x200000f8   Data           4  simon.o(.data)
    .data                                    0x200000fc   Section        8  hal_tiempo_nrf.o(.data)
    timer0_int_count                         0x200000fc   Data           4  hal_tiempo_nrf.o(.data)
    f_callback                               0x20000100   Data           4  hal_tiempo_nrf.o(.data)
    .data                                    0x20000104   Section        8  hal_ext_int_nrf.o(.data)
    callback_func                            0x20000104   Data           4  hal_ext_int_nrf.o(.data)
    canales_ocupados                         0x20000108   Data           4  hal_ext_int_nrf.o(.data)
    .data                                    0x2000010c   Section        4  system_nrf52.o(.data)
    __tagsym$$used                           0x2000010c   Number         0  system_nrf52.o(.data)
    .bss                                     0x20000110   Section     1076  rt_fifo.o(.bss)
    cola                                     0x20000110   Data        1024  rt_fifo.o(.bss)
    stats                                    0x20000510   Data          52  rt_fifo.o(.bss)
    .bss                                     0x20000544   Section      260  rt_ge.o(.bss)
    gestor_eventos                           0x20000544   Data         260  rt_ge.o(.bss)
    .bss                                     0x20000648   Section      200  srv_alarm.o(.bss)
    lista_alarmas                            0x20000648   Data         200  srv_alarm.o(.bss)
    .bss                                     0x20000710   Section       80  simon.o(.bss)
    leds_simon                               0x20000710   Data          80  simon.o(.bss)
    .bss                                     0x20000760   Section       32  hal_ext_int_nrf.o(.bss)
    pin_a_canal                              0x20000760   Data          32  hal_ext_int_nrf.o(.bss)
    STACK                                    0x20000780   Section    16384  arm_startup_nrf52840.o(STACK)

    Global Symbols

    Symbol Name                              Value     Ov Type        Size  Object(Section)

    BuildAttributes$$THM_ISAv4$E$P$D$K$B$S$7EM$VFPi3$EXTD16$VFPS$VFMA$PE$A:L22UL41UL21$X:L11$S22US41US21$IEEE1$IW$USESV6$~STKCKD$USESV7$~SHL$OSPACE$EBA8$MICROLIB$REQ8$PRES8$EABIv2 0x00000000   Number         0  anon$$obj.o ABSOLUTE
    __ARM_use_no_argv                        0x00000000   Number         0  main.o ABSOLUTE
    __Vectors                                0x00000000   Data           4  arm_startup_nrf52840.o(RESET)
    __cpp_initialize__aeabi_                  - Undefined Weak Reference
    __cxa_finalize                            - Undefined Weak Reference
    __decompress                              - Undefined Weak Reference
    _clock_init                               - Undefined Weak Reference
    _microlib_exit                            - Undefined Weak Reference
    __Vectors_End                            0x00000200   Data           0  arm_startup_nrf52840.o(RESET)
    __Vectors_Size                           0x00000200   Number         0  arm_startup_nrf52840.o ABSOLUTE
    __main                                   0x00000201   Thumb Code     0  entry.o(.ARM.Collect$$$$00000000)
    _main_stk                                0x00000201   Thumb Code     0  entry2.o(.ARM.Collect$$$$00000001)
    _main_scatterload                        0x00000205   Thumb Code     0  entry5.o(.ARM.Collect$$$$00000004)
    __main_after_scatterload                 0x00000209   Thumb Code     0  entry5.o(.ARM.Collect$$$$00000004)
    _main_clock                              0x00000209   Thumb Code     0  entry7b.o(.ARM.Collect$$$$00000008)
    _main_cpp_init                           0x00000209   Thumb Code     0  entry8b.o(.ARM.Collect$$$$0000000A)
    _main_init                               0x00000209   Thumb Code     0  entry9a.o(.ARM.Collect$$$$0000000B)
    __rt_final_cpp                           0x00000211   Thumb Code     0  entry10a.o(.ARM.Collect$$$$0000000D)
    __rt_final_exit                          0x00000211   Thumb Code     0  entry11a.o(.ARM.Collect$$$$0000000F)
    Reset_Handler                            0x00000215   Thumb Code     8  arm_startup_nrf52840.o(.text)
    NMI_Handler                              0x0000021d   Thumb Code     2  arm_startup_nrf52840.o(.text)
    HardFault_Handler                        0x0000021f   Thumb Code     2  arm_startup_nrf52840.o(.text)
    MemoryManagement_Handler                 0x00000221   Thumb Code     2  arm_startup_nrf52840.o(.text)
    BusFault_Handler                         0x00000223   Thumb Code     2  arm_startup_nrf52840.o(.text)
    UsageFault_Handler                       0x00000225   Thumb Code     2  arm_startup_nrf52840.o(.text)
    SVC_Handler                              0x00000227   Thumb Code     2  arm_startup_nrf52840.o(.text)
    DebugMon_Handler                         0x00000229   Thumb Code     2  arm_startup_nrf52840.o(.text)
    PendSV_Handler                           0x0000022b   Thumb Code     2  arm_startup_nrf52840.o(.text)
    SysTick_Handler                          0x0000022d   Thumb Code     2  arm_startup_nrf52840.o(.text)
    CCM_AAR_IRQHandler                       0x0000022f   Thumb Code     0  arm_startup_nrf52840.o(.text)
    COMP_LPCOMP_IRQHandler                   0x0000022f   Thumb Code     0  arm_startup_nrf52840.o(.text)
    CRYPTOCELL_IRQHandler                    0x0000022f   Thumb Code     0  arm_startup_nrf52840.o(.text)
    ECB_IRQHandler                           0x0000022f   Thumb Code     0  arm_startup_nrf52840.o(.text)
    FPU_IRQHandler                           0x0000022f   Thumb Code     0  arm_startup_nrf52840.o(.text)
    I2S_IRQHandler                           0x0000022f   Thumb Code     0  arm_startup_nrf52840.o(.text)
    MWU_IRQHandler                           0x0000022f   Thumb Code     0  arm_startup_nrf52840.o(.text)
    NFCT_IRQHandler                          0x0000022f   Thumb Code     0  arm_startup_nrf52840.o(.text)
    PDM_IRQHandler                           0x0000022f   Thumb Code     0  arm_startup_nrf52840.o(.text)
    POWER_CLOCK_IRQHandler                   0x0000022f   Thumb Code     0  arm_startup_nrf52840.o(.text)
    PWM0_IRQHandler                          0x0000022f   Thumb Code     0  arm_startup_nrf52840.o(.text)
    PWM1_IRQHandler                          0x0000022f   Thumb Code     0  arm_startup_nrf52840.o(.text)
    PWM2_IRQHandler                          0x0000022f   Thumb Code     0  arm_startup_nrf52840.o(.text)
    PWM3_IRQHandler                          0x0000022f   Thumb Code     0  arm_startup_nrf52840.o(.text)
    QDEC_IRQHandler                          0x0000022f   Thumb Code     0  arm_startup_nrf52840.o(.text)
    QSPI_IRQHandler                          0x0000022f   Thumb Code     0  arm_startup_nrf52840.o(.text)
    RADIO_IRQHandler                         0x0000022f   Thumb Code     0  arm_startup_nrf52840.o(.text)
    RNG_IRQHandler                           0x0000022f   Thumb Code     0  arm_startup_nrf52840.o(.text)
    RTC0_IRQHandler                          0x0000022f   Thumb Code     0  arm_startup_nrf52840.o(.text)
    RTC1_IRQHandler                          0x0000022f   Thumb Code     0  arm_startup_nrf52840.o(.text)
    RTC2_IRQHandler                          0x0000022f   Thumb Code     0  arm_startup_nrf52840.o(.text)
    SAADC_IRQHandler                         0x0000022f   Thumb Code     0  arm_startup_nrf52840.o(.text)
    SPIM0_SPIS0_TWIM0_TWIS0_SPI0_TWI0_IRQHandler 0x0000022f   Thumb Code     0  arm_startup_nrf52840.o(.text)
    SPIM1_SPIS1_TWIM1_TWIS1_SPI1_TWI1_IRQHandler 0x0000022f   Thumb Code     0  arm_startup_nrf52840.o(.text)
    SPIM2_SPIS2_SPI2_IRQHandler              0x0000022f   Thumb Code     0  arm_startup_nrf52840.o(.text)
    SPIM3_IRQHandler                         0x0000022f   Thumb Code     0  arm_startup_nrf52840.o(.text)
    SWI0_EGU0_IRQHandler                     0x0000022f   Thumb Code     0  arm_startup_nrf52840.o(.text)
    SWI1_EGU1_IRQHandler                     0x0000022f   Thumb Code     0  arm_startup_nrf52840.o(.text)
    SWI2_EGU2_IRQHandler                     0x0000022f   Thumb Code     0  arm_startup_nrf52840.o(.text)
    SWI3_EGU3_IRQHandler                     0x0000022f   Thumb Code     0  arm_startup_nrf52840.o(.text)
    SWI4_EGU4_IRQHandler                     0x0000022f   Thumb Code     0  arm_startup_nrf52840.o(.text)
    SWI5_EGU5_IRQHandler                     0x0000022f   Thumb Code     0  arm_startup_nrf52840.o(.text)
    TEMP_IRQHandler                          0x0000022f   Thumb Code     0  arm_startup_nrf52840.o(.text)
    TIMER2_IRQHandler                        0x0000022f   Thumb Code     0  arm_startup_nrf52840.o(.text)
    TIMER3_IRQHandler                        0x0000022f   Thumb Code     0  arm_startup_nrf52840.o(.text)
    TIMER4_IRQHandler                        0x0000022f   Thumb Code     0  arm_startup_nrf52840.o(.text)
    UARTE0_UART0_IRQHandler                  0x0000022f   Thumb Code     0  arm_startup_nrf52840.o(.text)
    UARTE1_IRQHandler                        0x0000022f   Thumb Code     0  arm_startup_nrf52840.o(.text)
    USBD_IRQHandler                          0x0000022f   Thumb Code     0  arm_startup_nrf52840.o(.text)
    WDT_IRQHandler                           0x0000022f   Thumb Code     0  arm_startup_nrf52840.o(.text)
    __aeabi_uldivmod                         0x00000239   Thumb Code    98  uldiv.o(.text)
    __aeabi_memcpy                           0x0000029b   Thumb Code    36  memcpya.o(.text)
    __aeabi_memcpy4                          0x0000029b   Thumb Code     0  memcpya.o(.text)
    __aeabi_memcpy8                          0x0000029b   Thumb Code     0  memcpya.o(.text)
    __aeabi_llsl                             0x000002bf   Thumb Code    30  llshl.o(.text)
    _ll_shift_l                              0x000002bf   Thumb Code     0  llshl.o(.text)
    __aeabi_llsr                             0x000002dd   Thumb Code    32  llushr.o(.text)
    _ll_ushift_r                             0x000002dd   Thumb Code     0  llushr.o(.text)
    __scatterload                            0x000002fd   Thumb Code    28  init.o(.text)
    __scatterload_rt2                        0x000002fd   Thumb Code     0  init.o(.text)
    GPIOTE_IRQHandler                        0x00000321   Thumb Code    40  hal_ext_int_nrf.o(i.GPIOTE_IRQHandler)
    SystemCoreClockUpdate                    0x00000351   Thumb Code     8  system_nrf52.o(i.SystemCoreClockUpdate)
    SystemInit                               0x00000361   Thumb Code   488  system_nrf52.o(i.SystemInit)
    TIMER0_IRQHandler                        0x00000581   Thumb Code    36  hal_tiempo_nrf.o(i.TIMER0_IRQHandler)
    TIMER1_IRQHandler                        0x000005b1   Thumb Code    28  hal_tiempo_nrf.o(i.TIMER1_IRQHandler)
    __scatterload_copy                       0x000005ef   Thumb Code    14  handlers.o(i.__scatterload_copy)
    __scatterload_null                       0x000005fd   Thumb Code     2  handlers.o(i.__scatterload_null)
    __scatterload_zeroinit                   0x000005ff   Thumb Code    14  handlers.o(i.__scatterload_zeroinit)
    actualizar_estado_botones                0x0000060d   Thumb Code   116  drv_botones.o(i.actualizar_estado_botones)
    boton_equivalente_pin                    0x0000068d   Thumb Code    30  drv_botones.o(i.boton_equivalente_pin)
    boton_pulsado                            0x000006b1   Thumb Code    20  drv_botones.o(i.boton_pulsado)
    drv_SC_entrar_disable_irq                0x000006c5   Thumb Code    18  drv_sc.o(i.drv_SC_entrar_disable_irq)
    drv_SC_salir_enable_irq                  0x000006dd   Thumb Code    20  drv_sc.o(i.drv_SC_salir_enable_irq)
    drv_botones_iniciar                      0x000006f5   Thumb Code    90  drv_botones.o(i.drv_botones_iniciar)
    drv_botones_tratar                       0x0000076d   Thumb Code   232  drv_botones.o(i.drv_botones_tratar)
    drv_consumo_dormir                       0x00000861   Thumb Code    24  drv_consumo.o(i.drv_consumo_dormir)
    drv_consumo_esperar                      0x00000879   Thumb Code    72  drv_consumo.o(i.drv_consumo_esperar)
    drv_consumo_iniciar                      0x000008c9   Thumb Code    28  drv_consumo.o(i.drv_consumo_iniciar)
    drv_led_apagar                           0x000008f1   Thumb Code    26  drv_leds.o(i.drv_led_apagar)
    drv_led_conmutar                         0x00000911   Thumb Code    36  drv_leds.o(i.drv_led_conmutar)
    drv_led_encender                         0x00000939   Thumb Code    24  drv_leds.o(i.drv_led_encender)
    drv_leds_iniciar                         0x00000955   Thumb Code    32  drv_leds.o(i.drv_leds_iniciar)
    drv_monitor_desmarcar                    0x00000979   Thumb Code    26  drv_monitor.o(i.drv_monitor_desmarcar)
    drv_monitor_iniciar                      0x00000999   Thumb Code     4  drv_monitor.o(i.drv_monitor_iniciar)
    drv_monitor_marcar                       0x0000099d   Thumb Code    24  drv_monitor.o(i.drv_monitor_marcar)
    drv_tiempo_actual_ms                     0x000009b9   Thumb Code    26  drv_tiempo.o(i.drv_tiempo_actual_ms)
    drv_tiempo_actual_us                     0x000009d5   Thumb Code    50  drv_tiempo.o(i.drv_tiempo_actual_us)
    drv_tiempo_iniciar                       0x00000a0d   Thumb Code    12  drv_tiempo.o(i.drv_tiempo_iniciar)
    drv_tiempo_periodico_ms                  0x00000a1d   Thumb Code    46  drv_tiempo.o(i.drv_tiempo_periodico_ms)
    encontrar_canal_libre                    0x00000a5d   Thumb Code    28  hal_ext_int_nrf.o(i.encontrar_canal_libre)
    esEventoUsuario                          0x00000a7d   Thumb Code    28  rt_ge.o(i.esEventoUsuario)
    f_callbackIRQ                            0x00000a9d   Thumb Code    16  hal_ext_int_nrf.o(i.f_callbackIRQ)
    f_callback_driver                        0x00000ab1   Thumb Code    22  drv_tiempo.o(i.f_callback_driver)
    f_callback_drv                           0x00000ad1   Thumb Code    46  drv_botones.o(i.f_callback_drv)
    hal_WDT_feed                             0x00000b09   Thumb Code    18  hal_wdt_nrf.o(i.hal_WDT_feed)
    hal_WDT_iniciar                          0x00000b25   Thumb Code    42  hal_wdt_nrf.o(i.hal_WDT_iniciar)
    hal_consumo_dormir                       0x00000b59   Thumb Code    12  hal_consumo_nrf.o(i.hal_consumo_dormir)
    hal_consumo_esperar                      0x00000b69   Thumb Code     4  hal_consumo_nrf.o(i.hal_consumo_esperar)
    hal_consumo_iniciar                      0x00000b6d   Thumb Code     2  hal_consumo_nrf.o(i.hal_consumo_iniciar)
    hal_deshabilitar_int                     0x00000b71   Thumb Code   124  hal_ext_int_nrf.o(i.hal_deshabilitar_int)
    hal_ext_int_iniciar                      0x00000c01   Thumb Code    50  hal_ext_int_nrf.o(i.hal_ext_int_iniciar)
    hal_ext_int_leer                         0x00000c49   Thumb Code    12  hal_ext_int_nrf.o(i.hal_ext_int_leer)
    hal_ext_int_limpiar                      0x00000c55   Thumb Code    50  hal_ext_int_nrf.o(i.hal_ext_int_limpiar)
    hal_gpio_escribir                        0x00000c9d   Thumb Code    26  hal_gpio_nrf.o(i.hal_gpio_escribir)
    hal_gpio_iniciar                         0x00000cbd   Thumb Code     8  hal_gpio_nrf.o(i.hal_gpio_iniciar)
    hal_gpio_leer                            0x00000cc9   Thumb Code    24  hal_gpio_nrf.o(i.hal_gpio_leer)
    hal_gpio_sentido                         0x00000ce5   Thumb Code    26  hal_gpio_nrf.o(i.hal_gpio_sentido)
    hal_habilitar_int                        0x00000d09   Thumb Code   110  hal_ext_int_nrf.o(i.hal_habilitar_int)
    hal_random_generar                       0x00000d8d   Thumb Code    52  hal_random_nrf.o(i.hal_random_generar)
    hal_random_iniciar                       0x00000dc9   Thumb Code    20  hal_random_nrf.o(i.hal_random_iniciar)
    hal_tiempo_actual_tick                   0x00000de9   Thumb Code    34  hal_tiempo_nrf.o(i.hal_tiempo_actual_tick)
    hal_tiempo_iniciar_tick                  0x00000e19   Thumb Code    76  hal_tiempo_nrf.o(i.hal_tiempo_iniciar_tick)
    hal_tiempo_reloj_periodico_tick          0x00000e75   Thumb Code   144  hal_tiempo_nrf.o(i.hal_tiempo_reloj_periodico_tick)
    leds_conmutar                            0x00000f19   Thumb Code    14  simon.o(i.leds_conmutar)
    main                                     0x00000f27   Thumb Code    22  main.o(i.main)
    nvmc_config                              0x0000115d   Thumb Code    14  system_nrf52.o(i.nvmc_config)
    nvmc_wait                                0x00001171   Thumb Code    12  system_nrf52.o(i.nvmc_wait)
    reiniciar_juego                          0x00001181   Thumb Code    74  simon.o(i.reiniciar_juego)
    rt_FIFO_encolar                          0x000011d5   Thumb Code   162  rt_fifo.o(i.rt_FIFO_encolar)
    rt_FIFO_extraer                          0x0000128d   Thumb Code   110  rt_fifo.o(i.rt_FIFO_extraer)
    rt_FIFO_inicializar                      0x00001309   Thumb Code    54  rt_fifo.o(i.rt_FIFO_inicializar)
    rt_GE_iniciar                            0x00001355   Thumb Code    76  rt_ge.o(i.rt_GE_iniciar)
    rt_GE_lanzador                           0x000013ad   Thumb Code   104  rt_ge.o(i.rt_GE_lanzador)
    rt_GE_tratar                             0x00001419   Thumb Code    46  rt_ge.o(i.rt_GE_tratar)
    simon_conmutar_leds                      0x00001447   Thumb Code    68  simon.o(i.simon_conmutar_leds)
    simon_iniciar                            0x0000148d   Thumb Code   152  simon.o(i.simon_iniciar)
    simon_mostrar_seq_inicial                0x00001545   Thumb Code    62  simon.o(i.simon_mostrar_seq_inicial)
    simon_mostrar_seq_juego                  0x00001585   Thumb Code    86  simon.o(i.simon_mostrar_seq_juego)
    simon_tratar                             0x000015ed   Thumb Code   360  simon.o(i.simon_tratar)
    svc_GE_suscribir                         0x00001769   Thumb Code   112  rt_ge.o(i.svc_GE_suscribir)
    svc_alarma_activar                       0x000017e1   Thumb Code   336  srv_alarm.o(i.svc_alarma_activar)
    svc_alarma_codificar                     0x0000193d   Thumb Code    14  srv_alarm.o(i.svc_alarma_codificar)
    svc_alarma_iniciar                       0x0000194d   Thumb Code    70  srv_alarm.o(i.svc_alarma_iniciar)
    svc_alarma_tratar                        0x000019a9   Thumb Code   208  srv_alarm.o(i.svc_alarma_tratar)
    Region$$Table$$Base                      0x00001a8c   Number         0  anon$$obj.o(Region$$Table)
    Region$$Table$$Limit                     0x00001aac   Number         0  anon$$obj.o(Region$$Table)
    estado_actual                            0x2000008d   Data           1  drv_botones.o(.data)
    evs_USUARIO                              0x200000a4   Data           1  rt_ge.o(.data)
    estado_simon                             0x200000ec   Data           1  simon.o(.data)
    SystemCoreClock                          0x2000010c   Data           4  system_nrf52.o(.data)
    __initial_sp                             0x20004780   Data           0  arm_startup_nrf52840.o(STACK)



==============================================================================

Memory Map of the image

  Image Entry point : 0x00000201

  Load Region LR_IROM1 (Base: 0x00000000, Size: 0x00001bbc, Max: 0x00100000, ABSOLUTE)

    Execution Region ER_IROM1 (Exec base: 0x00000000, Load base: 0x00000000, Size: 0x00001aac, Max: 0x00100000, ABSOLUTE)

    Exec Addr    Load Addr    Size         Type   Attr      Idx    E Section Name        Object

    0x00000000   0x00000000   0x00000200   Data   RO          870    RESET               arm_startup_nrf52840.o
    0x00000200   0x00000200   0x00000000   Code   RO         1882  * .ARM.Collect$$$$00000000  mc_w.l(entry.o)
    0x00000200   0x00000200   0x00000004   Code   RO         1891    .ARM.Collect$$$$00000001  mc_w.l(entry2.o)
    0x00000204   0x00000204   0x00000004   Code   RO         1894    .ARM.Collect$$$$00000004  mc_w.l(entry5.o)
    0x00000208   0x00000208   0x00000000   Code   RO         1896    .ARM.Collect$$$$00000008  mc_w.l(entry7b.o)
    0x00000208   0x00000208   0x00000000   Code   RO         1898    .ARM.Collect$$$$0000000A  mc_w.l(entry8b.o)
    0x00000208   0x00000208   0x00000008   Code   RO         1899    .ARM.Collect$$$$0000000B  mc_w.l(entry9a.o)
    0x00000210   0x00000210   0x00000000   Code   RO         1901    .ARM.Collect$$$$0000000D  mc_w.l(entry10a.o)
    0x00000210   0x00000210   0x00000000   Code   RO         1903    .ARM.Collect$$$$0000000F  mc_w.l(entry11a.o)
    0x00000210   0x00000210   0x00000004   Code   RO         1892    .ARM.Collect$$$$00002712  mc_w.l(entry2.o)
    0x00000214   0x00000214   0x00000024   Code   RO          871    .text               arm_startup_nrf52840.o
    0x00000238   0x00000238   0x00000062   Code   RO         1885    .text               mc_w.l(uldiv.o)
    0x0000029a   0x0000029a   0x00000024   Code   RO         1887    .text               mc_w.l(memcpya.o)
    0x000002be   0x000002be   0x0000001e   Code   RO         1905    .text               mc_w.l(llshl.o)
    0x000002dc   0x000002dc   0x00000020   Code   RO         1907    .text               mc_w.l(llushr.o)
    0x000002fc   0x000002fc   0x00000024   Code   RO         1909    .text               mc_w.l(init.o)
    0x00000320   0x00000320   0x00000030   Code   RO          709    i.GPIOTE_IRQHandler  hal_ext_int_nrf.o
    0x00000350   0x00000350   0x00000010   Code   RO          878    i.SystemCoreClockUpdate  system_nrf52.o
    0x00000360   0x00000360   0x00000220   Code   RO          879    i.SystemInit        system_nrf52.o
    0x00000580   0x00000580   0x00000030   Code   RO          611    i.TIMER0_IRQHandler  hal_tiempo_nrf.o
    0x000005b0   0x000005b0   0x00000024   Code   RO          612    i.TIMER1_IRQHandler  hal_tiempo_nrf.o
    0x000005d4   0x000005d4   0x0000001a   Code   RO          613    i.__NVIC_EnableIRQ  hal_tiempo_nrf.o
    0x000005ee   0x000005ee   0x0000000e   Code   RO         1913    i.__scatterload_copy  mc_w.l(handlers.o)
    0x000005fc   0x000005fc   0x00000002   Code   RO         1914    i.__scatterload_null  mc_w.l(handlers.o)
    0x000005fe   0x000005fe   0x0000000e   Code   RO         1915    i.__scatterload_zeroinit  mc_w.l(handlers.o)
    0x0000060c   0x0000060c   0x00000080   Code   RO          301    i.actualizar_estado_botones  drv_botones.o
    0x0000068c   0x0000068c   0x00000024   Code   RO          302    i.boton_equivalente_pin  drv_botones.o
    0x000006b0   0x000006b0   0x00000014   Code   RO          303    i.boton_pulsado     drv_botones.o
    0x000006c4   0x000006c4   0x00000018   Code   RO          431    i.drv_SC_entrar_disable_irq  drv_sc.o
    0x000006dc   0x000006dc   0x00000018   Code   RO          432    i.drv_SC_salir_enable_irq  drv_sc.o
    0x000006f4   0x000006f4   0x00000078   Code   RO          304    i.drv_botones_iniciar  drv_botones.o
    0x0000076c   0x0000076c   0x000000f4   Code   RO          305    i.drv_botones_tratar  drv_botones.o
    0x00000860   0x00000860   0x00000018   Code   RO          191    i.drv_consumo_dormir  drv_consumo.o
    0x00000878   0x00000878   0x00000050   Code   RO          192    i.drv_consumo_esperar  drv_consumo.o
    0x000008c8   0x000008c8   0x00000028   Code   RO          193    i.drv_consumo_iniciar  drv_consumo.o
    0x000008f0   0x000008f0   0x00000020   Code   RO          105    i.drv_led_apagar    drv_leds.o
    0x00000910   0x00000910   0x00000028   Code   RO          106    i.drv_led_conmutar  drv_leds.o
    0x00000938   0x00000938   0x0000001c   Code   RO          107    i.drv_led_encender  drv_leds.o
    0x00000954   0x00000954   0x00000024   Code   RO          108    i.drv_leds_iniciar  drv_leds.o
    0x00000978   0x00000978   0x00000020   Code   RO          274    i.drv_monitor_desmarcar  drv_monitor.o
    0x00000998   0x00000998   0x00000004   Code   RO          275    i.drv_monitor_iniciar  drv_monitor.o
    0x0000099c   0x0000099c   0x0000001c   Code   RO          276    i.drv_monitor_marcar  drv_monitor.o
    0x000009b8   0x000009b8   0x0000001a   Code   RO          138    i.drv_tiempo_actual_ms  drv_tiempo.o
    0x000009d2   0x000009d2   0x00000002   PAD
    0x000009d4   0x000009d4   0x00000038   Code   RO          139    i.drv_tiempo_actual_us  drv_tiempo.o
    0x00000a0c   0x00000a0c   0x00000010   Code   RO          142    i.drv_tiempo_iniciar  drv_tiempo.o
    0x00000a1c   0x00000a1c   0x00000040   Code   RO          143    i.drv_tiempo_periodico_ms  drv_tiempo.o
    0x00000a5c   0x00000a5c   0x00000020   Code   RO          710    i.encontrar_canal_libre  hal_ext_int_nrf.o
    0x00000a7c   0x00000a7c   0x00000020   Code   RO          352    i.esEventoUsuario   rt_ge.o
    0x00000a9c   0x00000a9c   0x00000014   Code   RO          711    i.f_callbackIRQ     hal_ext_int_nrf.o
    0x00000ab0   0x00000ab0   0x00000020   Code   RO          144    i.f_callback_driver  drv_tiempo.o
    0x00000ad0   0x00000ad0   0x00000038   Code   RO          306    i.f_callback_drv    drv_botones.o
    0x00000b08   0x00000b08   0x0000001c   Code   RO          802    i.hal_WDT_feed      hal_wdt_nrf.o
    0x00000b24   0x00000b24   0x00000034   Code   RO          803    i.hal_WDT_iniciar   hal_wdt_nrf.o
    0x00000b58   0x00000b58   0x00000010   Code   RO          670    i.hal_consumo_dormir  hal_consumo_nrf.o
    0x00000b68   0x00000b68   0x00000004   Code   RO          671    i.hal_consumo_esperar  hal_consumo_nrf.o
    0x00000b6c   0x00000b6c   0x00000002   Code   RO          672    i.hal_consumo_iniciar  hal_consumo_nrf.o
    0x00000b6e   0x00000b6e   0x00000002   PAD
    0x00000b70   0x00000b70   0x00000090   Code   RO          713    i.hal_deshabilitar_int  hal_ext_int_nrf.o
    0x00000c00   0x00000c00   0x00000048   Code   RO          714    i.hal_ext_int_iniciar  hal_ext_int_nrf.o
    0x00000c48   0x00000c48   0x0000000c   Code   RO          715    i.hal_ext_int_leer  hal_ext_int_nrf.o
    0x00000c54   0x00000c54   0x00000048   Code   RO          716    i.hal_ext_int_limpiar  hal_ext_int_nrf.o
    0x00000c9c   0x00000c9c   0x00000020   Code   RO          509    i.hal_gpio_escribir  hal_gpio_nrf.o
    0x00000cbc   0x00000cbc   0x0000000c   Code   RO          511    i.hal_gpio_iniciar  hal_gpio_nrf.o
    0x00000cc8   0x00000cc8   0x0000001c   Code   RO          512    i.hal_gpio_leer     hal_gpio_nrf.o
    0x00000ce4   0x00000ce4   0x00000024   Code   RO          514    i.hal_gpio_sentido  hal_gpio_nrf.o
    0x00000d08   0x00000d08   0x00000084   Code   RO          718    i.hal_habilitar_int  hal_ext_int_nrf.o
    0x00000d8c   0x00000d8c   0x0000003c   Code   RO          838    i.hal_random_generar  hal_random_nrf.o
    0x00000dc8   0x00000dc8   0x00000020   Code   RO          839    i.hal_random_iniciar  hal_random_nrf.o
    0x00000de8   0x00000de8   0x00000030   Code   RO          614    i.hal_tiempo_actual_tick  hal_tiempo_nrf.o
    0x00000e18   0x00000e18   0x0000005c   Code   RO          615    i.hal_tiempo_iniciar_tick  hal_tiempo_nrf.o
    0x00000e74   0x00000e74   0x000000a4   Code   RO          616    i.hal_tiempo_reloj_periodico_tick  hal_tiempo_nrf.o
    0x00000f18   0x00000f18   0x0000000e   Code   RO          451    i.leds_conmutar     simon.o
    0x00000f26   0x00000f26   0x00000016   Code   RO            4    i.main              main.o
    0x00000f3c   0x00000f3c   0x00000044   Code   RO          880    i.nrf52_configuration_249  system_nrf52.o
    0x00000f80   0x00000f80   0x00000044   Code   RO          889    i.nrf52_errata_103  system_nrf52.o
    0x00000fc4   0x00000fc4   0x00000044   Code   RO          900    i.nrf52_errata_115  system_nrf52.o
    0x00001008   0x00001008   0x00000044   Code   RO          906    i.nrf52_errata_120  system_nrf52.o
    0x0000104c   0x0000104c   0x00000044   Code   RO          916    i.nrf52_errata_136  system_nrf52.o
    0x00001090   0x00001090   0x00000044   Code   RO         1017    i.nrf52_errata_36   system_nrf52.o
    0x000010d4   0x000010d4   0x00000044   Code   RO         1040    i.nrf52_errata_66   system_nrf52.o
    0x00001118   0x00001118   0x00000044   Code   RO         1067    i.nrf52_errata_98   system_nrf52.o
    0x0000115c   0x0000115c   0x00000014   Code   RO         1068    i.nvmc_config       system_nrf52.o
    0x00001170   0x00001170   0x00000010   Code   RO         1069    i.nvmc_wait         system_nrf52.o
    0x00001180   0x00001180   0x00000054   Code   RO          452    i.reiniciar_juego   simon.o
    0x000011d4   0x000011d4   0x000000b8   Code   RO          223    i.rt_FIFO_encolar   rt_fifo.o
    0x0000128c   0x0000128c   0x0000007c   Code   RO          225    i.rt_FIFO_extraer   rt_fifo.o
    0x00001308   0x00001308   0x0000004c   Code   RO          226    i.rt_FIFO_inicializar  rt_fifo.o
    0x00001354   0x00001354   0x00000058   Code   RO          353    i.rt_GE_iniciar     rt_ge.o
    0x000013ac   0x000013ac   0x0000006c   Code   RO          354    i.rt_GE_lanzador    rt_ge.o
    0x00001418   0x00001418   0x0000002e   Code   RO          355    i.rt_GE_tratar      rt_ge.o
    0x00001446   0x00001446   0x00000044   Code   RO          453    i.simon_conmutar_leds  simon.o
    0x0000148a   0x0000148a   0x00000002   PAD
    0x0000148c   0x0000148c   0x000000b8   Code   RO          454    i.simon_iniciar     simon.o
    0x00001544   0x00001544   0x0000003e   Code   RO          455    i.simon_mostrar_seq_inicial  simon.o
    0x00001582   0x00001582   0x00000002   PAD
    0x00001584   0x00001584   0x00000068   Code   RO          456    i.simon_mostrar_seq_juego  simon.o
    0x000015ec   0x000015ec   0x0000017c   Code   RO          457    i.simon_tratar      simon.o
    0x00001768   0x00001768   0x00000078   Code   RO          357    i.svc_GE_suscribir  rt_ge.o
    0x000017e0   0x000017e0   0x0000015c   Code   RO          398    i.svc_alarma_activar  srv_alarm.o
    0x0000193c   0x0000193c   0x0000000e   Code   RO          399    i.svc_alarma_codificar  srv_alarm.o
    0x0000194a   0x0000194a   0x00000002   PAD
    0x0000194c   0x0000194c   0x0000005c   Code   RO          400    i.svc_alarma_iniciar  srv_alarm.o
    0x000019a8   0x000019a8   0x000000dc   Code   RO          401    i.svc_alarma_tratar  srv_alarm.o
    0x00001a84   0x00001a84   0x00000004   Data   RO          109    .constdata          drv_leds.o
    0x00001a88   0x00001a88   0x00000004   Data   RO          277    .constdata          drv_monitor.o
    0x00001a8c   0x00001a8c   0x00000020   Data   RO         1911    Region$$Table       anon$$obj.o


    Execution Region RW_IRAM1 (Exec base: 0x20000000, Load base: 0x00001aac, Size: 0x00004780, Max: 0x00040000, ABSOLUTE)

    Exec Addr    Load Addr    Size         Type   Attr      Idx    E Section Name        Object

    0x20000000   0x00001aac   0x00000010   Data   RW          145    .data               drv_tiempo.o
    0x20000010   0x00001abc   0x0000003c   Data   RW          194    .data               drv_consumo.o
    0x2000004c   0x00001af8   0x0000000c   Data   RW          230    .data               rt_fifo.o
    0x20000058   0x00001b04   0x0000004c   Data   RW          307    .data               drv_botones.o
    0x200000a4   0x00001b50   0x00000008   Data   RW          359    .data               rt_ge.o
    0x200000ac   0x00001b58   0x0000000c   Data   RW          403    .data               srv_alarm.o
    0x200000b8   0x00001b64   0x00000004   Data   RW          433    .data               drv_sc.o
    0x200000bc   0x00001b68   0x00000040   Data   RW          459    .data               simon.o
    0x200000fc   0x00001ba8   0x00000008   Data   RW          617    .data               hal_tiempo_nrf.o
    0x20000104   0x00001bb0   0x00000008   Data   RW          720    .data               hal_ext_int_nrf.o
    0x2000010c   0x00001bb8   0x00000004   Data   RW         1070    .data               system_nrf52.o
    0x20000110        -       0x00000434   Zero   RW          229    .bss                rt_fifo.o
    0x20000544        -       0x00000104   Zero   RW          358    .bss                rt_ge.o
    0x20000648        -       0x000000c8   Zero   RW          402    .bss                srv_alarm.o
    0x20000710        -       0x00000050   Zero   RW          458    .bss                simon.o
    0x20000760        -       0x00000020   Zero   RW          719    .bss                hal_ext_int_nrf.o
    0x20000780        -       0x00004000   Zero   RW          868    STACK               arm_startup_nrf52840.o


==============================================================================

Image component sizes


      Code (inc. data)   RO Data    RW Data    ZI Data      Debug   Object Name

        36          8        512          0      16384        892   arm_startup_nrf52840.o
       604         70          0         76          0       5412   drv_botones.o
       144         20          0         60          0       2573   drv_consumo.o
       136         18          4          0          0       2982   drv_leds.o
        64         10          4          0          0       2367   drv_monitor.o
        48         10          0          4          0       1238   drv_sc.o
       194         38          0         16          0       3745   drv_tiempo.o
        22          4          0          0          0       1509   hal_consumo_nrf.o
       532        102          0          8         32       6826   hal_ext_int_nrf.o
       108         24          0          0          0      37754   hal_gpio_nrf.o
        92         20          0          0          0       1274   hal_random_nrf.o
       414         70          0          8          0      34692   hal_tiempo_nrf.o
        80         20          0          0          0       1101   hal_wdt_nrf.o
        22          0          0          0          0       7499   main.o
       384         58          0         12       1076       3458   rt_fifo.o
       394         28          0          8        260       4267   rt_ge.o
       896         86          0         64         80       5728   simon.o
       674         46          0         12        200       4353   srv_alarm.o
      1140        170          0          4          0      39252   system_nrf52.o

    ----------------------------------------------------------------------
      5994        802        552        272      18032     166922   Object Totals
         0          0         32          0          0          0   (incl. Generated)
        10          0          0          0          0          0   (incl. Padding)

    ----------------------------------------------------------------------

      Code (inc. data)   RO Data    RW Data    ZI Data      Debug   Library Member Name

         0          0          0          0          0          0   entry.o
         0          0          0          0          0          0   entry10a.o
         0          0          0          0          0          0   entry11a.o
         8          4          0          0          0          0   entry2.o
         4          0          0          0          0          0   entry5.o
         0          0          0          0          0          0   entry7b.o
         0          0          0          0          0          0   entry8b.o
         8          4          0          0          0          0   entry9a.o
        30          0          0          0          0          0   handlers.o
        36          8          0          0          0         68   init.o
        30          0          0          0          0         68   llshl.o
        32          0          0          0          0         68   llushr.o
        36          0          0          0          0         68   memcpya.o
        98          0          0          0          0         92   uldiv.o

    ----------------------------------------------------------------------
       282         16          0          0          0        364   Library Totals
         0          0          0          0          0          0   (incl. Padding)

    ----------------------------------------------------------------------

      Code (inc. data)   RO Data    RW Data    ZI Data      Debug   Library Name

       282         16          0          0          0        364   mc_w.l

    ----------------------------------------------------------------------
       282         16          0          0          0        364   Library Totals

    ----------------------------------------------------------------------

==============================================================================


      Code (inc. data)   RO Data    RW Data    ZI Data      Debug   

      6276        818        552        272      18032     160086   Grand Totals
      6276        818        552        272      18032     160086   ELF Image Totals
      6276        818        552        272          0          0   ROM Totals

==============================================================================

    Total RO  Size (Code + RO Data)                 6828 (   6.67kB)
    Total RW  Size (RW Data + ZI Data)             18304 (  17.88kB)
    Total ROM Size (Code + RO Data + RW Data)       7100 (   6.93kB)

==============================================================================

