Component: ARM Compiler 5.06 update 6 (build 750) Tool: armlink [4d35ed]

==============================================================================

Section Cross References

    main.o(i.main) refers to hal_gpio_nrf.o(i.hal_gpio_iniciar) for hal_gpio_iniciar
    main.o(i.main) refers to drv_tiempo.o(i.drv_tiempo_iniciar) for drv_tiempo_iniciar
    main.o(i.main) refers to drv_leds.o(i.drv_leds_iniciar) for drv_leds_iniciar
    main.o(i.main) refers to simon.o(i.simon_iniciar) for simon_iniciar
    drv_leds.o(i.drv_led_apagar) refers to hal_gpio_nrf.o(i.hal_gpio_escribir) for hal_gpio_escribir
    drv_leds.o(i.drv_led_apagar) refers to drv_leds.o(.constdata) for led_list
    drv_leds.o(i.drv_led_conmutar) refers to hal_gpio_nrf.o(i.hal_gpio_leer) for hal_gpio_leer
    drv_leds.o(i.drv_led_conmutar) refers to hal_gpio_nrf.o(i.hal_gpio_escribir) for hal_gpio_escribir
    drv_leds.o(i.drv_led_conmutar) refers to drv_leds.o(.constdata) for led_list
    drv_leds.o(i.drv_led_encender) refers to hal_gpio_nrf.o(i.hal_gpio_escribir) for hal_gpio_escribir
    drv_leds.o(i.drv_led_encender) refers to drv_leds.o(.constdata) for led_list
    drv_leds.o(i.drv_leds_iniciar) refers to hal_gpio_nrf.o(i.hal_gpio_sentido) for hal_gpio_sentido
    drv_leds.o(i.drv_leds_iniciar) refers to drv_leds.o(i.drv_led_apagar) for drv_led_apagar
    drv_leds.o(i.drv_leds_iniciar) refers to drv_leds.o(.constdata) for led_list
    drv_tiempo.o(i.drv_tiempo_actual_ms) refers to drv_tiempo.o(i.drv_tiempo_actual_us) for drv_tiempo_actual_us
    drv_tiempo.o(i.drv_tiempo_actual_ms) refers to uldiv.o(.text) for __aeabi_uldivmod
    drv_tiempo.o(i.drv_tiempo_actual_us) refers to hal_tiempo_nrf.o(i.hal_tiempo_actual_tick) for hal_tiempo_actual_tick
    drv_tiempo.o(i.drv_tiempo_actual_us) refers to uldiv.o(.text) for __aeabi_uldivmod
    drv_tiempo.o(i.drv_tiempo_actual_us) refers to drv_tiempo.o(.data) for HAL_TICKS2US_T0
    drv_tiempo.o(i.drv_tiempo_esperar_hasta_ms) refers to drv_tiempo.o(i.drv_tiempo_actual_ms) for drv_tiempo_actual_ms
    drv_tiempo.o(i.drv_tiempo_esperar_ms) refers to hal_tiempo_nrf.o(i.hal_tiempo_actual_tick) for hal_tiempo_actual_tick
    drv_tiempo.o(i.drv_tiempo_esperar_ms) refers to drv_tiempo.o(i.drv_tiempo_actual_ms) for drv_tiempo_actual_ms
    drv_tiempo.o(i.drv_tiempo_iniciar) refers to hal_tiempo_nrf.o(i.hal_tiempo_iniciar_tick) for hal_tiempo_iniciar_tick
    drv_tiempo.o(i.drv_tiempo_iniciar) refers to drv_tiempo.o(.data) for HAL_TICKS2US_T0
    drv_tiempo.o(i.drv_tiempo_periodico_ms) refers to hal_tiempo_nrf.o(i.hal_tiempo_reloj_periodico_tick) for hal_tiempo_reloj_periodico_tick
    drv_tiempo.o(i.drv_tiempo_periodico_ms) refers to drv_tiempo.o(.data) for ID_EVENTO
    drv_tiempo.o(i.drv_tiempo_periodico_ms) refers to drv_tiempo.o(i.f_callback_driver) for f_callback_driver
    drv_tiempo.o(i.f_callback_driver) refers to drv_tiempo.o(i.drv_tiempo_actual_ms) for drv_tiempo_actual_ms
    drv_tiempo.o(i.f_callback_driver) refers to drv_tiempo.o(.data) for ID_EVENTO
    drv_consumo.o(i.drv_consumo_dormir) refers to drv_leds.o(i.drv_led_apagar) for drv_led_apagar
    drv_consumo.o(i.drv_consumo_dormir) refers to hal_consumo_nrf.o(i.hal_consumo_dormir) for hal_consumo_dormir
    drv_consumo.o(i.drv_consumo_esperar) refers to drv_monitor.o(i.drv_monitor_desmarcar) for drv_monitor_desmarcar
    drv_consumo.o(i.drv_consumo_esperar) refers to hal_consumo_nrf.o(i.hal_consumo_esperar) for hal_consumo_esperar
    drv_consumo.o(i.drv_consumo_esperar) refers to drv_monitor.o(i.drv_monitor_marcar) for drv_monitor_marcar
    drv_consumo.o(i.drv_consumo_esperar) refers to drv_consumo.o(.data) for NUM_MONITORES
    drv_consumo.o(i.drv_consumo_iniciar) refers to drv_monitor.o(i.drv_monitor_iniciar) for drv_monitor_iniciar
    drv_consumo.o(i.drv_consumo_iniciar) refers to hal_consumo_nrf.o(i.hal_consumo_iniciar) for hal_consumo_iniciar
    drv_consumo.o(i.drv_consumo_iniciar) refers to drv_consumo.o(.data) for MON_WAIT
    rt_fifo.o(i.rt_FIFO_encolar) refers to drv_sc.o(i.drv_SC_entrar_disable_irq) for drv_SC_entrar_disable_irq
    rt_fifo.o(i.rt_FIFO_encolar) refers to drv_monitor.o(i.drv_monitor_marcar) for drv_monitor_marcar
    rt_fifo.o(i.rt_FIFO_encolar) refers to hal_wdt_nrf.o(i.hal_WDT_feed) for hal_WDT_feed
    rt_fifo.o(i.rt_FIFO_encolar) refers to drv_tiempo.o(i.drv_tiempo_actual_us) for drv_tiempo_actual_us
    rt_fifo.o(i.rt_FIFO_encolar) refers to drv_sc.o(i.drv_SC_salir_enable_irq) for drv_SC_salir_enable_irq
    rt_fifo.o(i.rt_FIFO_encolar) refers to rt_fifo.o(.data) for eventos_sin_tratar
    rt_fifo.o(i.rt_FIFO_encolar) refers to rt_fifo.o(.bss) for cola
    rt_fifo.o(i.rt_FIFO_estadisticas) refers to rt_fifo.o(.bss) for stats
    rt_fifo.o(i.rt_FIFO_extraer) refers to drv_sc.o(i.drv_SC_entrar_disable_irq) for drv_SC_entrar_disable_irq
    rt_fifo.o(i.rt_FIFO_extraer) refers to drv_tiempo.o(i.drv_tiempo_actual_us) for drv_tiempo_actual_us
    rt_fifo.o(i.rt_FIFO_extraer) refers to uldiv.o(.text) for __aeabi_uldivmod
    rt_fifo.o(i.rt_FIFO_extraer) refers to drv_sc.o(i.drv_SC_salir_enable_irq) for drv_SC_salir_enable_irq
    rt_fifo.o(i.rt_FIFO_extraer) refers to rt_fifo.o(.data) for eventos_sin_tratar
    rt_fifo.o(i.rt_FIFO_extraer) refers to rt_fifo.o(.bss) for cola
    rt_fifo.o(i.rt_FIFO_inicializar) refers to drv_monitor.o(i.drv_monitor_desmarcar) for drv_monitor_desmarcar
    rt_fifo.o(i.rt_FIFO_inicializar) refers to rt_fifo.o(.data) for siguiente_a_tratar
    rt_fifo.o(i.rt_FIFO_inicializar) refers to rt_fifo.o(.bss) for stats
    rt_fifo.o(i.verificar_insertar_extraer_en_cola) refers to rt_fifo.o(i.rt_FIFO_encolar) for rt_FIFO_encolar
    rt_fifo.o(i.verificar_insertar_extraer_en_cola) refers to rt_fifo.o(i.rt_FIFO_extraer) for rt_FIFO_extraer
    rt_fifo.o(i.verificar_insertar_extraer_en_cola) refers to rt_fifo.o(i.rt_FIFO_estadisticas) for rt_FIFO_estadisticas
    rt_fifo.o(i.verificar_overflow_cola) refers to rt_fifo.o(i.rt_FIFO_encolar) for rt_FIFO_encolar
    drv_monitor.o(i.drv_monitor_desmarcar) refers to hal_gpio_nrf.o(i.hal_gpio_escribir) for hal_gpio_escribir
    drv_monitor.o(i.drv_monitor_desmarcar) refers to drv_monitor.o(.constdata) for monitors_list
    drv_monitor.o(i.drv_monitor_marcar) refers to hal_gpio_nrf.o(i.hal_gpio_escribir) for hal_gpio_escribir
    drv_monitor.o(i.drv_monitor_marcar) refers to drv_monitor.o(.constdata) for monitors_list
    drv_botones.o(i.actualizar_estado_botones) refers to drv_botones.o(i.boton_pulsado) for boton_pulsado
    drv_botones.o(i.actualizar_estado_botones) refers to srv_alarm.o(i.svc_alarma_codificar) for svc_alarma_codificar
    drv_botones.o(i.actualizar_estado_botones) refers to srv_alarm.o(i.svc_alarma_activar) for svc_alarma_activar
    drv_botones.o(i.actualizar_estado_botones) refers to drv_botones.o(.data) for estado_boton
    drv_botones.o(i.boton_equivalente_pin) refers to drv_botones.o(.data) for button_list
    drv_botones.o(i.boton_pulsado) refers to hal_ext_int_nrf.o(i.hal_ext_int_leer) for hal_ext_int_leer
    drv_botones.o(i.drv_botones_iniciar) refers to hal_ext_int_nrf.o(i.hal_ext_int_iniciar) for hal_ext_int_iniciar
    drv_botones.o(i.drv_botones_iniciar) refers to hal_gpio_nrf.o(i.hal_gpio_sentido) for hal_gpio_sentido
    drv_botones.o(i.drv_botones_iniciar) refers to hal_ext_int_nrf.o(i.hal_habilitar_int) for hal_habilitar_int
    drv_botones.o(i.drv_botones_iniciar) refers to rt_ge.o(i.svc_GE_suscribir) for svc_GE_suscribir
    drv_botones.o(i.drv_botones_iniciar) refers to drv_botones.o(i.f_callback_drv) for f_callback_drv
    drv_botones.o(i.drv_botones_iniciar) refers to drv_botones.o(.data) for estado_actual
    drv_botones.o(i.drv_botones_iniciar) refers to drv_botones.o(i.drv_botones_tratar) for drv_botones_tratar
    drv_botones.o(i.drv_botones_tratar) refers to drv_leds.o(i.drv_led_encender) for drv_led_encender
    drv_botones.o(i.drv_botones_tratar) refers to srv_alarm.o(i.svc_alarma_codificar) for svc_alarma_codificar
    drv_botones.o(i.drv_botones_tratar) refers to srv_alarm.o(i.svc_alarma_activar) for svc_alarma_activar
    drv_botones.o(i.drv_botones_tratar) refers to hal_ext_int_nrf.o(i.hal_ext_int_limpiar) for hal_ext_int_limpiar
    drv_botones.o(i.drv_botones_tratar) refers to drv_botones.o(i.actualizar_estado_botones) for actualizar_estado_botones
    drv_botones.o(i.drv_botones_tratar) refers to drv_botones.o(i.boton_pulsado) for boton_pulsado
    drv_botones.o(i.drv_botones_tratar) refers to hal_ext_int_nrf.o(i.hal_habilitar_int) for hal_habilitar_int
    drv_botones.o(i.drv_botones_tratar) refers to drv_leds.o(i.drv_led_apagar) for drv_led_apagar
    drv_botones.o(i.drv_botones_tratar) refers to drv_botones.o(.data) for estado_actual
    drv_botones.o(i.f_callback_drv) refers to hal_ext_int_nrf.o(i.hal_deshabilitar_int) for hal_deshabilitar_int
    drv_botones.o(i.f_callback_drv) refers to drv_botones.o(i.boton_equivalente_pin) for boton_equivalente_pin
    drv_botones.o(i.f_callback_drv) refers to drv_botones.o(.data) for button_list
    rt_ge.o(i.esEventoUsuario) refers to rt_ge.o(.data) for evs_USUARIO
    rt_ge.o(i.rt_GE_iniciar) refers to drv_consumo.o(i.drv_consumo_iniciar) for drv_consumo_iniciar
    rt_ge.o(i.rt_GE_iniciar) refers to rt_ge.o(i.svc_GE_suscribir) for svc_GE_suscribir
    rt_ge.o(i.rt_GE_iniciar) refers to rt_ge.o(.data) for monitor_overflow
    rt_ge.o(i.rt_GE_iniciar) refers to rt_ge.o(.bss) for gestor_eventos
    rt_ge.o(i.rt_GE_iniciar) refers to rt_ge.o(i.rt_GE_tratar) for rt_GE_tratar
    rt_ge.o(i.rt_GE_lanzador) refers to hal_wdt_nrf.o(i.hal_WDT_iniciar) for hal_WDT_iniciar
    rt_ge.o(i.rt_GE_lanzador) refers to srv_alarm.o(i.svc_alarma_codificar) for svc_alarma_codificar
    rt_ge.o(i.rt_GE_lanzador) refers to srv_alarm.o(i.svc_alarma_activar) for svc_alarma_activar
    rt_ge.o(i.rt_GE_lanzador) refers to rt_fifo.o(i.rt_FIFO_extraer) for rt_FIFO_extraer
    rt_ge.o(i.rt_GE_lanzador) refers to drv_consumo.o(i.drv_consumo_esperar) for drv_consumo_esperar
    rt_ge.o(i.rt_GE_lanzador) refers to rt_ge.o(.bss) for gestor_eventos
    rt_ge.o(i.rt_GE_tratar) refers to rt_ge.o(i.esEventoUsuario) for esEventoUsuario
    rt_ge.o(i.rt_GE_tratar) refers to srv_alarm.o(i.svc_alarma_codificar) for svc_alarma_codificar
    rt_ge.o(i.rt_GE_tratar) refers to srv_alarm.o(i.svc_alarma_activar) for svc_alarma_activar
    rt_ge.o(i.rt_GE_tratar) refers to drv_consumo.o(i.drv_consumo_dormir) for drv_consumo_dormir
    rt_ge.o(i.svc_GE_cancelar) refers to rt_ge.o(.bss) for gestor_eventos
    rt_ge.o(i.svc_GE_suscribir) refers to drv_monitor.o(i.drv_monitor_marcar) for drv_monitor_marcar
    rt_ge.o(i.svc_GE_suscribir) refers to hal_wdt_nrf.o(i.hal_WDT_feed) for hal_WDT_feed
    rt_ge.o(i.svc_GE_suscribir) refers to rt_ge.o(.bss) for gestor_eventos
    rt_ge.o(i.svc_GE_suscribir) refers to rt_ge.o(.data) for monitor_overflow
    srv_alarm.o(i.svc_alarma_activar) refers to drv_sc.o(i.drv_SC_entrar_disable_irq) for drv_SC_entrar_disable_irq
    srv_alarm.o(i.svc_alarma_activar) refers to drv_sc.o(i.drv_SC_salir_enable_irq) for drv_SC_salir_enable_irq
    srv_alarm.o(i.svc_alarma_activar) refers to hal_wdt_nrf.o(i.hal_WDT_feed) for hal_WDT_feed
    srv_alarm.o(i.svc_alarma_activar) refers to drv_tiempo.o(i.drv_tiempo_actual_ms) for drv_tiempo_actual_ms
    srv_alarm.o(i.svc_alarma_activar) refers to memcpya.o(.text) for __aeabi_memcpy4
    srv_alarm.o(i.svc_alarma_activar) refers to drv_monitor.o(i.drv_monitor_marcar) for drv_monitor_marcar
    srv_alarm.o(i.svc_alarma_activar) refers to srv_alarm.o(.bss) for lista_alarmas
    srv_alarm.o(i.svc_alarma_activar) refers to srv_alarm.o(.data) for num_alarmas
    srv_alarm.o(i.svc_alarma_iniciar) refers to rt_ge.o(i.svc_GE_suscribir) for svc_GE_suscribir
    srv_alarm.o(i.svc_alarma_iniciar) refers to drv_monitor.o(i.drv_monitor_desmarcar) for drv_monitor_desmarcar
    srv_alarm.o(i.svc_alarma_iniciar) refers to drv_tiempo.o(i.drv_tiempo_periodico_ms) for drv_tiempo_periodico_ms
    srv_alarm.o(i.svc_alarma_iniciar) refers to srv_alarm.o(i.svc_alarma_tratar) for svc_alarma_tratar
    srv_alarm.o(i.svc_alarma_iniciar) refers to srv_alarm.o(.data) for callback_funcion
    srv_alarm.o(i.svc_alarma_iniciar) refers to srv_alarm.o(.bss) for lista_alarmas
    srv_alarm.o(i.svc_alarma_tratar) refers to drv_sc.o(i.drv_SC_entrar_disable_irq) for drv_SC_entrar_disable_irq
    srv_alarm.o(i.svc_alarma_tratar) refers to memcpya.o(.text) for __aeabi_memcpy4
    srv_alarm.o(i.svc_alarma_tratar) refers to drv_sc.o(i.drv_SC_salir_enable_irq) for drv_SC_salir_enable_irq
    srv_alarm.o(i.svc_alarma_tratar) refers to srv_alarm.o(.bss) for lista_alarmas
    srv_alarm.o(i.svc_alarma_tratar) refers to srv_alarm.o(.data) for callback_funcion
    drv_sc.o(i.drv_SC_entrar_disable_irq) refers to drv_sc.o(.data) for m_in_critical_region
    drv_sc.o(i.drv_SC_salir_enable_irq) refers to drv_sc.o(.data) for m_in_critical_region
    simon.o(i.leds_conmutar) refers to drv_leds.o(i.drv_led_conmutar) for drv_led_conmutar
    simon.o(i.reiniciar_juego) refers to srv_alarm.o(i.svc_alarma_codificar) for svc_alarma_codificar
    simon.o(i.reiniciar_juego) refers to srv_alarm.o(i.svc_alarma_activar) for svc_alarma_activar
    simon.o(i.reiniciar_juego) refers to simon.o(.data) for estado_simon
    simon.o(i.simon_conmutar_leds) refers to drv_leds.o(i.drv_led_conmutar) for drv_led_conmutar
    simon.o(i.simon_conmutar_leds) refers to srv_alarm.o(i.svc_alarma_codificar) for svc_alarma_codificar
    simon.o(i.simon_conmutar_leds) refers to srv_alarm.o(i.svc_alarma_activar) for svc_alarma_activar
    simon.o(i.simon_conmutar_leds) refers to simon.o(i.reiniciar_juego) for reiniciar_juego
    simon.o(i.simon_conmutar_leds) refers to simon.o(.data) for posicion_simon
    simon.o(i.simon_iniciar) refers to rt_fifo.o(i.rt_FIFO_inicializar) for rt_FIFO_inicializar
    simon.o(i.simon_iniciar) refers to rt_ge.o(i.rt_GE_iniciar) for rt_GE_iniciar
    simon.o(i.simon_iniciar) refers to drv_tiempo.o(i.drv_tiempo_actual_ms) for drv_tiempo_actual_ms
    simon.o(i.simon_iniciar) refers to hal_random_nrf.o(i.hal_random_iniciar) for hal_random_iniciar
    simon.o(i.simon_iniciar) refers to srv_alarm.o(i.svc_alarma_iniciar) for svc_alarma_iniciar
    simon.o(i.simon_iniciar) refers to drv_botones.o(i.drv_botones_iniciar) for drv_botones_iniciar
    simon.o(i.simon_iniciar) refers to rt_ge.o(i.svc_GE_suscribir) for svc_GE_suscribir
    simon.o(i.simon_iniciar) refers to srv_alarm.o(i.svc_alarma_codificar) for svc_alarma_codificar
    simon.o(i.simon_iniciar) refers to srv_alarm.o(i.svc_alarma_activar) for svc_alarma_activar
    simon.o(i.simon_iniciar) refers to rt_ge.o(i.rt_GE_lanzador) for rt_GE_lanzador
    simon.o(i.simon_iniciar) refers to rt_fifo.o(i.rt_FIFO_encolar) for rt_FIFO_encolar
    simon.o(i.simon_iniciar) refers to simon.o(i.reiniciar_juego) for reiniciar_juego
    simon.o(i.simon_iniciar) refers to simon.o(i.simon_conmutar_leds) for simon_conmutar_leds
    simon.o(i.simon_iniciar) refers to simon.o(i.simon_mostrar_seq_juego) for simon_mostrar_seq_juego
    simon.o(i.simon_iniciar) refers to simon.o(i.simon_mostrar_seq_inicial) for simon_mostrar_seq_inicial
    simon.o(i.simon_iniciar) refers to simon.o(i.simon_tratar) for simon_tratar
    simon.o(i.simon_iniciar) refers to simon.o(.data) for estado_simon
    simon.o(i.simon_mostrar_seq_inicial) refers to simon.o(i.leds_conmutar) for leds_conmutar
    simon.o(i.simon_mostrar_seq_inicial) refers to srv_alarm.o(i.svc_alarma_codificar) for svc_alarma_codificar
    simon.o(i.simon_mostrar_seq_inicial) refers to srv_alarm.o(i.svc_alarma_activar) for svc_alarma_activar
    simon.o(i.simon_mostrar_seq_juego) refers to simon.o(i.leds_conmutar) for leds_conmutar
    simon.o(i.simon_mostrar_seq_juego) refers to srv_alarm.o(i.svc_alarma_codificar) for svc_alarma_codificar
    simon.o(i.simon_mostrar_seq_juego) refers to srv_alarm.o(i.svc_alarma_activar) for svc_alarma_activar
    simon.o(i.simon_mostrar_seq_juego) refers to simon.o(.data) for posicion_simon
    simon.o(i.simon_mostrar_seq_juego) refers to simon.o(.bss) for leds_simon
    simon.o(i.simon_tratar) refers to hal_random_nrf.o(i.hal_random_generar) for hal_random_generar
    simon.o(i.simon_tratar) refers to drv_leds.o(i.drv_led_apagar) for drv_led_apagar
    simon.o(i.simon_tratar) refers to srv_alarm.o(i.svc_alarma_codificar) for svc_alarma_codificar
    simon.o(i.simon_tratar) refers to srv_alarm.o(i.svc_alarma_activar) for svc_alarma_activar
    simon.o(i.simon_tratar) refers to simon.o(.data) for estado_simon
    simon.o(i.simon_tratar) refers to simon.o(.bss) for leds_simon
    counter_strike.o(i.iniciar_juego) refers to drv_consumo.o(i.drv_consumo_iniciar) for drv_consumo_iniciar
    counter_strike.o(i.iniciar_juego) refers to rt_fifo.o(i.rt_FIFO_inicializar) for rt_FIFO_inicializar
    counter_strike.o(i.iniciar_juego) refers to rt_ge.o(i.rt_GE_iniciar) for rt_GE_iniciar
    counter_strike.o(i.iniciar_juego) refers to srv_alarm.o(i.svc_alarma_iniciar) for svc_alarma_iniciar
    counter_strike.o(i.iniciar_juego) refers to drv_botones.o(i.drv_botones_iniciar) for drv_botones_iniciar
    counter_strike.o(i.iniciar_juego) refers to rt_ge.o(i.svc_GE_suscribir) for svc_GE_suscribir
    counter_strike.o(i.iniciar_juego) refers to rt_fifo.o(i.rt_FIFO_encolar) for rt_FIFO_encolar
    counter_strike.o(i.iniciar_juego) refers to rt_ge.o(i.rt_GE_lanzador) for rt_GE_lanzador
    counter_strike.o(i.iniciar_juego) refers to counter_strike.o(i.juego) for juego
    counter_strike.o(i.iniciar_juego) refers to counter_strike.o(.data) for estado_juego
    counter_strike.o(i.juego) refers to drv_leds.o(i.drv_led_encender) for drv_led_encender
    counter_strike.o(i.juego) refers to drv_leds.o(i.drv_led_apagar) for drv_led_apagar
    counter_strike.o(i.juego) refers to rt_fifo.o(i.rt_FIFO_encolar) for rt_FIFO_encolar
    counter_strike.o(i.juego) refers to counter_strike.o(.data) for estado_juego
    test.o(i.leds_c) refers to drv_leds.o(i.drv_led_conmutar) for drv_led_conmutar
    test.o(i.pruebas_botones) refers to drv_consumo.o(i.drv_consumo_iniciar) for drv_consumo_iniciar
    test.o(i.pruebas_botones) refers to rt_fifo.o(i.rt_FIFO_inicializar) for rt_FIFO_inicializar
    test.o(i.pruebas_botones) refers to rt_ge.o(i.rt_GE_iniciar) for rt_GE_iniciar
    test.o(i.pruebas_botones) refers to srv_alarm.o(i.svc_alarma_iniciar) for svc_alarma_iniciar
    test.o(i.pruebas_botones) refers to drv_botones.o(i.drv_botones_iniciar) for drv_botones_iniciar
    test.o(i.pruebas_botones) refers to rt_ge.o(i.svc_GE_suscribir) for svc_GE_suscribir
    test.o(i.pruebas_botones) refers to rt_ge.o(i.rt_GE_lanzador) for rt_GE_lanzador
    test.o(i.pruebas_botones) refers to rt_fifo.o(i.rt_FIFO_encolar) for rt_FIFO_encolar
    test.o(i.pruebas_botones) refers to test.o(i.leds_c) for leds_c
    test.o(i.test_WDT) refers to hal_wdt_nrf.o(i.hal_WDT_iniciar) for hal_WDT_iniciar
    test.o(i.test_WDT) refers to drv_leds.o(i.drv_led_encender) for drv_led_encender
    test.o(i.test_alarmas) refers to srv_alarm.o(i.svc_alarma_iniciar) for svc_alarma_iniciar
    test.o(i.test_alarmas) refers to srv_alarm.o(i.svc_alarma_codificar) for svc_alarma_codificar
    test.o(i.test_alarmas) refers to srv_alarm.o(i.svc_alarma_activar) for svc_alarma_activar
    test.o(i.test_alarmas) refers to rt_fifo.o(i.rt_FIFO_extraer) for rt_FIFO_extraer
    test.o(i.test_alarmas) refers to test.o(i.leds_c) for leds_c
    test.o(i.test_alarmas) refers to rt_fifo.o(i.rt_FIFO_encolar) for rt_FIFO_encolar
    test.o(i.test_rt_FIFO) refers to rt_fifo.o(i.rt_FIFO_inicializar) for rt_FIFO_inicializar
    test.o(i.test_rt_FIFO) refers to rt_fifo.o(i.verificar_overflow_cola) for verificar_overflow_cola
    hal_tiempo_nrf.o(i.TIMER0_IRQHandler) refers to hal_tiempo_nrf.o(.data) for timer0_int_count
    hal_tiempo_nrf.o(i.TIMER1_IRQHandler) refers to hal_tiempo_nrf.o(.data) for f_callback
    hal_tiempo_nrf.o(i.hal_tiempo_actual_tick) refers to hal_tiempo_nrf.o(.data) for timer0_int_count
    hal_tiempo_nrf.o(i.hal_tiempo_iniciar_tick) refers to hal_tiempo_nrf.o(i.__NVIC_EnableIRQ) for __NVIC_EnableIRQ
    hal_tiempo_nrf.o(i.hal_tiempo_iniciar_tick) refers to hal_tiempo_nrf.o(.data) for timer0_int_count
    hal_tiempo_nrf.o(i.hal_tiempo_reloj_periodico_tick) refers to hal_tiempo_nrf.o(i.__NVIC_EnableIRQ) for __NVIC_EnableIRQ
    hal_tiempo_nrf.o(i.hal_tiempo_reloj_periodico_tick) refers to hal_tiempo_nrf.o(.data) for f_callback
    hal_ext_int_nrf.o(i.GPIOTE_IRQHandler) refers to hal_ext_int_nrf.o(i.f_callbackIRQ) for f_callbackIRQ
    hal_ext_int_nrf.o(i.GPIOTE_IRQHandler) refers to hal_ext_int_nrf.o(.bss) for pin_a_canal
    hal_ext_int_nrf.o(i.encontrar_canal_libre) refers to hal_ext_int_nrf.o(.bss) for pin_a_canal
    hal_ext_int_nrf.o(i.f_callbackIRQ) refers to hal_ext_int_nrf.o(.data) for callback_func
    hal_ext_int_nrf.o(i.hal_deshabilitar_int) refers to hal_ext_int_nrf.o(.bss) for pin_a_canal
    hal_ext_int_nrf.o(i.hal_deshabilitar_int) refers to hal_ext_int_nrf.o(.data) for canales_ocupados
    hal_ext_int_nrf.o(i.hal_ext_int_iniciar) refers to hal_ext_int_nrf.o(.data) for callback_func
    hal_ext_int_nrf.o(i.hal_ext_int_iniciar) refers to hal_ext_int_nrf.o(.bss) for pin_a_canal
    hal_ext_int_nrf.o(i.hal_ext_int_leer) refers to hal_gpio_nrf.o(i.hal_gpio_leer) for hal_gpio_leer
    hal_ext_int_nrf.o(i.hal_ext_int_limpiar) refers to hal_ext_int_nrf.o(.data) for canales_ocupados
    hal_ext_int_nrf.o(i.hal_ext_int_limpiar) refers to hal_ext_int_nrf.o(.bss) for pin_a_canal
    hal_ext_int_nrf.o(i.hal_habilitar_int) refers to hal_ext_int_nrf.o(i.encontrar_canal_libre) for encontrar_canal_libre
    hal_ext_int_nrf.o(i.hal_habilitar_int) refers to hal_ext_int_nrf.o(.bss) for pin_a_canal
    hal_ext_int_nrf.o(i.hal_habilitar_int) refers to hal_ext_int_nrf.o(.data) for canales_ocupados
    hal_wdt_nrf.o(i.hal_WDT_feed) refers to drv_sc.o(i.drv_SC_entrar_disable_irq) for drv_SC_entrar_disable_irq
    hal_wdt_nrf.o(i.hal_WDT_feed) refers to drv_sc.o(i.drv_SC_salir_enable_irq) for drv_SC_salir_enable_irq
    hal_wdt_nrf.o(i.hal_WDT_iniciar) refers to hal_wdt_nrf.o(i.hal_WDT_feed) for hal_WDT_feed
    arm_startup_nrf52840.o(RESET) refers to arm_startup_nrf52840.o(STACK) for __initial_sp
    arm_startup_nrf52840.o(RESET) refers to arm_startup_nrf52840.o(.text) for Reset_Handler
    arm_startup_nrf52840.o(RESET) refers to hal_ext_int_nrf.o(i.GPIOTE_IRQHandler) for GPIOTE_IRQHandler
    arm_startup_nrf52840.o(RESET) refers to hal_tiempo_nrf.o(i.TIMER0_IRQHandler) for TIMER0_IRQHandler
    arm_startup_nrf52840.o(RESET) refers to hal_tiempo_nrf.o(i.TIMER1_IRQHandler) for TIMER1_IRQHandler
    arm_startup_nrf52840.o(.text) refers to system_nrf52.o(i.SystemInit) for SystemInit
    arm_startup_nrf52840.o(.text) refers to entry.o(.ARM.Collect$$$$00000000) for __main
    system_nrf52.o(i.SystemCoreClockUpdate) refers to system_nrf52.o(.data) for SystemCoreClock
    system_nrf52.o(i.SystemInit) refers to system_nrf52.o(i.nrf52_errata_36) for nrf52_errata_36
    system_nrf52.o(i.SystemInit) refers to system_nrf52.o(i.nrf52_errata_66) for nrf52_errata_66
    system_nrf52.o(i.SystemInit) refers to system_nrf52.o(i.nrf52_errata_98) for nrf52_errata_98
    system_nrf52.o(i.SystemInit) refers to system_nrf52.o(i.nrf52_errata_103) for nrf52_errata_103
    system_nrf52.o(i.SystemInit) refers to system_nrf52.o(i.nrf52_errata_115) for nrf52_errata_115
    system_nrf52.o(i.SystemInit) refers to system_nrf52.o(i.nrf52_errata_120) for nrf52_errata_120
    system_nrf52.o(i.SystemInit) refers to system_nrf52.o(i.nrf52_errata_136) for nrf52_errata_136
    system_nrf52.o(i.SystemInit) refers to system_nrf52.o(i.nrf52_configuration_249) for nrf52_configuration_249
    system_nrf52.o(i.SystemInit) refers to system_nrf52.o(i.nvmc_config) for nvmc_config
    system_nrf52.o(i.SystemInit) refers to system_nrf52.o(i.nvmc_wait) for nvmc_wait
    system_nrf52.o(i.SystemInit) refers to system_nrf52.o(i.SystemCoreClockUpdate) for SystemCoreClockUpdate
    system_nrf52.o(i.nvmc_config) refers to system_nrf52.o(i.nvmc_wait) for nvmc_wait
    entry.o(.ARM.Collect$$$$00000000) refers (Special) to entry10a.o(.ARM.Collect$$$$0000000D) for __rt_final_cpp
    entry.o(.ARM.Collect$$$$00000000) refers (Special) to entry11a.o(.ARM.Collect$$$$0000000F) for __rt_final_exit
    entry.o(.ARM.Collect$$$$00000000) refers (Special) to entry7b.o(.ARM.Collect$$$$00000008) for _main_clock
    entry.o(.ARM.Collect$$$$00000000) refers (Special) to entry8b.o(.ARM.Collect$$$$0000000A) for _main_cpp_init
    entry.o(.ARM.Collect$$$$00000000) refers (Special) to entry9a.o(.ARM.Collect$$$$0000000B) for _main_init
    entry.o(.ARM.Collect$$$$00000000) refers (Special) to entry5.o(.ARM.Collect$$$$00000004) for _main_scatterload
    entry.o(.ARM.Collect$$$$00000000) refers (Special) to entry2.o(.ARM.Collect$$$$00000001) for _main_stk
    uldiv.o(.text) refers to llushr.o(.text) for __aeabi_llsr
    uldiv.o(.text) refers to llshl.o(.text) for __aeabi_llsl
    entry2.o(.ARM.Collect$$$$00000001) refers to entry2.o(.ARM.Collect$$$$00002712) for __lit__00000000
    entry2.o(.ARM.Collect$$$$00002712) refers to arm_startup_nrf52840.o(STACK) for __initial_sp
    entry2.o(__vectab_stack_and_reset_area) refers to arm_startup_nrf52840.o(STACK) for __initial_sp
    entry2.o(__vectab_stack_and_reset_area) refers to entry.o(.ARM.Collect$$$$00000000) for __main
    entry5.o(.ARM.Collect$$$$00000004) refers to init.o(.text) for __scatterload
    entry9a.o(.ARM.Collect$$$$0000000B) refers to main.o(i.main) for main
    entry9b.o(.ARM.Collect$$$$0000000C) refers to main.o(i.main) for main
    init.o(.text) refers to entry5.o(.ARM.Collect$$$$00000004) for __main_after_scatterload


==============================================================================

Removing Unused input sections from the image.

    Removing drv_leds.o(.data), (48 bytes).
    Removing drv_tiempo.o(i.drv_tiempo_esperar_hasta_ms), (20 bytes).
    Removing drv_tiempo.o(i.drv_tiempo_esperar_ms), (24 bytes).
    Removing rt_fifo.o(i.rt_FIFO_estadisticas), (24 bytes).
    Removing rt_fifo.o(i.verificar_insertar_extraer_en_cola), (160 bytes).
    Removing rt_fifo.o(i.verificar_overflow_cola), (22 bytes).
    Removing drv_monitor.o(.data), (48 bytes).
    Removing rt_ge.o(i.svc_GE_cancelar), (96 bytes).
    Removing counter_strike.o(i.iniciar_juego), (92 bytes).
    Removing counter_strike.o(i.juego), (164 bytes).
    Removing counter_strike.o(.data), (56 bytes).
    Removing test.o(i.leds_c), (14 bytes).
    Removing test.o(i.pruebas_botones), (64 bytes).
    Removing test.o(i.test_WDT), (16 bytes).
    Removing test.o(i.test_alarmas), (72 bytes).
    Removing test.o(i.test_rt_FIFO), (14 bytes).
    Removing test.o(.data), (48 bytes).
    Removing hal_gpio_nrf.o(.rev16_text), (4 bytes).
    Removing hal_gpio_nrf.o(.revsh_text), (4 bytes).
    Removing hal_gpio_nrf.o(.rrx_text), (6 bytes).
    Removing hal_gpio_nrf.o(i.hal_gpio_escribir_n), (48 bytes).
    Removing hal_gpio_nrf.o(i.hal_gpio_leer_n), (28 bytes).
    Removing hal_gpio_nrf.o(i.hal_gpio_sentido_n), (68 bytes).
    Removing hal_tiempo_nrf.o(.rev16_text), (4 bytes).
    Removing hal_tiempo_nrf.o(.revsh_text), (4 bytes).
    Removing hal_tiempo_nrf.o(.rrx_text), (6 bytes).
    Removing hal_consumo_nrf.o(.rev16_text), (4 bytes).
    Removing hal_consumo_nrf.o(.revsh_text), (4 bytes).
    Removing hal_consumo_nrf.o(.rrx_text), (6 bytes).
    Removing hal_ext_int_nrf.o(.rev16_text), (4 bytes).
    Removing hal_ext_int_nrf.o(.revsh_text), (4 bytes).
    Removing hal_ext_int_nrf.o(.rrx_text), (6 bytes).
    Removing hal_ext_int_nrf.o(i.hal_deshabilitar_despertar), (20 bytes).
    Removing hal_ext_int_nrf.o(i.hal_habilitar_despertar), (24 bytes).
    Removing hal_wdt_nrf.o(.rev16_text), (4 bytes).
    Removing hal_wdt_nrf.o(.revsh_text), (4 bytes).
    Removing hal_wdt_nrf.o(.rrx_text), (6 bytes).
    Removing hal_random_nrf.o(.rev16_text), (4 bytes).
    Removing hal_random_nrf.o(.revsh_text), (4 bytes).
    Removing hal_random_nrf.o(.rrx_text), (6 bytes).
    Removing arm_startup_nrf52840.o(HEAP), (16384 bytes).
    Removing system_nrf52.o(.rev16_text), (4 bytes).
    Removing system_nrf52.o(.revsh_text), (4 bytes).
    Removing system_nrf52.o(.rrx_text), (6 bytes).
    Removing system_nrf52.o(i.nrf52_configuration_254), (68 bytes).
    Removing system_nrf52.o(i.nrf52_configuration_255), (4 bytes).
    Removing system_nrf52.o(i.nrf52_configuration_256), (4 bytes).
    Removing system_nrf52.o(i.nrf52_configuration_257), (4 bytes).
    Removing system_nrf52.o(i.nrf52_errata_1), (4 bytes).
    Removing system_nrf52.o(i.nrf52_errata_10), (4 bytes).
    Removing system_nrf52.o(i.nrf52_errata_101), (4 bytes).
    Removing system_nrf52.o(i.nrf52_errata_102), (4 bytes).
    Removing system_nrf52.o(i.nrf52_errata_104), (68 bytes).
    Removing system_nrf52.o(i.nrf52_errata_106), (4 bytes).
    Removing system_nrf52.o(i.nrf52_errata_107), (4 bytes).
    Removing system_nrf52.o(i.nrf52_errata_108), (4 bytes).
    Removing system_nrf52.o(i.nrf52_errata_109), (4 bytes).
    Removing system_nrf52.o(i.nrf52_errata_11), (4 bytes).
    Removing system_nrf52.o(i.nrf52_errata_110), (68 bytes).
    Removing system_nrf52.o(i.nrf52_errata_111), (68 bytes).
    Removing system_nrf52.o(i.nrf52_errata_112), (68 bytes).
    Removing system_nrf52.o(i.nrf52_errata_113), (68 bytes).
    Removing system_nrf52.o(i.nrf52_errata_116), (68 bytes).
    Removing system_nrf52.o(i.nrf52_errata_117), (68 bytes).
    Removing system_nrf52.o(i.nrf52_errata_118), (68 bytes).
    Removing system_nrf52.o(i.nrf52_errata_119), (68 bytes).
    Removing system_nrf52.o(i.nrf52_errata_12), (4 bytes).
    Removing system_nrf52.o(i.nrf52_errata_121), (68 bytes).
    Removing system_nrf52.o(i.nrf52_errata_122), (68 bytes).
    Removing system_nrf52.o(i.nrf52_errata_127), (68 bytes).
    Removing system_nrf52.o(i.nrf52_errata_128), (68 bytes).
    Removing system_nrf52.o(i.nrf52_errata_131), (68 bytes).
    Removing system_nrf52.o(i.nrf52_errata_132), (4 bytes).
    Removing system_nrf52.o(i.nrf52_errata_133), (68 bytes).
    Removing system_nrf52.o(i.nrf52_errata_134), (68 bytes).
    Removing system_nrf52.o(i.nrf52_errata_135), (68 bytes).
    Removing system_nrf52.o(i.nrf52_errata_138), (4 bytes).
    Removing system_nrf52.o(i.nrf52_errata_140), (68 bytes).
    Removing system_nrf52.o(i.nrf52_errata_141), (4 bytes).
    Removing system_nrf52.o(i.nrf52_errata_142), (68 bytes).
    Removing system_nrf52.o(i.nrf52_errata_143), (68 bytes).
    Removing system_nrf52.o(i.nrf52_errata_144), (68 bytes).
    Removing system_nrf52.o(i.nrf52_errata_145), (68 bytes).
    Removing system_nrf52.o(i.nrf52_errata_146), (4 bytes).
    Removing system_nrf52.o(i.nrf52_errata_147), (68 bytes).
    Removing system_nrf52.o(i.nrf52_errata_149), (4 bytes).
    Removing system_nrf52.o(i.nrf52_errata_15), (68 bytes).
    Removing system_nrf52.o(i.nrf52_errata_150), (68 bytes).
    Removing system_nrf52.o(i.nrf52_errata_151), (68 bytes).
    Removing system_nrf52.o(i.nrf52_errata_153), (68 bytes).
    Removing system_nrf52.o(i.nrf52_errata_154), (68 bytes).
    Removing system_nrf52.o(i.nrf52_errata_155), (68 bytes).
    Removing system_nrf52.o(i.nrf52_errata_156), (68 bytes).
    Removing system_nrf52.o(i.nrf52_errata_158), (68 bytes).
    Removing system_nrf52.o(i.nrf52_errata_16), (4 bytes).
    Removing system_nrf52.o(i.nrf52_errata_160), (68 bytes).
    Removing system_nrf52.o(i.nrf52_errata_162), (68 bytes).
    Removing system_nrf52.o(i.nrf52_errata_163), (4 bytes).
    Removing system_nrf52.o(i.nrf52_errata_164), (68 bytes).
    Removing system_nrf52.o(i.nrf52_errata_166), (68 bytes).
    Removing system_nrf52.o(i.nrf52_errata_17), (4 bytes).
    Removing system_nrf52.o(i.nrf52_errata_170), (68 bytes).
    Removing system_nrf52.o(i.nrf52_errata_171), (68 bytes).
    Removing system_nrf52.o(i.nrf52_errata_172), (68 bytes).
    Removing system_nrf52.o(i.nrf52_errata_173), (68 bytes).
    Removing system_nrf52.o(i.nrf52_errata_174), (68 bytes).
    Removing system_nrf52.o(i.nrf52_errata_176), (68 bytes).
    Removing system_nrf52.o(i.nrf52_errata_178), (4 bytes).
    Removing system_nrf52.o(i.nrf52_errata_179), (68 bytes).
    Removing system_nrf52.o(i.nrf52_errata_180), (68 bytes).
    Removing system_nrf52.o(i.nrf52_errata_181), (68 bytes).
    Removing system_nrf52.o(i.nrf52_errata_182), (4 bytes).
    Removing system_nrf52.o(i.nrf52_errata_183), (68 bytes).
    Removing system_nrf52.o(i.nrf52_errata_184), (68 bytes).
    Removing system_nrf52.o(i.nrf52_errata_186), (68 bytes).
    Removing system_nrf52.o(i.nrf52_errata_187), (68 bytes).
    Removing system_nrf52.o(i.nrf52_errata_189), (68 bytes).
    Removing system_nrf52.o(i.nrf52_errata_190), (68 bytes).
    Removing system_nrf52.o(i.nrf52_errata_191), (68 bytes).
    Removing system_nrf52.o(i.nrf52_errata_192), (68 bytes).
    Removing system_nrf52.o(i.nrf52_errata_193), (68 bytes).
    Removing system_nrf52.o(i.nrf52_errata_194), (68 bytes).
    Removing system_nrf52.o(i.nrf52_errata_195), (68 bytes).
    Removing system_nrf52.o(i.nrf52_errata_196), (68 bytes).
    Removing system_nrf52.o(i.nrf52_errata_197), (68 bytes).
    Removing system_nrf52.o(i.nrf52_errata_198), (68 bytes).
    Removing system_nrf52.o(i.nrf52_errata_199), (68 bytes).
    Removing system_nrf52.o(i.nrf52_errata_2), (4 bytes).
    Removing system_nrf52.o(i.nrf52_errata_20), (68 bytes).
    Removing system_nrf52.o(i.nrf52_errata_200), (68 bytes).
    Removing system_nrf52.o(i.nrf52_errata_201), (68 bytes).
    Removing system_nrf52.o(i.nrf52_errata_202), (68 bytes).
    Removing system_nrf52.o(i.nrf52_errata_204), (68 bytes).
    Removing system_nrf52.o(i.nrf52_errata_208), (68 bytes).
    Removing system_nrf52.o(i.nrf52_errata_209), (68 bytes).
    Removing system_nrf52.o(i.nrf52_errata_210), (68 bytes).
    Removing system_nrf52.o(i.nrf52_errata_211), (68 bytes).
    Removing system_nrf52.o(i.nrf52_errata_212), (68 bytes).
    Removing system_nrf52.o(i.nrf52_errata_213), (68 bytes).
    Removing system_nrf52.o(i.nrf52_errata_214), (68 bytes).
    Removing system_nrf52.o(i.nrf52_errata_215), (68 bytes).
    Removing system_nrf52.o(i.nrf52_errata_216), (68 bytes).
    Removing system_nrf52.o(i.nrf52_errata_217), (4 bytes).
    Removing system_nrf52.o(i.nrf52_errata_218), (68 bytes).
    Removing system_nrf52.o(i.nrf52_errata_219), (68 bytes).
    Removing system_nrf52.o(i.nrf52_errata_220), (4 bytes).
    Removing system_nrf52.o(i.nrf52_errata_223), (4 bytes).
    Removing system_nrf52.o(i.nrf52_errata_225), (4 bytes).
    Removing system_nrf52.o(i.nrf52_errata_228), (68 bytes).
    Removing system_nrf52.o(i.nrf52_errata_23), (4 bytes).
    Removing system_nrf52.o(i.nrf52_errata_230), (4 bytes).
    Removing system_nrf52.o(i.nrf52_errata_231), (4 bytes).
    Removing system_nrf52.o(i.nrf52_errata_232), (4 bytes).
    Removing system_nrf52.o(i.nrf52_errata_233), (68 bytes).
    Removing system_nrf52.o(i.nrf52_errata_236), (68 bytes).
    Removing system_nrf52.o(i.nrf52_errata_237), (68 bytes).
    Removing system_nrf52.o(i.nrf52_errata_24), (4 bytes).
    Removing system_nrf52.o(i.nrf52_errata_242), (68 bytes).
    Removing system_nrf52.o(i.nrf52_errata_243), (68 bytes).
    Removing system_nrf52.o(i.nrf52_errata_244), (68 bytes).
    Removing system_nrf52.o(i.nrf52_errata_245), (68 bytes).
    Removing system_nrf52.o(i.nrf52_errata_246), (68 bytes).
    Removing system_nrf52.o(i.nrf52_errata_248), (68 bytes).
    Removing system_nrf52.o(i.nrf52_errata_25), (4 bytes).
    Removing system_nrf52.o(i.nrf52_errata_250), (4 bytes).
    Removing system_nrf52.o(i.nrf52_errata_26), (4 bytes).
    Removing system_nrf52.o(i.nrf52_errata_27), (4 bytes).
    Removing system_nrf52.o(i.nrf52_errata_28), (4 bytes).
    Removing system_nrf52.o(i.nrf52_errata_29), (4 bytes).
    Removing system_nrf52.o(i.nrf52_errata_3), (4 bytes).
    Removing system_nrf52.o(i.nrf52_errata_30), (4 bytes).
    Removing system_nrf52.o(i.nrf52_errata_31), (4 bytes).
    Removing system_nrf52.o(i.nrf52_errata_32), (4 bytes).
    Removing system_nrf52.o(i.nrf52_errata_33), (4 bytes).
    Removing system_nrf52.o(i.nrf52_errata_34), (4 bytes).
    Removing system_nrf52.o(i.nrf52_errata_35), (4 bytes).
    Removing system_nrf52.o(i.nrf52_errata_37), (4 bytes).
    Removing system_nrf52.o(i.nrf52_errata_38), (4 bytes).
    Removing system_nrf52.o(i.nrf52_errata_39), (4 bytes).
    Removing system_nrf52.o(i.nrf52_errata_4), (4 bytes).
    Removing system_nrf52.o(i.nrf52_errata_40), (4 bytes).
    Removing system_nrf52.o(i.nrf52_errata_41), (4 bytes).
    Removing system_nrf52.o(i.nrf52_errata_42), (4 bytes).
    Removing system_nrf52.o(i.nrf52_errata_43), (4 bytes).
    Removing system_nrf52.o(i.nrf52_errata_44), (4 bytes).
    Removing system_nrf52.o(i.nrf52_errata_46), (4 bytes).
    Removing system_nrf52.o(i.nrf52_errata_47), (4 bytes).
    Removing system_nrf52.o(i.nrf52_errata_48), (4 bytes).
    Removing system_nrf52.o(i.nrf52_errata_49), (4 bytes).
    Removing system_nrf52.o(i.nrf52_errata_51), (4 bytes).
    Removing system_nrf52.o(i.nrf52_errata_54), (68 bytes).
    Removing system_nrf52.o(i.nrf52_errata_55), (68 bytes).
    Removing system_nrf52.o(i.nrf52_errata_57), (4 bytes).
    Removing system_nrf52.o(i.nrf52_errata_58), (68 bytes).
    Removing system_nrf52.o(i.nrf52_errata_62), (4 bytes).
    Removing system_nrf52.o(i.nrf52_errata_63), (4 bytes).
    Removing system_nrf52.o(i.nrf52_errata_64), (4 bytes).
    Removing system_nrf52.o(i.nrf52_errata_65), (4 bytes).
    Removing system_nrf52.o(i.nrf52_errata_67), (4 bytes).
    Removing system_nrf52.o(i.nrf52_errata_68), (68 bytes).
    Removing system_nrf52.o(i.nrf52_errata_7), (4 bytes).
    Removing system_nrf52.o(i.nrf52_errata_70), (4 bytes).
    Removing system_nrf52.o(i.nrf52_errata_71), (4 bytes).
    Removing system_nrf52.o(i.nrf52_errata_72), (4 bytes).
    Removing system_nrf52.o(i.nrf52_errata_73), (4 bytes).
    Removing system_nrf52.o(i.nrf52_errata_74), (4 bytes).
    Removing system_nrf52.o(i.nrf52_errata_75), (4 bytes).
    Removing system_nrf52.o(i.nrf52_errata_76), (4 bytes).
    Removing system_nrf52.o(i.nrf52_errata_77), (4 bytes).
    Removing system_nrf52.o(i.nrf52_errata_78), (68 bytes).
    Removing system_nrf52.o(i.nrf52_errata_79), (4 bytes).
    Removing system_nrf52.o(i.nrf52_errata_8), (4 bytes).
    Removing system_nrf52.o(i.nrf52_errata_81), (68 bytes).
    Removing system_nrf52.o(i.nrf52_errata_83), (68 bytes).
    Removing system_nrf52.o(i.nrf52_errata_84), (4 bytes).
    Removing system_nrf52.o(i.nrf52_errata_86), (4 bytes).
    Removing system_nrf52.o(i.nrf52_errata_87), (68 bytes).
    Removing system_nrf52.o(i.nrf52_errata_88), (4 bytes).
    Removing system_nrf52.o(i.nrf52_errata_89), (68 bytes).
    Removing system_nrf52.o(i.nrf52_errata_9), (4 bytes).
    Removing system_nrf52.o(i.nrf52_errata_91), (4 bytes).
    Removing system_nrf52.o(i.nrf52_errata_94), (68 bytes).
    Removing system_nrf52.o(i.nrf52_errata_96), (68 bytes).
    Removing system_nrf52.o(i.nrf52_errata_97), (68 bytes).

224 unused section(s) (total 24644 bytes) removed from the image.

==============================================================================

Image Symbol Table

    Local Symbols

    Symbol Name                              Value     Ov Type        Size  Object(Section)

    RESET                                    0x00000000   Section      512  arm_startup_nrf52840.o(RESET)
    ../clib/microlib/division.c              0x00000000   Number         0  uldiv.o ABSOLUTE
    ../clib/microlib/init/entry.s            0x00000000   Number         0  entry.o ABSOLUTE
    ../clib/microlib/init/entry.s            0x00000000   Number         0  entry5.o ABSOLUTE
    ../clib/microlib/init/entry.s            0x00000000   Number         0  entry8b.o ABSOLUTE
    ../clib/microlib/init/entry.s            0x00000000   Number         0  entry9a.o ABSOLUTE
    ../clib/microlib/init/entry.s            0x00000000   Number         0  entry9b.o ABSOLUTE
    ../clib/microlib/init/entry.s            0x00000000   Number         0  entry11a.o ABSOLUTE
    ../clib/microlib/init/entry.s            0x00000000   Number         0  entry11b.o ABSOLUTE
    ../clib/microlib/init/entry.s            0x00000000   Number         0  entry2.o ABSOLUTE
    ../clib/microlib/init/entry.s            0x00000000   Number         0  entry10a.o ABSOLUTE
    ../clib/microlib/init/entry.s            0x00000000   Number         0  entry10b.o ABSOLUTE
    ../clib/microlib/init/entry.s            0x00000000   Number         0  entry7a.o ABSOLUTE
    ../clib/microlib/init/entry.s            0x00000000   Number         0  entry7b.o ABSOLUTE
    ../clib/microlib/init/entry.s            0x00000000   Number         0  entry8a.o ABSOLUTE
    ../clib/microlib/longlong.c              0x00000000   Number         0  llushr.o ABSOLUTE
    ../clib/microlib/longlong.c              0x00000000   Number         0  llshl.o ABSOLUTE
    ../clib/microlib/string/memcpy.c         0x00000000   Number         0  memcpya.o ABSOLUTE
    ../clib/microlib/string/memcpy.c         0x00000000   Number         0  memcpyb.o ABSOLUTE
    ..\..\src\Counter_strike.c               0x00000000   Number         0  counter_strike.o ABSOLUTE
    ..\..\src\drv_SC.c                       0x00000000   Number         0  drv_sc.o ABSOLUTE
    ..\..\src\drv_botones.c                  0x00000000   Number         0  drv_botones.o ABSOLUTE
    ..\..\src\drv_consumo.c                  0x00000000   Number         0  drv_consumo.o ABSOLUTE
    ..\..\src\drv_leds.c                     0x00000000   Number         0  drv_leds.o ABSOLUTE
    ..\..\src\drv_monitor.c                  0x00000000   Number         0  drv_monitor.o ABSOLUTE
    ..\..\src\drv_tiempo.c                   0x00000000   Number         0  drv_tiempo.o ABSOLUTE
    ..\..\src\main.c                         0x00000000   Number         0  main.o ABSOLUTE
    ..\..\src\rt_GE.c                        0x00000000   Number         0  rt_ge.o ABSOLUTE
    ..\..\src\rt_fifo.c                      0x00000000   Number         0  rt_fifo.o ABSOLUTE
    ..\..\src\simon.c                        0x00000000   Number         0  simon.o ABSOLUTE
    ..\..\src\srv_alarm.c                    0x00000000   Number         0  srv_alarm.o ABSOLUTE
    ..\..\src\test.c                         0x00000000   Number         0  test.o ABSOLUTE
    ..\\src_nrf\\hal_WDT_nrf.c               0x00000000   Number         0  hal_wdt_nrf.o ABSOLUTE
    ..\\src_nrf\\hal_consumo_nrf.c           0x00000000   Number         0  hal_consumo_nrf.o ABSOLUTE
    ..\\src_nrf\\hal_ext_int_nrf.c           0x00000000   Number         0  hal_ext_int_nrf.o ABSOLUTE
    ..\\src_nrf\\hal_gpio_nrf.c              0x00000000   Number         0  hal_gpio_nrf.o ABSOLUTE
    ..\\src_nrf\\hal_random_nrf.c            0x00000000   Number         0  hal_random_nrf.o ABSOLUTE
    ..\\src_nrf\\hal_tiempo_nrf.c            0x00000000   Number         0  hal_tiempo_nrf.o ABSOLUTE
    ..\src_nrf\hal_WDT_nrf.c                 0x00000000   Number         0  hal_wdt_nrf.o ABSOLUTE
    ..\src_nrf\hal_consumo_nrf.c             0x00000000   Number         0  hal_consumo_nrf.o ABSOLUTE
    ..\src_nrf\hal_ext_int_nrf.c             0x00000000   Number         0  hal_ext_int_nrf.o ABSOLUTE
    ..\src_nrf\hal_gpio_nrf.c                0x00000000   Number         0  hal_gpio_nrf.o ABSOLUTE
    ..\src_nrf\hal_random_nrf.c              0x00000000   Number         0  hal_random_nrf.o ABSOLUTE
    ..\src_nrf\hal_tiempo_nrf.c              0x00000000   Number         0  hal_tiempo_nrf.o ABSOLUTE
    RTE\Device\nRF52840_xxAA\arm_startup_nrf52840.s 0x00000000   Number         0  arm_startup_nrf52840.o ABSOLUTE
    RTE\Device\nRF52840_xxAA\system_nrf52.c  0x00000000   Number         0  system_nrf52.o ABSOLUTE
    RTE\\Device\\nRF52840_xxAA\\system_nrf52.c 0x00000000   Number         0  system_nrf52.o ABSOLUTE
    dc.s                                     0x00000000   Number         0  dc.o ABSOLUTE
    handlers.s                               0x00000000   Number         0  handlers.o ABSOLUTE
    init.s                                   0x00000000   Number         0  init.o ABSOLUTE
    .ARM.Collect$$$$00000000                 0x00000200   Section        0  entry.o(.ARM.Collect$$$$00000000)
    .ARM.Collect$$$$00000001                 0x00000200   Section        4  entry2.o(.ARM.Collect$$$$00000001)
    .ARM.Collect$$$$00000004                 0x00000204   Section        4  entry5.o(.ARM.Collect$$$$00000004)
    .ARM.Collect$$$$00000008                 0x00000208   Section        0  entry7b.o(.ARM.Collect$$$$00000008)
    .ARM.Collect$$$$0000000A                 0x00000208   Section        0  entry8b.o(.ARM.Collect$$$$0000000A)
    .ARM.Collect$$$$0000000B                 0x00000208   Section        8  entry9a.o(.ARM.Collect$$$$0000000B)
    .ARM.Collect$$$$0000000D                 0x00000210   Section        0  entry10a.o(.ARM.Collect$$$$0000000D)
    .ARM.Collect$$$$0000000F                 0x00000210   Section        0  entry11a.o(.ARM.Collect$$$$0000000F)
    .ARM.Collect$$$$00002712                 0x00000210   Section        4  entry2.o(.ARM.Collect$$$$00002712)
    __lit__00000000                          0x00000210   Data           4  entry2.o(.ARM.Collect$$$$00002712)
    .text                                    0x00000214   Section       36  arm_startup_nrf52840.o(.text)
    $v0                                      0x00000214   Number         0  arm_startup_nrf52840.o(.text)
    .text                                    0x00000238   Section        0  uldiv.o(.text)
    .text                                    0x0000029a   Section        0  memcpya.o(.text)
    .text                                    0x000002be   Section        0  llshl.o(.text)
    .text                                    0x000002dc   Section        0  llushr.o(.text)
    .text                                    0x000002fc   Section       36  init.o(.text)
    i.GPIOTE_IRQHandler                      0x00000320   Section        0  hal_ext_int_nrf.o(i.GPIOTE_IRQHandler)
    i.SystemCoreClockUpdate                  0x00000350   Section        0  system_nrf52.o(i.SystemCoreClockUpdate)
    i.SystemInit                             0x00000360   Section        0  system_nrf52.o(i.SystemInit)
    i.TIMER0_IRQHandler                      0x00000580   Section        0  hal_tiempo_nrf.o(i.TIMER0_IRQHandler)
    i.TIMER1_IRQHandler                      0x000005b0   Section        0  hal_tiempo_nrf.o(i.TIMER1_IRQHandler)
    i.__NVIC_EnableIRQ                       0x000005d4   Section        0  hal_tiempo_nrf.o(i.__NVIC_EnableIRQ)
    __NVIC_EnableIRQ                         0x000005d5   Thumb Code    26  hal_tiempo_nrf.o(i.__NVIC_EnableIRQ)
    i.__scatterload_copy                     0x000005ee   Section       14  handlers.o(i.__scatterload_copy)
    i.__scatterload_null                     0x000005fc   Section        2  handlers.o(i.__scatterload_null)
    i.__scatterload_zeroinit                 0x000005fe   Section       14  handlers.o(i.__scatterload_zeroinit)
    i.actualizar_estado_botones              0x0000060c   Section        0  drv_botones.o(i.actualizar_estado_botones)
    i.boton_equivalente_pin                  0x0000068c   Section        0  drv_botones.o(i.boton_equivalente_pin)
    i.boton_pulsado                          0x000006b0   Section        0  drv_botones.o(i.boton_pulsado)
    i.drv_SC_entrar_disable_irq              0x000006c4   Section        0  drv_sc.o(i.drv_SC_entrar_disable_irq)
    i.drv_SC_salir_enable_irq                0x000006e0   Section        0  drv_sc.o(i.drv_SC_salir_enable_irq)
    i.drv_botones_iniciar                    0x000006f8   Section        0  drv_botones.o(i.drv_botones_iniciar)
    i.drv_botones_tratar                     0x00000770   Section        0  drv_botones.o(i.drv_botones_tratar)
    i.drv_consumo_dormir                     0x00000868   Section        0  drv_consumo.o(i.drv_consumo_dormir)
    i.drv_consumo_esperar                    0x00000880   Section        0  drv_consumo.o(i.drv_consumo_esperar)
    i.drv_consumo_iniciar                    0x000008d0   Section        0  drv_consumo.o(i.drv_consumo_iniciar)
    i.drv_led_apagar                         0x000008f8   Section        0  drv_leds.o(i.drv_led_apagar)
    i.drv_led_conmutar                       0x00000918   Section        0  drv_leds.o(i.drv_led_conmutar)
    i.drv_led_encender                       0x00000940   Section        0  drv_leds.o(i.drv_led_encender)
    i.drv_leds_iniciar                       0x0000095c   Section        0  drv_leds.o(i.drv_leds_iniciar)
    i.drv_monitor_desmarcar                  0x00000980   Section        0  drv_monitor.o(i.drv_monitor_desmarcar)
    i.drv_monitor_iniciar                    0x000009a0   Section        0  drv_monitor.o(i.drv_monitor_iniciar)
    i.drv_monitor_marcar                     0x000009a4   Section        0  drv_monitor.o(i.drv_monitor_marcar)
    i.drv_tiempo_actual_ms                   0x000009c0   Section        0  drv_tiempo.o(i.drv_tiempo_actual_ms)
    i.drv_tiempo_actual_us                   0x000009dc   Section        0  drv_tiempo.o(i.drv_tiempo_actual_us)
    i.drv_tiempo_iniciar                     0x00000a14   Section        0  drv_tiempo.o(i.drv_tiempo_iniciar)
    i.drv_tiempo_periodico_ms                0x00000a24   Section        0  drv_tiempo.o(i.drv_tiempo_periodico_ms)
    i.encontrar_canal_libre                  0x00000a64   Section        0  hal_ext_int_nrf.o(i.encontrar_canal_libre)
    i.esEventoUsuario                        0x00000a84   Section        0  rt_ge.o(i.esEventoUsuario)
    i.f_callbackIRQ                          0x00000aa4   Section        0  hal_ext_int_nrf.o(i.f_callbackIRQ)
    i.f_callback_driver                      0x00000ab8   Section        0  drv_tiempo.o(i.f_callback_driver)
    i.f_callback_drv                         0x00000ad8   Section        0  drv_botones.o(i.f_callback_drv)
    i.hal_WDT_feed                           0x00000b10   Section        0  hal_wdt_nrf.o(i.hal_WDT_feed)
    i.hal_WDT_iniciar                        0x00000b2c   Section        0  hal_wdt_nrf.o(i.hal_WDT_iniciar)
    i.hal_consumo_dormir                     0x00000b60   Section        0  hal_consumo_nrf.o(i.hal_consumo_dormir)
    i.hal_consumo_esperar                    0x00000b70   Section        0  hal_consumo_nrf.o(i.hal_consumo_esperar)
    i.hal_consumo_iniciar                    0x00000b74   Section        0  hal_consumo_nrf.o(i.hal_consumo_iniciar)
    i.hal_deshabilitar_int                   0x00000b78   Section        0  hal_ext_int_nrf.o(i.hal_deshabilitar_int)
    i.hal_ext_int_iniciar                    0x00000c08   Section        0  hal_ext_int_nrf.o(i.hal_ext_int_iniciar)
    i.hal_ext_int_leer                       0x00000c50   Section        0  hal_ext_int_nrf.o(i.hal_ext_int_leer)
    i.hal_ext_int_limpiar                    0x00000c5c   Section        0  hal_ext_int_nrf.o(i.hal_ext_int_limpiar)
    i.hal_gpio_escribir                      0x00000ca4   Section        0  hal_gpio_nrf.o(i.hal_gpio_escribir)
    i.hal_gpio_iniciar                       0x00000cc4   Section        0  hal_gpio_nrf.o(i.hal_gpio_iniciar)
    i.hal_gpio_leer                          0x00000cd0   Section        0  hal_gpio_nrf.o(i.hal_gpio_leer)
    i.hal_gpio_sentido                       0x00000cec   Section        0  hal_gpio_nrf.o(i.hal_gpio_sentido)
    i.hal_habilitar_int                      0x00000d10   Section        0  hal_ext_int_nrf.o(i.hal_habilitar_int)
    i.hal_random_generar                     0x00000d94   Section        0  hal_random_nrf.o(i.hal_random_generar)
    i.hal_random_iniciar                     0x00000dd0   Section        0  hal_random_nrf.o(i.hal_random_iniciar)
    i.hal_tiempo_actual_tick                 0x00000df0   Section        0  hal_tiempo_nrf.o(i.hal_tiempo_actual_tick)
    i.hal_tiempo_iniciar_tick                0x00000e20   Section        0  hal_tiempo_nrf.o(i.hal_tiempo_iniciar_tick)
    i.hal_tiempo_reloj_periodico_tick        0x00000e7c   Section        0  hal_tiempo_nrf.o(i.hal_tiempo_reloj_periodico_tick)
    i.leds_conmutar                          0x00000f20   Section        0  simon.o(i.leds_conmutar)
    i.main                                   0x00000f2e   Section        0  main.o(i.main)
    i.nrf52_configuration_249                0x00000f44   Section        0  system_nrf52.o(i.nrf52_configuration_249)
    nrf52_configuration_249                  0x00000f45   Thumb Code    62  system_nrf52.o(i.nrf52_configuration_249)
    i.nrf52_errata_103                       0x00000f88   Section        0  system_nrf52.o(i.nrf52_errata_103)
    nrf52_errata_103                         0x00000f89   Thumb Code    62  system_nrf52.o(i.nrf52_errata_103)
    i.nrf52_errata_115                       0x00000fcc   Section        0  system_nrf52.o(i.nrf52_errata_115)
    nrf52_errata_115                         0x00000fcd   Thumb Code    62  system_nrf52.o(i.nrf52_errata_115)
    i.nrf52_errata_120                       0x00001010   Section        0  system_nrf52.o(i.nrf52_errata_120)
    nrf52_errata_120                         0x00001011   Thumb Code    62  system_nrf52.o(i.nrf52_errata_120)
    i.nrf52_errata_136                       0x00001054   Section        0  system_nrf52.o(i.nrf52_errata_136)
    nrf52_errata_136                         0x00001055   Thumb Code    62  system_nrf52.o(i.nrf52_errata_136)
    i.nrf52_errata_36                        0x00001098   Section        0  system_nrf52.o(i.nrf52_errata_36)
    nrf52_errata_36                          0x00001099   Thumb Code    62  system_nrf52.o(i.nrf52_errata_36)
    i.nrf52_errata_66                        0x000010dc   Section        0  system_nrf52.o(i.nrf52_errata_66)
    nrf52_errata_66                          0x000010dd   Thumb Code    62  system_nrf52.o(i.nrf52_errata_66)
    i.nrf52_errata_98                        0x00001120   Section        0  system_nrf52.o(i.nrf52_errata_98)
    nrf52_errata_98                          0x00001121   Thumb Code    62  system_nrf52.o(i.nrf52_errata_98)
    i.nvmc_config                            0x00001164   Section        0  system_nrf52.o(i.nvmc_config)
    i.nvmc_wait                              0x00001178   Section        0  system_nrf52.o(i.nvmc_wait)
    i.reiniciar_juego                        0x00001188   Section        0  simon.o(i.reiniciar_juego)
    i.rt_FIFO_encolar                        0x000011dc   Section        0  rt_fifo.o(i.rt_FIFO_encolar)
    i.rt_FIFO_extraer                        0x000012ac   Section        0  rt_fifo.o(i.rt_FIFO_extraer)
    i.rt_FIFO_inicializar                    0x00001384   Section        0  rt_fifo.o(i.rt_FIFO_inicializar)
    i.rt_GE_iniciar                          0x000013f0   Section        0  rt_ge.o(i.rt_GE_iniciar)
    i.rt_GE_lanzador                         0x00001450   Section        0  rt_ge.o(i.rt_GE_lanzador)
    i.rt_GE_tratar                           0x000014bc   Section        0  rt_ge.o(i.rt_GE_tratar)
    i.simon_conmutar_leds                    0x000014ec   Section        0  simon.o(i.simon_conmutar_leds)
    i.simon_iniciar                          0x00001548   Section        0  simon.o(i.simon_iniciar)
    i.simon_mostrar_seq_inicial              0x000015f8   Section        0  simon.o(i.simon_mostrar_seq_inicial)
    i.simon_mostrar_seq_juego                0x00001638   Section        0  simon.o(i.simon_mostrar_seq_juego)
    i.simon_tratar                           0x000016a0   Section        0  simon.o(i.simon_tratar)
    i.svc_GE_suscribir                       0x0000181c   Section        0  rt_ge.o(i.svc_GE_suscribir)
    i.svc_alarma_activar                     0x00001894   Section        0  srv_alarm.o(i.svc_alarma_activar)
    i.svc_alarma_codificar                   0x000019f0   Section        0  srv_alarm.o(i.svc_alarma_codificar)
    i.svc_alarma_iniciar                     0x00001a00   Section        0  srv_alarm.o(i.svc_alarma_iniciar)
    i.svc_alarma_tratar                      0x00001a5c   Section        0  srv_alarm.o(i.svc_alarma_tratar)
    .constdata                               0x00001b38   Section        4  drv_leds.o(.constdata)
    led_list                                 0x00001b38   Data           4  drv_leds.o(.constdata)
    .constdata                               0x00001b3c   Section        4  drv_monitor.o(.constdata)
    monitors_list                            0x00001b3c   Data           4  drv_monitor.o(.constdata)
    .data                                    0x20000000   Section       16  drv_tiempo.o(.data)
    HAL_TICKS2US_T0                          0x20000000   Data           4  drv_tiempo.o(.data)
    HAL_TICKS2US_T1                          0x20000004   Data           4  drv_tiempo.o(.data)
    f_callback                               0x20000008   Data           4  drv_tiempo.o(.data)
    ID_EVENTO                                0x2000000c   Data           4  drv_tiempo.o(.data)
    .data                                    0x20000010   Section       60  drv_consumo.o(.data)
    leds_juego                               0x20000010   Data          48  drv_consumo.o(.data)
    NUM_MONITORES                            0x20000040   Data           4  drv_consumo.o(.data)
    MON_WAIT                                 0x20000044   Data           4  drv_consumo.o(.data)
    MON_DORMIR                               0x20000048   Data           4  drv_consumo.o(.data)
    .data                                    0x2000004c   Section       28  rt_fifo.o(.data)
    siguiente_a_tratar                       0x2000004c   Data           1  rt_fifo.o(.data)
    indice_cola                              0x2000004d   Data           1  rt_fifo.o(.data)
    MON_OVERFLOW                             0x20000050   Data           4  rt_fifo.o(.data)
    eventos_sin_tratar                       0x20000054   Data           4  rt_fifo.o(.data)
    max_eventos_sin_tratar                   0x20000058   Data           4  rt_fifo.o(.data)
    total_eventos_tratados                   0x2000005c   Data           4  rt_fifo.o(.data)
    avg_tiempo_espera                        0x20000060   Data           4  rt_fifo.o(.data)
    max_tiempo_espera                        0x20000064   Data           4  rt_fifo.o(.data)
    .data                                    0x20000068   Section       76  drv_botones.o(.data)
    leds_juego                               0x20000068   Data          48  drv_botones.o(.data)
    estado_boton                             0x20000098   Data           4  drv_botones.o(.data)
    estaReseteando                           0x2000009c   Data           1  drv_botones.o(.data)
    button_list                              0x200000a0   Data          16  drv_botones.o(.data)
    f_callback                               0x200000b0   Data           4  drv_botones.o(.data)
    .data                                    0x200000b4   Section        8  rt_ge.o(.data)
    monitor_overflow                         0x200000b8   Data           4  rt_ge.o(.data)
    .data                                    0x200000bc   Section       12  srv_alarm.o(.data)
    indicador_overflow                       0x200000bc   Data           4  srv_alarm.o(.data)
    callback_funcion                         0x200000c0   Data           4  srv_alarm.o(.data)
    num_alarmas                              0x200000c4   Data           4  srv_alarm.o(.data)
    .data                                    0x200000c8   Section        4  drv_sc.o(.data)
    m_in_critical_region                     0x200000c8   Data           4  drv_sc.o(.data)
    .data                                    0x200000cc   Section       64  simon.o(.data)
    leds_juego                               0x200000cc   Data          48  simon.o(.data)
    posicion_simon                           0x20000100   Data           4  simon.o(.data)
    posicion_pulsada                         0x20000104   Data           4  simon.o(.data)
    velocidad                                0x20000108   Data           4  simon.o(.data)
    .data                                    0x2000010c   Section        8  hal_tiempo_nrf.o(.data)
    timer0_int_count                         0x2000010c   Data           4  hal_tiempo_nrf.o(.data)
    f_callback                               0x20000110   Data           4  hal_tiempo_nrf.o(.data)
    .data                                    0x20000114   Section        8  hal_ext_int_nrf.o(.data)
    callback_func                            0x20000114   Data           4  hal_ext_int_nrf.o(.data)
    canales_ocupados                         0x20000118   Data           4  hal_ext_int_nrf.o(.data)
    .data                                    0x2000011c   Section        4  system_nrf52.o(.data)
    __tagsym$$used                           0x2000011c   Number         0  system_nrf52.o(.data)
    .bss                                     0x20000120   Section     1076  rt_fifo.o(.bss)
    cola                                     0x20000120   Data        1024  rt_fifo.o(.bss)
    stats                                    0x20000520   Data          52  rt_fifo.o(.bss)
    .bss                                     0x20000554   Section      260  rt_ge.o(.bss)
    gestor_eventos                           0x20000554   Data         260  rt_ge.o(.bss)
    .bss                                     0x20000658   Section      200  srv_alarm.o(.bss)
    lista_alarmas                            0x20000658   Data         200  srv_alarm.o(.bss)
    .bss                                     0x20000720   Section       80  simon.o(.bss)
    leds_simon                               0x20000720   Data          80  simon.o(.bss)
    .bss                                     0x20000770   Section       32  hal_ext_int_nrf.o(.bss)
    pin_a_canal                              0x20000770   Data          32  hal_ext_int_nrf.o(.bss)
    STACK                                    0x20000790   Section    16384  arm_startup_nrf52840.o(STACK)

    Global Symbols

    Symbol Name                              Value     Ov Type        Size  Object(Section)

    BuildAttributes$$THM_ISAv4$E$P$D$K$B$S$7EM$VFPi3$EXTD16$VFPS$VFMA$PE$A:L22UL41UL21$X:L11$S22US41US21$IEEE1$IW$USESV6$~STKCKD$USESV7$~SHL$OSPACE$EBA8$MICROLIB$REQ8$PRES8$EABIv2 0x00000000   Number         0  anon$$obj.o ABSOLUTE
    __ARM_use_no_argv                        0x00000000   Number         0  main.o ABSOLUTE
    __Vectors                                0x00000000   Data           4  arm_startup_nrf52840.o(RESET)
    __cpp_initialize__aeabi_                  - Undefined Weak Reference
    __cxa_finalize                            - Undefined Weak Reference
    __decompress                              - Undefined Weak Reference
    _clock_init                               - Undefined Weak Reference
    _microlib_exit                            - Undefined Weak Reference
    __Vectors_End                            0x00000200   Data           0  arm_startup_nrf52840.o(RESET)
    __Vectors_Size                           0x00000200   Number         0  arm_startup_nrf52840.o ABSOLUTE
    __main                                   0x00000201   Thumb Code     0  entry.o(.ARM.Collect$$$$00000000)
    _main_stk                                0x00000201   Thumb Code     0  entry2.o(.ARM.Collect$$$$00000001)
    _main_scatterload                        0x00000205   Thumb Code     0  entry5.o(.ARM.Collect$$$$00000004)
    __main_after_scatterload                 0x00000209   Thumb Code     0  entry5.o(.ARM.Collect$$$$00000004)
    _main_clock                              0x00000209   Thumb Code     0  entry7b.o(.ARM.Collect$$$$00000008)
    _main_cpp_init                           0x00000209   Thumb Code     0  entry8b.o(.ARM.Collect$$$$0000000A)
    _main_init                               0x00000209   Thumb Code     0  entry9a.o(.ARM.Collect$$$$0000000B)
    __rt_final_cpp                           0x00000211   Thumb Code     0  entry10a.o(.ARM.Collect$$$$0000000D)
    __rt_final_exit                          0x00000211   Thumb Code     0  entry11a.o(.ARM.Collect$$$$0000000F)
    Reset_Handler                            0x00000215   Thumb Code     8  arm_startup_nrf52840.o(.text)
    NMI_Handler                              0x0000021d   Thumb Code     2  arm_startup_nrf52840.o(.text)
    HardFault_Handler                        0x0000021f   Thumb Code     2  arm_startup_nrf52840.o(.text)
    MemoryManagement_Handler                 0x00000221   Thumb Code     2  arm_startup_nrf52840.o(.text)
    BusFault_Handler                         0x00000223   Thumb Code     2  arm_startup_nrf52840.o(.text)
    UsageFault_Handler                       0x00000225   Thumb Code     2  arm_startup_nrf52840.o(.text)
    SVC_Handler                              0x00000227   Thumb Code     2  arm_startup_nrf52840.o(.text)
    DebugMon_Handler                         0x00000229   Thumb Code     2  arm_startup_nrf52840.o(.text)
    PendSV_Handler                           0x0000022b   Thumb Code     2  arm_startup_nrf52840.o(.text)
    SysTick_Handler                          0x0000022d   Thumb Code     2  arm_startup_nrf52840.o(.text)
    CCM_AAR_IRQHandler                       0x0000022f   Thumb Code     0  arm_startup_nrf52840.o(.text)
    COMP_LPCOMP_IRQHandler                   0x0000022f   Thumb Code     0  arm_startup_nrf52840.o(.text)
    CRYPTOCELL_IRQHandler                    0x0000022f   Thumb Code     0  arm_startup_nrf52840.o(.text)
    ECB_IRQHandler                           0x0000022f   Thumb Code     0  arm_startup_nrf52840.o(.text)
    FPU_IRQHandler                           0x0000022f   Thumb Code     0  arm_startup_nrf52840.o(.text)
    I2S_IRQHandler                           0x0000022f   Thumb Code     0  arm_startup_nrf52840.o(.text)
    MWU_IRQHandler                           0x0000022f   Thumb Code     0  arm_startup_nrf52840.o(.text)
    NFCT_IRQHandler                          0x0000022f   Thumb Code     0  arm_startup_nrf52840.o(.text)
    PDM_IRQHandler                           0x0000022f   Thumb Code     0  arm_startup_nrf52840.o(.text)
    POWER_CLOCK_IRQHandler                   0x0000022f   Thumb Code     0  arm_startup_nrf52840.o(.text)
    PWM0_IRQHandler                          0x0000022f   Thumb Code     0  arm_startup_nrf52840.o(.text)
    PWM1_IRQHandler                          0x0000022f   Thumb Code     0  arm_startup_nrf52840.o(.text)
    PWM2_IRQHandler                          0x0000022f   Thumb Code     0  arm_startup_nrf52840.o(.text)
    PWM3_IRQHandler                          0x0000022f   Thumb Code     0  arm_startup_nrf52840.o(.text)
    QDEC_IRQHandler                          0x0000022f   Thumb Code     0  arm_startup_nrf52840.o(.text)
    QSPI_IRQHandler                          0x0000022f   Thumb Code     0  arm_startup_nrf52840.o(.text)
    RADIO_IRQHandler                         0x0000022f   Thumb Code     0  arm_startup_nrf52840.o(.text)
    RNG_IRQHandler                           0x0000022f   Thumb Code     0  arm_startup_nrf52840.o(.text)
    RTC0_IRQHandler                          0x0000022f   Thumb Code     0  arm_startup_nrf52840.o(.text)
    RTC1_IRQHandler                          0x0000022f   Thumb Code     0  arm_startup_nrf52840.o(.text)
    RTC2_IRQHandler                          0x0000022f   Thumb Code     0  arm_startup_nrf52840.o(.text)
    SAADC_IRQHandler                         0x0000022f   Thumb Code     0  arm_startup_nrf52840.o(.text)
    SPIM0_SPIS0_TWIM0_TWIS0_SPI0_TWI0_IRQHandler 0x0000022f   Thumb Code     0  arm_startup_nrf52840.o(.text)
    SPIM1_SPIS1_TWIM1_TWIS1_SPI1_TWI1_IRQHandler 0x0000022f   Thumb Code     0  arm_startup_nrf52840.o(.text)
    SPIM2_SPIS2_SPI2_IRQHandler              0x0000022f   Thumb Code     0  arm_startup_nrf52840.o(.text)
    SPIM3_IRQHandler                         0x0000022f   Thumb Code     0  arm_startup_nrf52840.o(.text)
    SWI0_EGU0_IRQHandler                     0x0000022f   Thumb Code     0  arm_startup_nrf52840.o(.text)
    SWI1_EGU1_IRQHandler                     0x0000022f   Thumb Code     0  arm_startup_nrf52840.o(.text)
    SWI2_EGU2_IRQHandler                     0x0000022f   Thumb Code     0  arm_startup_nrf52840.o(.text)
    SWI3_EGU3_IRQHandler                     0x0000022f   Thumb Code     0  arm_startup_nrf52840.o(.text)
    SWI4_EGU4_IRQHandler                     0x0000022f   Thumb Code     0  arm_startup_nrf52840.o(.text)
    SWI5_EGU5_IRQHandler                     0x0000022f   Thumb Code     0  arm_startup_nrf52840.o(.text)
    TEMP_IRQHandler                          0x0000022f   Thumb Code     0  arm_startup_nrf52840.o(.text)
    TIMER2_IRQHandler                        0x0000022f   Thumb Code     0  arm_startup_nrf52840.o(.text)
    TIMER3_IRQHandler                        0x0000022f   Thumb Code     0  arm_startup_nrf52840.o(.text)
    TIMER4_IRQHandler                        0x0000022f   Thumb Code     0  arm_startup_nrf52840.o(.text)
    UARTE0_UART0_IRQHandler                  0x0000022f   Thumb Code     0  arm_startup_nrf52840.o(.text)
    UARTE1_IRQHandler                        0x0000022f   Thumb Code     0  arm_startup_nrf52840.o(.text)
    USBD_IRQHandler                          0x0000022f   Thumb Code     0  arm_startup_nrf52840.o(.text)
    WDT_IRQHandler                           0x0000022f   Thumb Code     0  arm_startup_nrf52840.o(.text)
    __aeabi_uldivmod                         0x00000239   Thumb Code    98  uldiv.o(.text)
    __aeabi_memcpy                           0x0000029b   Thumb Code    36  memcpya.o(.text)
    __aeabi_memcpy4                          0x0000029b   Thumb Code     0  memcpya.o(.text)
    __aeabi_memcpy8                          0x0000029b   Thumb Code     0  memcpya.o(.text)
    __aeabi_llsl                             0x000002bf   Thumb Code    30  llshl.o(.text)
    _ll_shift_l                              0x000002bf   Thumb Code     0  llshl.o(.text)
    __aeabi_llsr                             0x000002dd   Thumb Code    32  llushr.o(.text)
    _ll_ushift_r                             0x000002dd   Thumb Code     0  llushr.o(.text)
    __scatterload                            0x000002fd   Thumb Code    28  init.o(.text)
    __scatterload_rt2                        0x000002fd   Thumb Code     0  init.o(.text)
    GPIOTE_IRQHandler                        0x00000321   Thumb Code    40  hal_ext_int_nrf.o(i.GPIOTE_IRQHandler)
    SystemCoreClockUpdate                    0x00000351   Thumb Code     8  system_nrf52.o(i.SystemCoreClockUpdate)
    SystemInit                               0x00000361   Thumb Code   488  system_nrf52.o(i.SystemInit)
    TIMER0_IRQHandler                        0x00000581   Thumb Code    36  hal_tiempo_nrf.o(i.TIMER0_IRQHandler)
    TIMER1_IRQHandler                        0x000005b1   Thumb Code    28  hal_tiempo_nrf.o(i.TIMER1_IRQHandler)
    __scatterload_copy                       0x000005ef   Thumb Code    14  handlers.o(i.__scatterload_copy)
    __scatterload_null                       0x000005fd   Thumb Code     2  handlers.o(i.__scatterload_null)
    __scatterload_zeroinit                   0x000005ff   Thumb Code    14  handlers.o(i.__scatterload_zeroinit)
    actualizar_estado_botones                0x0000060d   Thumb Code   116  drv_botones.o(i.actualizar_estado_botones)
    boton_equivalente_pin                    0x0000068d   Thumb Code    30  drv_botones.o(i.boton_equivalente_pin)
    boton_pulsado                            0x000006b1   Thumb Code    20  drv_botones.o(i.boton_pulsado)
    drv_SC_entrar_disable_irq                0x000006c5   Thumb Code    24  drv_sc.o(i.drv_SC_entrar_disable_irq)
    drv_SC_salir_enable_irq                  0x000006e1   Thumb Code    20  drv_sc.o(i.drv_SC_salir_enable_irq)
    drv_botones_iniciar                      0x000006f9   Thumb Code    90  drv_botones.o(i.drv_botones_iniciar)
    drv_botones_tratar                       0x00000771   Thumb Code   236  drv_botones.o(i.drv_botones_tratar)
    drv_consumo_dormir                       0x00000869   Thumb Code    24  drv_consumo.o(i.drv_consumo_dormir)
    drv_consumo_esperar                      0x00000881   Thumb Code    72  drv_consumo.o(i.drv_consumo_esperar)
    drv_consumo_iniciar                      0x000008d1   Thumb Code    28  drv_consumo.o(i.drv_consumo_iniciar)
    drv_led_apagar                           0x000008f9   Thumb Code    26  drv_leds.o(i.drv_led_apagar)
    drv_led_conmutar                         0x00000919   Thumb Code    36  drv_leds.o(i.drv_led_conmutar)
    drv_led_encender                         0x00000941   Thumb Code    24  drv_leds.o(i.drv_led_encender)
    drv_leds_iniciar                         0x0000095d   Thumb Code    32  drv_leds.o(i.drv_leds_iniciar)
    drv_monitor_desmarcar                    0x00000981   Thumb Code    26  drv_monitor.o(i.drv_monitor_desmarcar)
    drv_monitor_iniciar                      0x000009a1   Thumb Code     4  drv_monitor.o(i.drv_monitor_iniciar)
    drv_monitor_marcar                       0x000009a5   Thumb Code    24  drv_monitor.o(i.drv_monitor_marcar)
    drv_tiempo_actual_ms                     0x000009c1   Thumb Code    26  drv_tiempo.o(i.drv_tiempo_actual_ms)
    drv_tiempo_actual_us                     0x000009dd   Thumb Code    50  drv_tiempo.o(i.drv_tiempo_actual_us)
    drv_tiempo_iniciar                       0x00000a15   Thumb Code    12  drv_tiempo.o(i.drv_tiempo_iniciar)
    drv_tiempo_periodico_ms                  0x00000a25   Thumb Code    46  drv_tiempo.o(i.drv_tiempo_periodico_ms)
    encontrar_canal_libre                    0x00000a65   Thumb Code    28  hal_ext_int_nrf.o(i.encontrar_canal_libre)
    esEventoUsuario                          0x00000a85   Thumb Code    28  rt_ge.o(i.esEventoUsuario)
    f_callbackIRQ                            0x00000aa5   Thumb Code    16  hal_ext_int_nrf.o(i.f_callbackIRQ)
    f_callback_driver                        0x00000ab9   Thumb Code    22  drv_tiempo.o(i.f_callback_driver)
    f_callback_drv                           0x00000ad9   Thumb Code    46  drv_botones.o(i.f_callback_drv)
    hal_WDT_feed                             0x00000b11   Thumb Code    18  hal_wdt_nrf.o(i.hal_WDT_feed)
    hal_WDT_iniciar                          0x00000b2d   Thumb Code    42  hal_wdt_nrf.o(i.hal_WDT_iniciar)
    hal_consumo_dormir                       0x00000b61   Thumb Code    12  hal_consumo_nrf.o(i.hal_consumo_dormir)
    hal_consumo_esperar                      0x00000b71   Thumb Code     4  hal_consumo_nrf.o(i.hal_consumo_esperar)
    hal_consumo_iniciar                      0x00000b75   Thumb Code     2  hal_consumo_nrf.o(i.hal_consumo_iniciar)
    hal_deshabilitar_int                     0x00000b79   Thumb Code   124  hal_ext_int_nrf.o(i.hal_deshabilitar_int)
    hal_ext_int_iniciar                      0x00000c09   Thumb Code    50  hal_ext_int_nrf.o(i.hal_ext_int_iniciar)
    hal_ext_int_leer                         0x00000c51   Thumb Code    12  hal_ext_int_nrf.o(i.hal_ext_int_leer)
    hal_ext_int_limpiar                      0x00000c5d   Thumb Code    50  hal_ext_int_nrf.o(i.hal_ext_int_limpiar)
    hal_gpio_escribir                        0x00000ca5   Thumb Code    26  hal_gpio_nrf.o(i.hal_gpio_escribir)
    hal_gpio_iniciar                         0x00000cc5   Thumb Code     8  hal_gpio_nrf.o(i.hal_gpio_iniciar)
    hal_gpio_leer                            0x00000cd1   Thumb Code    24  hal_gpio_nrf.o(i.hal_gpio_leer)
    hal_gpio_sentido                         0x00000ced   Thumb Code    26  hal_gpio_nrf.o(i.hal_gpio_sentido)
    hal_habilitar_int                        0x00000d11   Thumb Code   110  hal_ext_int_nrf.o(i.hal_habilitar_int)
    hal_random_generar                       0x00000d95   Thumb Code    52  hal_random_nrf.o(i.hal_random_generar)
    hal_random_iniciar                       0x00000dd1   Thumb Code    20  hal_random_nrf.o(i.hal_random_iniciar)
    hal_tiempo_actual_tick                   0x00000df1   Thumb Code    34  hal_tiempo_nrf.o(i.hal_tiempo_actual_tick)
    hal_tiempo_iniciar_tick                  0x00000e21   Thumb Code    76  hal_tiempo_nrf.o(i.hal_tiempo_iniciar_tick)
    hal_tiempo_reloj_periodico_tick          0x00000e7d   Thumb Code   144  hal_tiempo_nrf.o(i.hal_tiempo_reloj_periodico_tick)
    leds_conmutar                            0x00000f21   Thumb Code    14  simon.o(i.leds_conmutar)
    main                                     0x00000f2f   Thumb Code    22  main.o(i.main)
    nvmc_config                              0x00001165   Thumb Code    14  system_nrf52.o(i.nvmc_config)
    nvmc_wait                                0x00001179   Thumb Code    12  system_nrf52.o(i.nvmc_wait)
    reiniciar_juego                          0x00001189   Thumb Code    74  simon.o(i.reiniciar_juego)
    rt_FIFO_encolar                          0x000011dd   Thumb Code   182  rt_fifo.o(i.rt_FIFO_encolar)
    rt_FIFO_extraer                          0x000012ad   Thumb Code   192  rt_fifo.o(i.rt_FIFO_extraer)
    rt_FIFO_inicializar                      0x00001385   Thumb Code    70  rt_fifo.o(i.rt_FIFO_inicializar)
    rt_GE_iniciar                            0x000013f1   Thumb Code    84  rt_ge.o(i.rt_GE_iniciar)
    rt_GE_lanzador                           0x00001451   Thumb Code   104  rt_ge.o(i.rt_GE_lanzador)
    rt_GE_tratar                             0x000014bd   Thumb Code    46  rt_ge.o(i.rt_GE_tratar)
    simon_conmutar_leds                      0x000014ed   Thumb Code    86  simon.o(i.simon_conmutar_leds)
    simon_iniciar                            0x00001549   Thumb Code   144  simon.o(i.simon_iniciar)
    simon_mostrar_seq_inicial                0x000015f9   Thumb Code    62  simon.o(i.simon_mostrar_seq_inicial)
    simon_mostrar_seq_juego                  0x00001639   Thumb Code    86  simon.o(i.simon_mostrar_seq_juego)
    simon_tratar                             0x000016a1   Thumb Code   360  simon.o(i.simon_tratar)
    svc_GE_suscribir                         0x0000181d   Thumb Code   112  rt_ge.o(i.svc_GE_suscribir)
    svc_alarma_activar                       0x00001895   Thumb Code   336  srv_alarm.o(i.svc_alarma_activar)
    svc_alarma_codificar                     0x000019f1   Thumb Code    14  srv_alarm.o(i.svc_alarma_codificar)
    svc_alarma_iniciar                       0x00001a01   Thumb Code    70  srv_alarm.o(i.svc_alarma_iniciar)
    svc_alarma_tratar                        0x00001a5d   Thumb Code   208  srv_alarm.o(i.svc_alarma_tratar)
    Region$$Table$$Base                      0x00001b40   Number         0  anon$$obj.o(Region$$Table)
    Region$$Table$$Limit                     0x00001b60   Number         0  anon$$obj.o(Region$$Table)
    estado_actual                            0x2000009d   Data           1  drv_botones.o(.data)
    evs_USUARIO                              0x200000b4   Data           1  rt_ge.o(.data)
    estado_simon                             0x200000fc   Data           1  simon.o(.data)
    SystemCoreClock                          0x2000011c   Data           4  system_nrf52.o(.data)
    __initial_sp                             0x20004790   Data           0  arm_startup_nrf52840.o(STACK)



==============================================================================

Memory Map of the image

  Image Entry point : 0x00000201

  Load Region LR_IROM1 (Base: 0x00000000, Size: 0x00001c80, Max: 0x00100000, ABSOLUTE)

    Execution Region ER_IROM1 (Exec base: 0x00000000, Load base: 0x00000000, Size: 0x00001b60, Max: 0x00100000, ABSOLUTE)

    Exec Addr    Load Addr    Size         Type   Attr      Idx    E Section Name        Object

    0x00000000   0x00000000   0x00000200   Data   RO          887    RESET               arm_startup_nrf52840.o
    0x00000200   0x00000200   0x00000000   Code   RO         1899  * .ARM.Collect$$$$00000000  mc_w.l(entry.o)
    0x00000200   0x00000200   0x00000004   Code   RO         1908    .ARM.Collect$$$$00000001  mc_w.l(entry2.o)
    0x00000204   0x00000204   0x00000004   Code   RO         1911    .ARM.Collect$$$$00000004  mc_w.l(entry5.o)
    0x00000208   0x00000208   0x00000000   Code   RO         1913    .ARM.Collect$$$$00000008  mc_w.l(entry7b.o)
    0x00000208   0x00000208   0x00000000   Code   RO         1915    .ARM.Collect$$$$0000000A  mc_w.l(entry8b.o)
    0x00000208   0x00000208   0x00000008   Code   RO         1916    .ARM.Collect$$$$0000000B  mc_w.l(entry9a.o)
    0x00000210   0x00000210   0x00000000   Code   RO         1918    .ARM.Collect$$$$0000000D  mc_w.l(entry10a.o)
    0x00000210   0x00000210   0x00000000   Code   RO         1920    .ARM.Collect$$$$0000000F  mc_w.l(entry11a.o)
    0x00000210   0x00000210   0x00000004   Code   RO         1909    .ARM.Collect$$$$00002712  mc_w.l(entry2.o)
    0x00000214   0x00000214   0x00000024   Code   RO          888    .text               arm_startup_nrf52840.o
    0x00000238   0x00000238   0x00000062   Code   RO         1902    .text               mc_w.l(uldiv.o)
    0x0000029a   0x0000029a   0x00000024   Code   RO         1904    .text               mc_w.l(memcpya.o)
    0x000002be   0x000002be   0x0000001e   Code   RO         1922    .text               mc_w.l(llshl.o)
    0x000002dc   0x000002dc   0x00000020   Code   RO         1924    .text               mc_w.l(llushr.o)
    0x000002fc   0x000002fc   0x00000024   Code   RO         1926    .text               mc_w.l(init.o)
    0x00000320   0x00000320   0x00000030   Code   RO          726    i.GPIOTE_IRQHandler  hal_ext_int_nrf.o
    0x00000350   0x00000350   0x00000010   Code   RO          895    i.SystemCoreClockUpdate  system_nrf52.o
    0x00000360   0x00000360   0x00000220   Code   RO          896    i.SystemInit        system_nrf52.o
    0x00000580   0x00000580   0x00000030   Code   RO          628    i.TIMER0_IRQHandler  hal_tiempo_nrf.o
    0x000005b0   0x000005b0   0x00000024   Code   RO          629    i.TIMER1_IRQHandler  hal_tiempo_nrf.o
    0x000005d4   0x000005d4   0x0000001a   Code   RO          630    i.__NVIC_EnableIRQ  hal_tiempo_nrf.o
    0x000005ee   0x000005ee   0x0000000e   Code   RO         1930    i.__scatterload_copy  mc_w.l(handlers.o)
    0x000005fc   0x000005fc   0x00000002   Code   RO         1931    i.__scatterload_null  mc_w.l(handlers.o)
    0x000005fe   0x000005fe   0x0000000e   Code   RO         1932    i.__scatterload_zeroinit  mc_w.l(handlers.o)
    0x0000060c   0x0000060c   0x00000080   Code   RO          247    i.actualizar_estado_botones  drv_botones.o
    0x0000068c   0x0000068c   0x00000024   Code   RO          248    i.boton_equivalente_pin  drv_botones.o
    0x000006b0   0x000006b0   0x00000014   Code   RO          249    i.boton_pulsado     drv_botones.o
    0x000006c4   0x000006c4   0x0000001c   Code   RO          386    i.drv_SC_entrar_disable_irq  drv_sc.o
    0x000006e0   0x000006e0   0x00000018   Code   RO          387    i.drv_SC_salir_enable_irq  drv_sc.o
    0x000006f8   0x000006f8   0x00000078   Code   RO          250    i.drv_botones_iniciar  drv_botones.o
    0x00000770   0x00000770   0x000000f8   Code   RO          251    i.drv_botones_tratar  drv_botones.o
    0x00000868   0x00000868   0x00000018   Code   RO          131    i.drv_consumo_dormir  drv_consumo.o
    0x00000880   0x00000880   0x00000050   Code   RO          132    i.drv_consumo_esperar  drv_consumo.o
    0x000008d0   0x000008d0   0x00000028   Code   RO          133    i.drv_consumo_iniciar  drv_consumo.o
    0x000008f8   0x000008f8   0x00000020   Code   RO           39    i.drv_led_apagar    drv_leds.o
    0x00000918   0x00000918   0x00000028   Code   RO           40    i.drv_led_conmutar  drv_leds.o
    0x00000940   0x00000940   0x0000001c   Code   RO           41    i.drv_led_encender  drv_leds.o
    0x0000095c   0x0000095c   0x00000024   Code   RO           42    i.drv_leds_iniciar  drv_leds.o
    0x00000980   0x00000980   0x00000020   Code   RO          220    i.drv_monitor_desmarcar  drv_monitor.o
    0x000009a0   0x000009a0   0x00000004   Code   RO          221    i.drv_monitor_iniciar  drv_monitor.o
    0x000009a4   0x000009a4   0x0000001c   Code   RO          222    i.drv_monitor_marcar  drv_monitor.o
    0x000009c0   0x000009c0   0x0000001a   Code   RO           78    i.drv_tiempo_actual_ms  drv_tiempo.o
    0x000009da   0x000009da   0x00000002   PAD
    0x000009dc   0x000009dc   0x00000038   Code   RO           79    i.drv_tiempo_actual_us  drv_tiempo.o
    0x00000a14   0x00000a14   0x00000010   Code   RO           82    i.drv_tiempo_iniciar  drv_tiempo.o
    0x00000a24   0x00000a24   0x00000040   Code   RO           83    i.drv_tiempo_periodico_ms  drv_tiempo.o
    0x00000a64   0x00000a64   0x00000020   Code   RO          727    i.encontrar_canal_libre  hal_ext_int_nrf.o
    0x00000a84   0x00000a84   0x00000020   Code   RO          307    i.esEventoUsuario   rt_ge.o
    0x00000aa4   0x00000aa4   0x00000014   Code   RO          728    i.f_callbackIRQ     hal_ext_int_nrf.o
    0x00000ab8   0x00000ab8   0x00000020   Code   RO           84    i.f_callback_driver  drv_tiempo.o
    0x00000ad8   0x00000ad8   0x00000038   Code   RO          252    i.f_callback_drv    drv_botones.o
    0x00000b10   0x00000b10   0x0000001c   Code   RO          819    i.hal_WDT_feed      hal_wdt_nrf.o
    0x00000b2c   0x00000b2c   0x00000034   Code   RO          820    i.hal_WDT_iniciar   hal_wdt_nrf.o
    0x00000b60   0x00000b60   0x00000010   Code   RO          687    i.hal_consumo_dormir  hal_consumo_nrf.o
    0x00000b70   0x00000b70   0x00000004   Code   RO          688    i.hal_consumo_esperar  hal_consumo_nrf.o
    0x00000b74   0x00000b74   0x00000002   Code   RO          689    i.hal_consumo_iniciar  hal_consumo_nrf.o
    0x00000b76   0x00000b76   0x00000002   PAD
    0x00000b78   0x00000b78   0x00000090   Code   RO          730    i.hal_deshabilitar_int  hal_ext_int_nrf.o
    0x00000c08   0x00000c08   0x00000048   Code   RO          731    i.hal_ext_int_iniciar  hal_ext_int_nrf.o
    0x00000c50   0x00000c50   0x0000000c   Code   RO          732    i.hal_ext_int_leer  hal_ext_int_nrf.o
    0x00000c5c   0x00000c5c   0x00000048   Code   RO          733    i.hal_ext_int_limpiar  hal_ext_int_nrf.o
    0x00000ca4   0x00000ca4   0x00000020   Code   RO          526    i.hal_gpio_escribir  hal_gpio_nrf.o
    0x00000cc4   0x00000cc4   0x0000000c   Code   RO          528    i.hal_gpio_iniciar  hal_gpio_nrf.o
    0x00000cd0   0x00000cd0   0x0000001c   Code   RO          529    i.hal_gpio_leer     hal_gpio_nrf.o
    0x00000cec   0x00000cec   0x00000024   Code   RO          531    i.hal_gpio_sentido  hal_gpio_nrf.o
    0x00000d10   0x00000d10   0x00000084   Code   RO          735    i.hal_habilitar_int  hal_ext_int_nrf.o
    0x00000d94   0x00000d94   0x0000003c   Code   RO          855    i.hal_random_generar  hal_random_nrf.o
    0x00000dd0   0x00000dd0   0x00000020   Code   RO          856    i.hal_random_iniciar  hal_random_nrf.o
    0x00000df0   0x00000df0   0x00000030   Code   RO          631    i.hal_tiempo_actual_tick  hal_tiempo_nrf.o
    0x00000e20   0x00000e20   0x0000005c   Code   RO          632    i.hal_tiempo_iniciar_tick  hal_tiempo_nrf.o
    0x00000e7c   0x00000e7c   0x000000a4   Code   RO          633    i.hal_tiempo_reloj_periodico_tick  hal_tiempo_nrf.o
    0x00000f20   0x00000f20   0x0000000e   Code   RO          406    i.leds_conmutar     simon.o
    0x00000f2e   0x00000f2e   0x00000016   Code   RO            1    i.main              main.o
    0x00000f44   0x00000f44   0x00000044   Code   RO          897    i.nrf52_configuration_249  system_nrf52.o
    0x00000f88   0x00000f88   0x00000044   Code   RO          906    i.nrf52_errata_103  system_nrf52.o
    0x00000fcc   0x00000fcc   0x00000044   Code   RO          917    i.nrf52_errata_115  system_nrf52.o
    0x00001010   0x00001010   0x00000044   Code   RO          923    i.nrf52_errata_120  system_nrf52.o
    0x00001054   0x00001054   0x00000044   Code   RO          933    i.nrf52_errata_136  system_nrf52.o
    0x00001098   0x00001098   0x00000044   Code   RO         1034    i.nrf52_errata_36   system_nrf52.o
    0x000010dc   0x000010dc   0x00000044   Code   RO         1057    i.nrf52_errata_66   system_nrf52.o
    0x00001120   0x00001120   0x00000044   Code   RO         1084    i.nrf52_errata_98   system_nrf52.o
    0x00001164   0x00001164   0x00000014   Code   RO         1085    i.nvmc_config       system_nrf52.o
    0x00001178   0x00001178   0x00000010   Code   RO         1086    i.nvmc_wait         system_nrf52.o
    0x00001188   0x00001188   0x00000054   Code   RO          407    i.reiniciar_juego   simon.o
    0x000011dc   0x000011dc   0x000000d0   Code   RO          166    i.rt_FIFO_encolar   rt_fifo.o
    0x000012ac   0x000012ac   0x000000d8   Code   RO          168    i.rt_FIFO_extraer   rt_fifo.o
    0x00001384   0x00001384   0x0000006c   Code   RO          169    i.rt_FIFO_inicializar  rt_fifo.o
    0x000013f0   0x000013f0   0x00000060   Code   RO          308    i.rt_GE_iniciar     rt_ge.o
    0x00001450   0x00001450   0x0000006c   Code   RO          309    i.rt_GE_lanzador    rt_ge.o
    0x000014bc   0x000014bc   0x0000002e   Code   RO          310    i.rt_GE_tratar      rt_ge.o
    0x000014ea   0x000014ea   0x00000002   PAD
    0x000014ec   0x000014ec   0x0000005c   Code   RO          408    i.simon_conmutar_leds  simon.o
    0x00001548   0x00001548   0x000000b0   Code   RO          409    i.simon_iniciar     simon.o
    0x000015f8   0x000015f8   0x0000003e   Code   RO          410    i.simon_mostrar_seq_inicial  simon.o
    0x00001636   0x00001636   0x00000002   PAD
    0x00001638   0x00001638   0x00000068   Code   RO          411    i.simon_mostrar_seq_juego  simon.o
    0x000016a0   0x000016a0   0x0000017c   Code   RO          412    i.simon_tratar      simon.o
    0x0000181c   0x0000181c   0x00000078   Code   RO          312    i.svc_GE_suscribir  rt_ge.o
    0x00001894   0x00001894   0x0000015c   Code   RO          353    i.svc_alarma_activar  srv_alarm.o
    0x000019f0   0x000019f0   0x0000000e   Code   RO          354    i.svc_alarma_codificar  srv_alarm.o
    0x000019fe   0x000019fe   0x00000002   PAD
    0x00001a00   0x00001a00   0x0000005c   Code   RO          355    i.svc_alarma_iniciar  srv_alarm.o
    0x00001a5c   0x00001a5c   0x000000dc   Code   RO          356    i.svc_alarma_tratar  srv_alarm.o
    0x00001b38   0x00001b38   0x00000004   Data   RO           43    .constdata          drv_leds.o
    0x00001b3c   0x00001b3c   0x00000004   Data   RO          223    .constdata          drv_monitor.o
    0x00001b40   0x00001b40   0x00000020   Data   RO         1928    Region$$Table       anon$$obj.o


    Execution Region RW_IRAM1 (Exec base: 0x20000000, Load base: 0x00001b60, Size: 0x00004790, Max: 0x00040000, ABSOLUTE)

    Exec Addr    Load Addr    Size         Type   Attr      Idx    E Section Name        Object

    0x20000000   0x00001b60   0x00000010   Data   RW           85    .data               drv_tiempo.o
    0x20000010   0x00001b70   0x0000003c   Data   RW          134    .data               drv_consumo.o
    0x2000004c   0x00001bac   0x0000001c   Data   RW          173    .data               rt_fifo.o
    0x20000068   0x00001bc8   0x0000004c   Data   RW          253    .data               drv_botones.o
    0x200000b4   0x00001c14   0x00000008   Data   RW          314    .data               rt_ge.o
    0x200000bc   0x00001c1c   0x0000000c   Data   RW          358    .data               srv_alarm.o
    0x200000c8   0x00001c28   0x00000004   Data   RW          388    .data               drv_sc.o
    0x200000cc   0x00001c2c   0x00000040   Data   RW          414    .data               simon.o
    0x2000010c   0x00001c6c   0x00000008   Data   RW          634    .data               hal_tiempo_nrf.o
    0x20000114   0x00001c74   0x00000008   Data   RW          737    .data               hal_ext_int_nrf.o
    0x2000011c   0x00001c7c   0x00000004   Data   RW         1087    .data               system_nrf52.o
    0x20000120        -       0x00000434   Zero   RW          172    .bss                rt_fifo.o
    0x20000554        -       0x00000104   Zero   RW          313    .bss                rt_ge.o
    0x20000658        -       0x000000c8   Zero   RW          357    .bss                srv_alarm.o
    0x20000720        -       0x00000050   Zero   RW          413    .bss                simon.o
    0x20000770        -       0x00000020   Zero   RW          736    .bss                hal_ext_int_nrf.o
    0x20000790        -       0x00004000   Zero   RW          885    STACK               arm_startup_nrf52840.o


==============================================================================

Image component sizes


      Code (inc. data)   RO Data    RW Data    ZI Data      Debug   Object Name

        36          8        512          0      16384        900   arm_startup_nrf52840.o
       608         70          0         76          0       5920   drv_botones.o
       144         20          0         60          0       2613   drv_consumo.o
       136         18          4          0          0       4122   drv_leds.o
        64         10          4          0          0       2407   drv_monitor.o
        52          8          0          4          0       1270   drv_sc.o
       194         38          0         16          0       3801   drv_tiempo.o
        22          4          0          0          0       1533   hal_consumo_nrf.o
       532        102          0          8         32       6914   hal_ext_int_nrf.o
       108         24          0          0          0      37794   hal_gpio_nrf.o
        92         20          0          0          0       1290   hal_random_nrf.o
       414         70          0          8          0      34756   hal_tiempo_nrf.o
        80         20          0          0          0       1117   hal_wdt_nrf.o
        22          0          0          0          0       6007   main.o
       532         88          0         28       1076       3814   rt_fifo.o
       402         28          0          8        260       4327   rt_ge.o
       912         92          0         64         80       5744   simon.o
       674         46          0         12        200       4357   srv_alarm.o
      1140        170          0          4          0      39356   system_nrf52.o

    ----------------------------------------------------------------------
      6174        836        552        288      18032     168042   Object Totals
         0          0         32          0          0          0   (incl. Generated)
        10          0          0          0          0          0   (incl. Padding)

    ----------------------------------------------------------------------

      Code (inc. data)   RO Data    RW Data    ZI Data      Debug   Library Member Name

         0          0          0          0          0          0   entry.o
         0          0          0          0          0          0   entry10a.o
         0          0          0          0          0          0   entry11a.o
         8          4          0          0          0          0   entry2.o
         4          0          0          0          0          0   entry5.o
         0          0          0          0          0          0   entry7b.o
         0          0          0          0          0          0   entry8b.o
         8          4          0          0          0          0   entry9a.o
        30          0          0          0          0          0   handlers.o
        36          8          0          0          0         68   init.o
        30          0          0          0          0         68   llshl.o
        32          0          0          0          0         68   llushr.o
        36          0          0          0          0         68   memcpya.o
        98          0          0          0          0         92   uldiv.o

    ----------------------------------------------------------------------
       282         16          0          0          0        364   Library Totals
         0          0          0          0          0          0   (incl. Padding)

    ----------------------------------------------------------------------

      Code (inc. data)   RO Data    RW Data    ZI Data      Debug   Library Name

       282         16          0          0          0        364   mc_w.l

    ----------------------------------------------------------------------
       282         16          0          0          0        364   Library Totals

    ----------------------------------------------------------------------

==============================================================================


      Code (inc. data)   RO Data    RW Data    ZI Data      Debug   

      6456        852        552        288      18032     161206   Grand Totals
      6456        852        552        288      18032     161206   ELF Image Totals
      6456        852        552        288          0          0   ROM Totals

==============================================================================

    Total RO  Size (Code + RO Data)                 7008 (   6.84kB)
    Total RW  Size (RW Data + ZI Data)             18320 (  17.89kB)
    Total ROM Size (Code + RO Data + RW Data)       7296 (   7.13kB)

==============================================================================

