Component: ARM Compiler 5.06 update 6 (build 750) Tool: armlink [4d35ed]

==============================================================================

Section Cross References

    main.o(i.blink_v3_bis) refers to drv_consumo.o(i.drv_consumo_esperar) for drv_consumo_esperar
    main.o(i.blink_v3_bis) refers to drv_consumo.o(i.drv_consumo_dormir) for drv_consumo_dormir
    main.o(i.main) refers to hal_gpio_nrf.o(i.hal_gpio_iniciar) for hal_gpio_iniciar
    main.o(i.main) refers to drv_leds.o(i.drv_leds_iniciar) for drv_leds_iniciar
    main.o(i.main) refers to srv_alarm.o(i.svc_alarma_iniciar) for svc_alarma_iniciar
    main.o(i.main) refers to rt_ge.o(i.rt_GE_iniciar) for rt_GE_iniciar
    main.o(i.main) refers to drv_botones.o(i.drv_botones_iniciar) for drv_botones_iniciar
    main.o(i.main) refers to rt_fifo.o(i.verificar_insertar_extraer_en_cola) for verificar_insertar_extraer_en_cola
    main.o(i.main) refers to rt_fifo.o(i.rt_FIFO_encolar) for rt_FIFO_encolar
    main.o(i.probar_activar_led_con_boton) refers to rt_fifo.o(i.rt_FIFO_inicializar) for rt_FIFO_inicializar
    main.o(i.probar_activar_led_con_boton) refers to srv_alarm.o(i.svc_alarma_iniciar) for svc_alarma_iniciar
    main.o(i.probar_activar_led_con_boton) refers to rt_ge.o(i.rt_GE_iniciar) for rt_GE_iniciar
    main.o(i.probar_activar_led_con_boton) refers to drv_botones.o(i.drv_botones_iniciar) for drv_botones_iniciar
    main.o(i.probar_activar_led_con_boton) refers to rt_ge.o(i.rt_GE_lanzador) for rt_GE_lanzador
    main.o(i.probar_activar_led_con_boton) refers to drv_consumo.o(i.drv_consumo_dormir) for drv_consumo_dormir
    main.o(i.probar_activar_led_con_boton) refers to rt_fifo.o(i.rt_FIFO_encolar) for rt_FIFO_encolar
    drv_leds.o(i.drv_led_apagar) refers to hal_gpio_nrf.o(i.hal_gpio_escribir) for hal_gpio_escribir
    drv_leds.o(i.drv_led_apagar) refers to drv_leds.o(.constdata) for .constdata
    drv_leds.o(i.drv_led_conmutar) refers to hal_gpio_nrf.o(i.hal_gpio_leer) for hal_gpio_leer
    drv_leds.o(i.drv_led_conmutar) refers to hal_gpio_nrf.o(i.hal_gpio_escribir) for hal_gpio_escribir
    drv_leds.o(i.drv_led_conmutar) refers to drv_leds.o(.constdata) for .constdata
    drv_leds.o(i.drv_led_encender) refers to hal_gpio_nrf.o(i.hal_gpio_escribir) for hal_gpio_escribir
    drv_leds.o(i.drv_led_encender) refers to drv_leds.o(.constdata) for .constdata
    drv_leds.o(i.drv_leds_iniciar) refers to hal_gpio_nrf.o(i.hal_gpio_sentido) for hal_gpio_sentido
    drv_leds.o(i.drv_leds_iniciar) refers to hal_gpio_nrf.o(i.hal_gpio_escribir) for hal_gpio_escribir
    drv_leds.o(i.drv_leds_iniciar) refers to drv_leds.o(.constdata) for .constdata
    drv_tiempo.o(i.drv_tiempo_actual_ms) refers to hal_tiempo_nrf.o(i.hal_tiempo_actual_tick) for hal_tiempo_actual_tick
    drv_tiempo.o(i.drv_tiempo_actual_ms) refers to uldiv.o(.text) for __aeabi_uldivmod
    drv_tiempo.o(i.drv_tiempo_actual_ms) refers to drv_tiempo.o(.data) for .data
    drv_tiempo.o(i.drv_tiempo_actual_us) refers to hal_tiempo_nrf.o(i.hal_tiempo_actual_tick) for hal_tiempo_actual_tick
    drv_tiempo.o(i.drv_tiempo_actual_us) refers to uldiv.o(.text) for __aeabi_uldivmod
    drv_tiempo.o(i.drv_tiempo_actual_us) refers to drv_tiempo.o(.data) for .data
    drv_tiempo.o(i.drv_tiempo_esperar_hasta_ms) refers to hal_tiempo_nrf.o(i.hal_tiempo_actual_tick) for hal_tiempo_actual_tick
    drv_tiempo.o(i.drv_tiempo_esperar_hasta_ms) refers to uldiv.o(.text) for __aeabi_uldivmod
    drv_tiempo.o(i.drv_tiempo_esperar_hasta_ms) refers to drv_tiempo.o(i.drv_tiempo_actual_ms) for drv_tiempo_actual_ms
    drv_tiempo.o(i.drv_tiempo_esperar_hasta_ms) refers to drv_tiempo.o(.data) for .data
    drv_tiempo.o(i.drv_tiempo_esperar_ms) refers to hal_tiempo_nrf.o(i.hal_tiempo_actual_tick) for hal_tiempo_actual_tick
    drv_tiempo.o(i.drv_tiempo_esperar_ms) refers to uldiv.o(.text) for __aeabi_uldivmod
    drv_tiempo.o(i.drv_tiempo_esperar_ms) refers to drv_tiempo.o(.data) for .data
    drv_tiempo.o(i.drv_tiempo_iniciar) refers to hal_tiempo_nrf.o(i.hal_tiempo_iniciar_tick) for hal_tiempo_iniciar_tick
    drv_tiempo.o(i.drv_tiempo_iniciar) refers to drv_tiempo.o(.data) for .data
    drv_tiempo.o(i.drv_tiempo_periodico_ms) refers to hal_tiempo_nrf.o(i.hal_tiempo_iniciar_tick) for hal_tiempo_iniciar_tick
    drv_tiempo.o(i.drv_tiempo_periodico_ms) refers to hal_tiempo_nrf.o(i.hal_tiempo_reloj_periodico_tick) for hal_tiempo_reloj_periodico_tick
    drv_tiempo.o(i.drv_tiempo_periodico_ms) refers to drv_tiempo.o(.data) for .data
    drv_tiempo.o(i.drv_tiempo_periodico_ms) refers to drv_tiempo.o(i.f_callback_driver) for f_callback_driver
    drv_tiempo.o(i.f_callback_driver) refers to drv_tiempo.o(i.drv_tiempo_actual_ms) for drv_tiempo_actual_ms
    drv_tiempo.o(i.f_callback_driver) refers to drv_tiempo.o(.data) for .data
    drv_consumo.o(i.drv_consumo_dormir) refers to hal_consumo_nrf.o(i.hal_consumo_dormir) for hal_consumo_dormir
    drv_consumo.o(i.drv_consumo_esperar) refers to drv_monitor.o(i.drv_monitor_desmarcar) for drv_monitor_desmarcar
    drv_consumo.o(i.drv_consumo_esperar) refers to hal_consumo_nrf.o(i.hal_consumo_esperar) for hal_consumo_esperar
    drv_consumo.o(i.drv_consumo_esperar) refers to drv_monitor.o(i.drv_monitor_marcar) for drv_monitor_marcar
    drv_consumo.o(i.drv_consumo_esperar) refers to drv_consumo.o(.data) for .data
    drv_consumo.o(i.drv_consumo_iniciar) refers to drv_monitor.o(i.drv_monitor_iniciar) for drv_monitor_iniciar
    drv_consumo.o(i.drv_consumo_iniciar) refers to hal_consumo_nrf.o(i.hal_consumo_iniciar) for hal_consumo_iniciar
    drv_consumo.o(i.drv_consumo_iniciar) refers to drv_consumo.o(.data) for .data
    rt_fifo.o(i.rt_FIFO_encolar) refers to drv_monitor.o(i.drv_monitor_marcar) for drv_monitor_marcar
    rt_fifo.o(i.rt_FIFO_encolar) refers to drv_tiempo.o(i.drv_tiempo_actual_us) for drv_tiempo_actual_us
    rt_fifo.o(i.rt_FIFO_encolar) refers to rt_fifo.o(.data) for .data
    rt_fifo.o(i.rt_FIFO_encolar) refers to rt_fifo.o(.bss) for .bss
    rt_fifo.o(i.rt_FIFO_estadisticas) refers to rt_fifo.o(.bss) for .bss
    rt_fifo.o(i.rt_FIFO_extraer) refers to rt_fifo.o(.data) for .data
    rt_fifo.o(i.rt_FIFO_extraer) refers to rt_fifo.o(.bss) for .bss
    rt_fifo.o(i.rt_FIFO_inicializar) refers to drv_monitor.o(i.drv_monitor_desmarcar) for drv_monitor_desmarcar
    rt_fifo.o(i.rt_FIFO_inicializar) refers to rt_fifo.o(.data) for .data
    rt_fifo.o(i.rt_FIFO_inicializar) refers to rt_fifo.o(.bss) for .bss
    rt_fifo.o(i.verificar_insertar_extraer_en_cola) refers to drv_monitor.o(i.drv_monitor_desmarcar) for drv_monitor_desmarcar
    rt_fifo.o(i.verificar_insertar_extraer_en_cola) refers to rt_fifo.o(i.rt_FIFO_encolar) for rt_FIFO_encolar
    rt_fifo.o(i.verificar_insertar_extraer_en_cola) refers to rt_fifo.o(.data) for .data
    rt_fifo.o(i.verificar_insertar_extraer_en_cola) refers to rt_fifo.o(.bss) for .bss
    rt_fifo.o(i.verificar_overflow_cola) refers to drv_monitor.o(i.drv_monitor_desmarcar) for drv_monitor_desmarcar
    rt_fifo.o(i.verificar_overflow_cola) refers to rt_fifo.o(i.rt_FIFO_encolar) for rt_FIFO_encolar
    rt_fifo.o(i.verificar_overflow_cola) refers to rt_fifo.o(.data) for .data
    rt_fifo.o(i.verificar_overflow_cola) refers to rt_fifo.o(.bss) for .bss
    srv_alarm.o(i.svc_alarma_activar) refers to drv_monitor.o(i.drv_monitor_marcar) for drv_monitor_marcar
    srv_alarm.o(i.svc_alarma_activar) refers to srv_alarm.o(.bss) for .bss
    srv_alarm.o(i.svc_alarma_activar) refers to srv_alarm.o(.data) for .data
    srv_alarm.o(i.svc_alarma_iniciar) refers to rt_ge.o(i.svc_GE_suscribir) for svc_GE_suscribir
    srv_alarm.o(i.svc_alarma_iniciar) refers to drv_tiempo.o(i.drv_tiempo_periodico_ms) for drv_tiempo_periodico_ms
    srv_alarm.o(i.svc_alarma_iniciar) refers to srv_alarm.o(.data) for .data
    srv_alarm.o(i.svc_alarma_iniciar) refers to srv_alarm.o(i.svc_alarma_tratar) for svc_alarma_tratar
    srv_alarm.o(i.svc_alarma_iniciar) refers to srv_alarm.o(.bss) for .bss
    srv_alarm.o(i.svc_alarma_tratar) refers to srv_alarm.o(.bss) for .bss
    srv_alarm.o(i.svc_alarma_tratar) refers to srv_alarm.o(.data) for .data
    rt_ge.o(i.esEventoUsuario) refers to rt_ge.o(.data) for .data
    rt_ge.o(i.rt_GE_iniciar) refers to drv_monitor.o(i.drv_monitor_marcar) for drv_monitor_marcar
    rt_ge.o(i.rt_GE_iniciar) refers to rt_ge.o(.data) for .data
    rt_ge.o(i.rt_GE_iniciar) refers to rt_ge.o(.bss) for .bss
    rt_ge.o(i.rt_GE_iniciar) refers to rt_ge.o(i.rt_GE_tratar) for rt_GE_tratar
    rt_ge.o(i.rt_GE_lanzador) refers to srv_alarm.o(i.svc_alarma_codificar) for svc_alarma_codificar
    rt_ge.o(i.rt_GE_lanzador) refers to srv_alarm.o(i.svc_alarma_activar) for svc_alarma_activar
    rt_ge.o(i.rt_GE_lanzador) refers to rt_fifo.o(i.rt_FIFO_extraer) for rt_FIFO_extraer
    rt_ge.o(i.rt_GE_lanzador) refers to drv_consumo.o(i.drv_consumo_dormir) for drv_consumo_dormir
    rt_ge.o(i.rt_GE_lanzador) refers to rt_ge.o(.bss) for .bss
    rt_ge.o(i.rt_GE_tratar) refers to srv_alarm.o(i.svc_alarma_activar) for svc_alarma_activar
    rt_ge.o(i.rt_GE_tratar) refers to srv_alarm.o(i.svc_alarma_codificar) for svc_alarma_codificar
    rt_ge.o(i.rt_GE_tratar) refers to drv_consumo.o(i.drv_consumo_dormir) for drv_consumo_dormir
    rt_ge.o(i.rt_GE_tratar) refers to rt_ge.o(.data) for .data
    rt_ge.o(i.svc_GE_cancelar) refers to rt_ge.o(.bss) for .bss
    rt_ge.o(i.svc_GE_suscribir) refers to drv_monitor.o(i.drv_monitor_marcar) for drv_monitor_marcar
    rt_ge.o(i.svc_GE_suscribir) refers to rt_ge.o(.bss) for .bss
    rt_ge.o(i.svc_GE_suscribir) refers to rt_ge.o(.data) for .data
    drv_botones.o(i.drv_botones_iniciar) refers to hal_gpio_nrf.o(i.hal_gpio_sentido) for hal_gpio_sentido
    drv_botones.o(i.drv_botones_iniciar) refers to hal_ext_int_nrf.o(i.hal_habilitar_int) for hal_habilitar_int
    drv_botones.o(i.drv_botones_iniciar) refers to hal_ext_int_nrf.o(i.hal_ext_int_iniciar) for hal_ext_int_iniciar
    drv_botones.o(i.drv_botones_iniciar) refers to rt_ge.o(i.svc_GE_suscribir) for svc_GE_suscribir
    drv_botones.o(i.drv_botones_iniciar) refers to drv_botones.o(.data) for .data
    drv_botones.o(i.drv_botones_iniciar) refers to drv_botones.o(i.drv_botones_tratar) for drv_botones_tratar
    drv_botones.o(i.drv_botones_pulsado) refers to hal_ext_int_nrf.o(i.hal_deshabilitar_int) for hal_deshabilitar_int
    drv_botones.o(i.drv_botones_tratar) refers to hal_ext_int_nrf.o(i.hal_habilitar_int) for hal_habilitar_int
    drv_botones.o(i.drv_botones_tratar) refers to srv_alarm.o(i.svc_alarma_codificar) for svc_alarma_codificar
    drv_botones.o(i.drv_botones_tratar) refers to srv_alarm.o(i.svc_alarma_activar) for svc_alarma_activar
    drv_botones.o(i.drv_botones_tratar) refers to drv_botones.o(.data) for .data
    drv_monitor.o(i.drv_monitor_desmarcar) refers to hal_gpio_nrf.o(i.hal_gpio_escribir) for hal_gpio_escribir
    drv_monitor.o(i.drv_monitor_desmarcar) refers to drv_monitor.o(.constdata) for .constdata
    drv_monitor.o(i.drv_monitor_marcar) refers to hal_gpio_nrf.o(i.hal_gpio_escribir) for hal_gpio_escribir
    drv_monitor.o(i.drv_monitor_marcar) refers to drv_monitor.o(.constdata) for .constdata
    hal_tiempo_nrf.o(i.TIMER0_IRQHandler) refers to hal_tiempo_nrf.o(.data) for .data
    hal_tiempo_nrf.o(i.TIMER1_IRQHandler) refers to hal_tiempo_nrf.o(.data) for .data
    hal_tiempo_nrf.o(i.hal_tiempo_actual_tick) refers to hal_tiempo_nrf.o(.data) for .data
    hal_tiempo_nrf.o(i.hal_tiempo_iniciar_tick) refers to hal_tiempo_nrf.o(.data) for .data
    hal_tiempo_nrf.o(i.hal_tiempo_reloj_periodico_tick) refers to hal_tiempo_nrf.o(.data) for .data
    arm_startup_nrf52840.o(RESET) refers to arm_startup_nrf52840.o(STACK) for __initial_sp
    arm_startup_nrf52840.o(RESET) refers to arm_startup_nrf52840.o(.text) for Reset_Handler
    arm_startup_nrf52840.o(RESET) refers to hal_tiempo_nrf.o(i.TIMER0_IRQHandler) for TIMER0_IRQHandler
    arm_startup_nrf52840.o(RESET) refers to hal_tiempo_nrf.o(i.TIMER1_IRQHandler) for TIMER1_IRQHandler
    arm_startup_nrf52840.o(.text) refers to system_nrf52.o(i.SystemInit) for SystemInit
    arm_startup_nrf52840.o(.text) refers to entry.o(.ARM.Collect$$$$00000000) for __main
    system_nrf52.o(i.SystemCoreClockUpdate) refers to system_nrf52.o(.data) for .data
    system_nrf52.o(i.SystemInit) refers to system_nrf52.o(.data) for .data
    entry.o(.ARM.Collect$$$$00000000) refers (Special) to entry10a.o(.ARM.Collect$$$$0000000D) for __rt_final_cpp
    entry.o(.ARM.Collect$$$$00000000) refers (Special) to entry11a.o(.ARM.Collect$$$$0000000F) for __rt_final_exit
    entry.o(.ARM.Collect$$$$00000000) refers (Special) to entry7b.o(.ARM.Collect$$$$00000008) for _main_clock
    entry.o(.ARM.Collect$$$$00000000) refers (Special) to entry8b.o(.ARM.Collect$$$$0000000A) for _main_cpp_init
    entry.o(.ARM.Collect$$$$00000000) refers (Special) to entry9a.o(.ARM.Collect$$$$0000000B) for _main_init
    entry.o(.ARM.Collect$$$$00000000) refers (Special) to entry5.o(.ARM.Collect$$$$00000004) for _main_scatterload
    entry.o(.ARM.Collect$$$$00000000) refers (Special) to entry2.o(.ARM.Collect$$$$00000001) for _main_stk
    uldiv.o(.text) refers to llushr.o(.text) for __aeabi_llsr
    uldiv.o(.text) refers to llshl.o(.text) for __aeabi_llsl
    entry2.o(.ARM.Collect$$$$00000001) refers to entry2.o(.ARM.Collect$$$$00002712) for __lit__00000000
    entry2.o(.ARM.Collect$$$$00002712) refers to arm_startup_nrf52840.o(STACK) for __initial_sp
    entry2.o(__vectab_stack_and_reset_area) refers to arm_startup_nrf52840.o(STACK) for __initial_sp
    entry2.o(__vectab_stack_and_reset_area) refers to entry.o(.ARM.Collect$$$$00000000) for __main
    entry5.o(.ARM.Collect$$$$00000004) refers to init.o(.text) for __scatterload
    entry9a.o(.ARM.Collect$$$$0000000B) refers to main.o(i.main) for main
    entry9b.o(.ARM.Collect$$$$0000000C) refers to main.o(i.main) for main
    init.o(.text) refers to entry5.o(.ARM.Collect$$$$00000004) for __main_after_scatterload


==============================================================================

Removing Unused input sections from the image.

    Removing main.o(i.blink_v3_bis), (28 bytes).
    Removing main.o(i.probar_activar_led_con_boton), (52 bytes).
    Removing drv_leds.o(i.drv_led_apagar), (28 bytes).
    Removing drv_leds.o(i.drv_led_conmutar), (40 bytes).
    Removing drv_leds.o(i.drv_led_encender), (28 bytes).
    Removing drv_tiempo.o(i.drv_tiempo_esperar_hasta_ms), (68 bytes).
    Removing drv_tiempo.o(i.drv_tiempo_esperar_ms), (68 bytes).
    Removing drv_tiempo.o(i.drv_tiempo_iniciar), (16 bytes).
    Removing drv_consumo.o(i.drv_consumo_esperar), (72 bytes).
    Removing drv_consumo.o(i.drv_consumo_iniciar), (28 bytes).
    Removing drv_consumo.o(.data), (12 bytes).
    Removing rt_fifo.o(i.rt_FIFO_estadisticas), (20 bytes).
    Removing rt_fifo.o(i.rt_FIFO_extraer), (76 bytes).
    Removing rt_fifo.o(i.rt_FIFO_inicializar), (40 bytes).
    Removing rt_fifo.o(i.verificar_overflow_cola), (60 bytes).
    Removing rt_ge.o(i.esEventoUsuario), (20 bytes).
    Removing rt_ge.o(i.rt_GE_lanzador), (84 bytes).
    Removing rt_ge.o(i.svc_GE_cancelar), (96 bytes).
    Removing drv_botones.o(i.drv_botones_pulsado), (4 bytes).
    Removing drv_monitor.o(i.drv_monitor_iniciar), (4 bytes).
    Removing hal_gpio_nrf.o(.rev16_text), (4 bytes).
    Removing hal_gpio_nrf.o(.revsh_text), (4 bytes).
    Removing hal_gpio_nrf.o(.rrx_text), (6 bytes).
    Removing hal_gpio_nrf.o(i.hal_gpio_escribir_n), (40 bytes).
    Removing hal_gpio_nrf.o(i.hal_gpio_leer), (24 bytes).
    Removing hal_gpio_nrf.o(i.hal_gpio_leer_n), (28 bytes).
    Removing hal_gpio_nrf.o(i.hal_gpio_sentido_n), (130 bytes).
    Removing hal_tiempo_nrf.o(.rev16_text), (4 bytes).
    Removing hal_tiempo_nrf.o(.revsh_text), (4 bytes).
    Removing hal_tiempo_nrf.o(.rrx_text), (6 bytes).
    Removing hal_consumo_nrf.o(.rev16_text), (4 bytes).
    Removing hal_consumo_nrf.o(.revsh_text), (4 bytes).
    Removing hal_consumo_nrf.o(.rrx_text), (6 bytes).
    Removing hal_consumo_nrf.o(i.hal_consumo_esperar), (4 bytes).
    Removing hal_consumo_nrf.o(i.hal_consumo_iniciar), (2 bytes).
    Removing hal_ext_int_nrf.o(.rev16_text), (4 bytes).
    Removing hal_ext_int_nrf.o(.revsh_text), (4 bytes).
    Removing hal_ext_int_nrf.o(.rrx_text), (6 bytes).
    Removing hal_ext_int_nrf.o(i.hal_deshabilitar_despertar), (10 bytes).
    Removing hal_ext_int_nrf.o(i.hal_deshabilitar_int), (22 bytes).
    Removing hal_ext_int_nrf.o(i.hal_habilitar_despertar), (8 bytes).
    Removing arm_startup_nrf52840.o(HEAP), (16384 bytes).
    Removing system_nrf52.o(.rev16_text), (4 bytes).
    Removing system_nrf52.o(.revsh_text), (4 bytes).
    Removing system_nrf52.o(.rrx_text), (6 bytes).
    Removing system_nrf52.o(i.SystemCoreClockUpdate), (16 bytes).
    Removing system_nrf52.o(i.nvmc_config), (24 bytes).
    Removing system_nrf52.o(i.nvmc_wait), (16 bytes).

48 unused section(s) (total 17622 bytes) removed from the image.
