Component: ARM Compiler 5.06 update 6 (build 750) Tool: armlink [4d35ed]

==============================================================================

Section Cross References

    main.o(i.main) refers to hal_gpio_lpc.o(i.hal_gpio_iniciar) for hal_gpio_iniciar
    main.o(i.main) refers to drv_tiempo.o(i.drv_tiempo_iniciar) for drv_tiempo_iniciar
    main.o(i.main) refers to drv_leds.o(i.drv_leds_iniciar) for drv_leds_iniciar
    main.o(i.main) refers to simon.o(i.simon_iniciar) for simon_iniciar
    drv_leds.o(i.drv_led_apagar) refers to hal_gpio_lpc.o(i.hal_gpio_escribir) for hal_gpio_escribir
    drv_leds.o(i.drv_led_apagar) refers to drv_leds.o(.constdata) for .constdata
    drv_leds.o(i.drv_led_conmutar) refers to hal_gpio_lpc.o(i.hal_gpio_leer) for hal_gpio_leer
    drv_leds.o(i.drv_led_conmutar) refers to hal_gpio_lpc.o(i.hal_gpio_escribir) for hal_gpio_escribir
    drv_leds.o(i.drv_led_conmutar) refers to drv_leds.o(.constdata) for .constdata
    drv_leds.o(i.drv_led_encender) refers to hal_gpio_lpc.o(i.hal_gpio_escribir) for hal_gpio_escribir
    drv_leds.o(i.drv_led_encender) refers to drv_leds.o(.constdata) for .constdata
    drv_leds.o(i.drv_leds_iniciar) refers to hal_gpio_lpc.o(i.hal_gpio_sentido) for hal_gpio_sentido
    drv_leds.o(i.drv_leds_iniciar) refers to hal_gpio_lpc.o(i.hal_gpio_escribir) for hal_gpio_escribir
    drv_leds.o(i.drv_leds_iniciar) refers to drv_leds.o(.constdata) for .constdata
    drv_tiempo.o(i.drv_tiempo_actual_ms) refers to hal_tiempo_lpc.o(i.hal_tiempo_actual_tick) for hal_tiempo_actual_tick
    drv_tiempo.o(i.drv_tiempo_actual_ms) refers to lludiv.o(.text) for __aeabi_uldivmod
    drv_tiempo.o(i.drv_tiempo_actual_ms) refers to drv_tiempo.o(.data) for .data
    drv_tiempo.o(i.drv_tiempo_actual_us) refers to hal_tiempo_lpc.o(i.hal_tiempo_actual_tick) for hal_tiempo_actual_tick
    drv_tiempo.o(i.drv_tiempo_actual_us) refers to lludiv.o(.text) for __aeabi_uldivmod
    drv_tiempo.o(i.drv_tiempo_actual_us) refers to drv_tiempo.o(.data) for .data
    drv_tiempo.o(i.drv_tiempo_esperar_hasta_ms) refers to hal_tiempo_lpc.o(i.hal_tiempo_actual_tick) for hal_tiempo_actual_tick
    drv_tiempo.o(i.drv_tiempo_esperar_hasta_ms) refers to lludiv.o(.text) for __aeabi_uldivmod
    drv_tiempo.o(i.drv_tiempo_esperar_hasta_ms) refers to drv_tiempo.o(i.drv_tiempo_actual_ms) for drv_tiempo_actual_ms
    drv_tiempo.o(i.drv_tiempo_esperar_hasta_ms) refers to drv_tiempo.o(.data) for .data
    drv_tiempo.o(i.drv_tiempo_esperar_ms) refers to hal_tiempo_lpc.o(i.hal_tiempo_actual_tick) for hal_tiempo_actual_tick
    drv_tiempo.o(i.drv_tiempo_esperar_ms) refers to lludiv.o(.text) for __aeabi_uldivmod
    drv_tiempo.o(i.drv_tiempo_esperar_ms) refers to drv_tiempo.o(.data) for .data
    drv_tiempo.o(i.drv_tiempo_iniciar) refers to hal_tiempo_lpc.o(i.hal_tiempo_iniciar_tick) for hal_tiempo_iniciar_tick
    drv_tiempo.o(i.drv_tiempo_iniciar) refers to drv_tiempo.o(.data) for .data
    drv_tiempo.o(i.drv_tiempo_periodico_ms) refers to hal_tiempo_lpc.o(i.hal_tiempo_reloj_periodico_tick) for hal_tiempo_reloj_periodico_tick
    drv_tiempo.o(i.drv_tiempo_periodico_ms) refers to drv_tiempo.o(.data) for .data
    drv_tiempo.o(i.drv_tiempo_periodico_ms) refers to drv_tiempo.o(i.f_callback_driver) for f_callback_driver
    drv_tiempo.o(i.f_callback_driver) refers to drv_tiempo.o(i.drv_tiempo_actual_ms) for drv_tiempo_actual_ms
    drv_tiempo.o(i.f_callback_driver) refers to drv_tiempo.o(.data) for .data
    rt_fifo.o(i.rt_FIFO_encolar) refers to drv_sc.o(i.drv_SC_entrar_disable_irq) for drv_SC_entrar_disable_irq
    rt_fifo.o(i.rt_FIFO_encolar) refers to drv_monitor.o(i.drv_monitor_marcar) for drv_monitor_marcar
    rt_fifo.o(i.rt_FIFO_encolar) refers to hal_wdt_lpc.o(i.hal_WDT_feed) for hal_WDT_feed
    rt_fifo.o(i.rt_FIFO_encolar) refers to drv_tiempo.o(i.drv_tiempo_actual_us) for drv_tiempo_actual_us
    rt_fifo.o(i.rt_FIFO_encolar) refers to drv_sc.o(i.drv_SC_salir_enable_irq) for drv_SC_salir_enable_irq
    rt_fifo.o(i.rt_FIFO_encolar) refers to rt_fifo.o(.data) for .data
    rt_fifo.o(i.rt_FIFO_encolar) refers to rt_fifo.o(.bss) for .bss
    rt_fifo.o(i.rt_FIFO_estadisticas) refers to rt_fifo.o(.bss) for .bss
    rt_fifo.o(i.rt_FIFO_extraer) refers to drv_sc.o(i.drv_SC_entrar_disable_irq) for drv_SC_entrar_disable_irq
    rt_fifo.o(i.rt_FIFO_extraer) refers to drv_sc.o(i.drv_SC_salir_enable_irq) for drv_SC_salir_enable_irq
    rt_fifo.o(i.rt_FIFO_extraer) refers to rt_fifo.o(.data) for .data
    rt_fifo.o(i.rt_FIFO_extraer) refers to rt_fifo.o(.bss) for .bss
    rt_fifo.o(i.rt_FIFO_inicializar) refers to drv_monitor.o(i.drv_monitor_desmarcar) for drv_monitor_desmarcar
    rt_fifo.o(i.rt_FIFO_inicializar) refers to rt_fifo.o(.data) for .data
    rt_fifo.o(i.rt_FIFO_inicializar) refers to rt_fifo.o(.bss) for .bss
    rt_fifo.o(i.verificar_insertar_extraer_en_cola) refers to rt_fifo.o(i.rt_FIFO_encolar) for rt_FIFO_encolar
[...]
    simon.o(i.reiniciar_juego) refers to srv_alarm.o(i.svc_alarma_activar) for svc_alarma_activar
    simon.o(i.reiniciar_juego) refers to simon.o(.data) for .data
    simon.o(i.simon_conmutar_leds) refers to drv_leds.o(i.drv_led_conmutar) for drv_led_conmutar
    simon.o(i.simon_conmutar_leds) refers to srv_alarm.o(i.svc_alarma_codificar) for svc_alarma_codificar
    simon.o(i.simon_conmutar_leds) refers to srv_alarm.o(i.svc_alarma_activar) for svc_alarma_activar
    simon.o(i.simon_conmutar_leds) refers to simon.o(.data) for .data
    simon.o(i.simon_iniciar) refers to rt_fifo.o(i.rt_FIFO_inicializar) for rt_FIFO_inicializar
    simon.o(i.simon_iniciar) refers to rt_ge.o(i.rt_GE_iniciar) for rt_GE_iniciar
    simon.o(i.simon_iniciar) refers to drv_tiempo.o(i.drv_tiempo_actual_ms) for drv_tiempo_actual_ms
    simon.o(i.simon_iniciar) refers to hal_random_lpc.o(i.hal_random_iniciar) for hal_random_iniciar
    simon.o(i.simon_iniciar) refers to srv_alarm.o(i.svc_alarma_iniciar) for svc_alarma_iniciar
    simon.o(i.simon_iniciar) refers to drv_botones.o(i.drv_botones_iniciar) for drv_botones_iniciar
    simon.o(i.simon_iniciar) refers to rt_ge.o(i.svc_GE_suscribir) for svc_GE_suscribir
    simon.o(i.simon_iniciar) refers to srv_alarm.o(i.svc_alarma_codificar) for svc_alarma_codificar
    simon.o(i.simon_iniciar) refers to srv_alarm.o(i.svc_alarma_activar) for svc_alarma_activar
    simon.o(i.simon_iniciar) refers to rt_ge.o(i.rt_GE_lanzador) for rt_GE_lanzador
    simon.o(i.simon_iniciar) refers to rt_fifo.o(i.rt_FIFO_encolar) for rt_FIFO_encolar
    simon.o(i.simon_iniciar) refers to simon.o(i.reiniciar_juego) for reiniciar_juego
    simon.o(i.simon_iniciar) refers to simon.o(i.simon_conmutar_leds) for simon_conmutar_leds
    simon.o(i.simon_iniciar) refers to simon.o(i.simon_mostrar_seq_juego) for simon_mostrar_seq_juego
    simon.o(i.simon_iniciar) refers to simon.o(i.simon_mostrar_seq_inicial) for simon_mostrar_seq_inicial
    simon.o(i.simon_iniciar) refers to simon.o(i.encender_led) for encender_led
    simon.o(i.simon_iniciar) refers to simon.o(i.simon_tratar) for simon_tratar
    simon.o(i.simon_iniciar) refers to simon.o(i.apagar_led) for apagar_led
    simon.o(i.simon_iniciar) refers to simon.o(.data) for .data
    simon.o(i.simon_mostrar_seq_inicial) refers to drv_leds.o(i.drv_led_conmutar) for drv_led_conmutar
    simon.o(i.simon_mostrar_seq_inicial) refers to srv_alarm.o(i.svc_alarma_codificar) for svc_alarma_codificar
    simon.o(i.simon_mostrar_seq_inicial) refers to srv_alarm.o(i.svc_alarma_activar) for svc_alarma_activar
    simon.o(i.simon_mostrar_seq_juego) refers to drv_leds.o(i.drv_led_conmutar) for drv_led_conmutar
    simon.o(i.simon_mostrar_seq_juego) refers to srv_alarm.o(i.svc_alarma_codificar) for svc_alarma_codificar
    simon.o(i.simon_mostrar_seq_juego) refers to srv_alarm.o(i.svc_alarma_activar) for svc_alarma_activar
    simon.o(i.simon_mostrar_seq_juego) refers to simon.o(.data) for .data
    simon.o(i.simon_mostrar_seq_juego) refers to simon.o(.bss) for .bss
    simon.o(i.simon_tratar) refers to rt_memcpy_w.o(.text) for __aeabi_memcpy4
    simon.o(i.simon_tratar) refers to hal_random_lpc.o(i.hal_random_generar) for hal_random_generar
    simon.o(i.simon_tratar) refers to drv_leds.o(i.drv_led_apagar) for drv_led_apagar
    simon.o(i.simon_tratar) refers to srv_alarm.o(i.svc_alarma_codificar) for svc_alarma_codificar
    simon.o(i.simon_tratar) refers to srv_alarm.o(i.svc_alarma_activar) for svc_alarma_activar
    simon.o(i.simon_tratar) refers to simon.o(.data) for .data
    simon.o(i.simon_tratar) refers to simon.o(.bss) for .bss
    simon.o(i.simon_tratar) refers to simon.o(.constdata) for .constdata
    counter_strike.o(i.iniciar_juego) refers to drv_consumo.o(i.drv_consumo_iniciar) for drv_consumo_iniciar
    counter_strike.o(i.iniciar_juego) refers to rt_fifo.o(i.rt_FIFO_inicializar) for rt_FIFO_inicializar
    counter_strike.o(i.iniciar_juego) refers to rt_ge.o(i.rt_GE_iniciar) for rt_GE_iniciar
    counter_strike.o(i.iniciar_juego) refers to srv_alarm.o(i.svc_alarma_iniciar) for svc_alarma_iniciar
    counter_strike.o(i.iniciar_juego) refers to drv_botones.o(i.drv_botones_iniciar) for drv_botones_iniciar
    counter_strike.o(i.iniciar_juego) refers to rt_ge.o(i.svc_GE_suscribir) for svc_GE_suscribir
    counter_strike.o(i.iniciar_juego) refers to rt_fifo.o(i.rt_FIFO_encolar) for rt_FIFO_encolar
    counter_strike.o(i.iniciar_juego) refers to rt_ge.o(i.rt_GE_lanzador) for rt_GE_lanzador
    counter_strike.o(i.iniciar_juego) refers to counter_strike.o(i.juego) for juego
    counter_strike.o(i.iniciar_juego) refers to counter_strike.o(.data) for .data
    counter_strike.o(i.juego) refers to drv_leds.o(i.drv_led_apagar) for drv_led_apagar
    counter_strike.o(i.juego) refers to drv_leds.o(i.drv_led_encender) for drv_led_encender
    counter_strike.o(i.juego) refers to rt_fifo.o(i.rt_FIFO_encolar) for rt_FIFO_encolar
    counter_strike.o(i.juego) refers to counter_strike.o(.data) for .data
    test.o(i.leds_c) refers to drv_leds.o(i.drv_led_conmutar) for drv_led_conmutar
    test.o(i.pruebas_botones) refers to drv_consumo.o(i.drv_consumo_iniciar) for drv_consumo_iniciar
    test.o(i.pruebas_botones) refers to rt_fifo.o(i.rt_FIFO_inicializar) for rt_FIFO_inicializar
    test.o(i.pruebas_botones) refers to rt_ge.o(i.rt_GE_iniciar) for rt_GE_iniciar
    test.o(i.pruebas_botones) refers to srv_alarm.o(i.svc_alarma_iniciar) for svc_alarma_iniciar
    test.o(i.pruebas_botones) refers to drv_botones.o(i.drv_botones_iniciar) for drv_botones_iniciar
    test.o(i.pruebas_botones) refers to rt_ge.o(i.svc_GE_suscribir) for svc_GE_suscribir
    test.o(i.pruebas_botones) refers to rt_ge.o(i.rt_GE_lanzador) for rt_GE_lanzador
    test.o(i.pruebas_botones) refers to rt_fifo.o(i.rt_FIFO_encolar) for rt_FIFO_encolar
    test.o(i.pruebas_botones) refers to test.o(i.leds_c) for leds_c
    test.o(i.test_WDT) refers to hal_wdt_lpc.o(i.hal_WDT_iniciar) for hal_WDT_iniciar
    test.o(i.test_WDT) refers to drv_leds.o(i.drv_led_encender) for drv_led_encender
    test.o(i.test_alarmas) refers to srv_alarm.o(i.svc_alarma_iniciar) for svc_alarma_iniciar
    test.o(i.test_alarmas) refers to srv_alarm.o(i.svc_alarma_codificar) for svc_alarma_codificar
    test.o(i.test_alarmas) refers to srv_alarm.o(i.svc_alarma_activar) for svc_alarma_activar
    test.o(i.test_alarmas) refers to rt_fifo.o(i.rt_FIFO_extraer) for rt_FIFO_extraer
    test.o(i.test_alarmas) refers to drv_leds.o(i.drv_led_conmutar) for drv_led_conmutar
    test.o(i.test_alarmas) refers to rt_fifo.o(i.rt_FIFO_encolar) for rt_FIFO_encolar
    test.o(i.test_rt_FIFO) refers to rt_fifo.o(i.rt_FIFO_inicializar) for rt_FIFO_inicializar
    test.o(i.test_rt_FIFO) refers to rt_fifo.o(i.verificar_overflow_cola) for verificar_overflow_cola
    hal_tiempo_lpc.o(i.hal_tiempo_actual_tick) refers to hal_tiempo_lpc.o(.data) for .data
    hal_tiempo_lpc.o(i.hal_tiempo_iniciar_tick) refers to hal_tiempo_lpc.o(.data) for .data
    hal_tiempo_lpc.o(i.hal_tiempo_iniciar_tick) refers to hal_tiempo_lpc.o(i.timer0_ISR) for timer0_ISR
    hal_tiempo_lpc.o(i.hal_tiempo_reloj_periodico_tick) refers to hal_tiempo_lpc.o(.data) for .data
    hal_tiempo_lpc.o(i.hal_tiempo_reloj_periodico_tick) refers to hal_tiempo_lpc.o(i.timer1_ISR) for timer1_ISR
    hal_tiempo_lpc.o(i.timer0_ISR) refers to hal_tiempo_lpc.o(.data) for .data
    hal_tiempo_lpc.o(i.timer1_ISR) refers to hal_tiempo_lpc.o(.data) for .data
    hal_consumo_lpc.o(i.hal_consumo_dormir) refers to startup.o(.text) for switch_to_PLL
    hal_ext_int_lpc.o(i.hal_ext_int_ISR) refers to hal_ext_int_lpc.o(.data) for .data
    hal_ext_int_lpc.o(i.hal_ext_int_iniciar) refers to hal_ext_int_lpc.o(.data) for .data
    hal_ext_int_lpc.o(i.hal_ext_int_iniciar) refers to hal_ext_int_lpc.o(i.hal_ext_int_ISR) for hal_ext_int_ISR
    hal_wdt_lpc.o(i.hal_WDT_feed) refers to drv_sc.o(i.drv_SC_entrar_disable_irq) for drv_SC_entrar_disable_irq
    hal_wdt_lpc.o(i.hal_WDT_feed) refers to drv_sc.o(i.drv_SC_salir_enable_irq) for drv_SC_salir_enable_irq
    hal_wdt_lpc.o(i.hal_WDT_iniciar) refers to drv_sc.o(i.drv_SC_entrar_disable_irq) for drv_SC_entrar_disable_irq
    hal_wdt_lpc.o(i.hal_WDT_iniciar) refers to drv_sc.o(i.drv_SC_salir_enable_irq) for drv_SC_salir_enable_irq
    hal_random_lpc.o(i.hal_random_generar) refers to rand.o(.emb_text) for rand
    hal_random_lpc.o(i.hal_random_generar) refers to aeabi_sdivfast.o(.text) for __aeabi_idivmod
    hal_random_lpc.o(i.hal_random_iniciar) refers to rand.o(.text) for srand
    startup.o(STACK) refers (Special) to heapauxi.o(.text) for __use_two_region_memory
    startup.o(HEAP) refers (Special) to heapauxi.o(.text) for __use_two_region_memory
    startup.o(RESET) refers (Special) to heapauxi.o(.text) for __use_two_region_memory
    startup.o(RESET) refers to startup.o(STACK) for Stack_Top
    startup.o(RESET) refers to __main.o(!!!main) for __main
    startup.o(.text) refers (Special) to heapauxi.o(.text) for __use_two_region_memory
    startup.o(.text) refers to startup.o(HEAP) for Heap_Mem
    startup.o(.text) refers to startup.o(STACK) for Stack_Mem
    rand.o(.emb_text) refers (Special) to libinit2.o(.ARM.Collect$$libinit$$0000000D) for __rt_lib_init_rand_2
    rand.o(.emb_text) refers to rand.o(.text) for _rand_init
    rand.o(.emb_text) refers to rand.o(.bss) for _random_number_data
    rand.o(.text) refers (Special) to libinit2.o(.ARM.Collect$$libinit$$0000000D) for __rt_lib_init_rand_2
    rand.o(.text) refers to rand.o(.bss) for .bss
    rand.o(.bss) refers (Special) to libinit2.o(.ARM.Collect$$libinit$$0000000D) for __rt_lib_init_rand_2
    aeabi_sdivfast.o(.text_udiv) refers to aeabi_sdivfast.o(.text) for __arm_div2
    aeabi_sdivfast_div0.o(.text_udiv) refers to aeabi_sdivfast_div0.o(.text) for __arm_div2
    __main.o(!!!main) refers to __rtentry.o(.ARM.Collect$$rtentry$$00000000) for __rt_entry
    __rtentry.o(.ARM.Collect$$rtentry$$00000000) refers (Special) to __rtentry2.o(.ARM.Collect$$rtentry$$0000000A) for __rt_entry_li
    __rtentry.o(.ARM.Collect$$rtentry$$00000000) refers (Special) to __rtentry2.o(.ARM.Collect$$rtentry$$0000000D) for __rt_entry_main
    __rtentry.o(.ARM.Collect$$rtentry$$00000000) refers (Special) to __rtentry2.o(.ARM.Collect$$rtentry$$0000000C) for __rt_entry_postli_1
    __rtentry.o(.ARM.Collect$$rtentry$$00000000) refers (Special) to __rtentry2.o(.ARM.Collect$$rtentry$$00000009) for __rt_entry_postsh_1
    __rtentry.o(.ARM.Collect$$rtentry$$00000000) refers (Special) to __rtentry2.o(.ARM.Collect$$rtentry$$00000002) for __rt_entry_presh_1
    __rtentry.o(.ARM.Collect$$rtentry$$00000000) refers (Special) to __rtentry4.o(.ARM.Collect$$rtentry$$00000004) for __rt_entry_sh
    aeabi_idiv0_sigfpe.o(.text) refers to rt_div0.o(.text) for __rt_div0
    aeabi_ldiv0_sigfpe.o(.text) refers to rt_div0.o(.text) for __rt_div0
    libinit2.o(.ARM.Collect$$libinit$$00000001) refers to fpinit.o(x$fpl$fpinit) for _fp_init
    libinit2.o(.ARM.Collect$$libinit$$0000000D) refers (Weak) to rand.o(.text) for _rand_init
    libinit2.o(.ARM.Collect$$libinit$$00000010) refers to libinit2.o(.ARM.Collect$$libinit$$0000000F) for .ARM.Collect$$libinit$$0000000F
    libinit2.o(.ARM.Collect$$libinit$$00000012) refers to libinit2.o(.ARM.Collect$$libinit$$0000000F) for .ARM.Collect$$libinit$$0000000F
    libinit2.o(.ARM.Collect$$libinit$$00000014) refers to libinit2.o(.ARM.Collect$$libinit$$0000000F) for .ARM.Collect$$libinit$$0000000F
    libinit2.o(.ARM.Collect$$libinit$$00000016) refers to libinit2.o(.ARM.Collect$$libinit$$0000000F) for .ARM.Collect$$libinit$$0000000F
    libinit2.o(.ARM.Collect$$libinit$$00000018) refers to libinit2.o(.ARM.Collect$$libinit$$0000000F) for .ARM.Collect$$libinit$$0000000F
    libinit2.o(.ARM.Collect$$libinit$$00000026) refers to argv_veneer.o(.emb_text) for __ARM_argv_veneer
    libinit2.o(.ARM.Collect$$libinit$$00000027) refers to argv_veneer.o(.emb_text) for __ARM_argv_veneer
    __rtentry2.o(.ARM.Collect$$rtentry$$00000008) refers to boardinit2.o(.text) for _platform_post_stackheap_init
    __rtentry2.o(.ARM.Collect$$rtentry$$0000000A) refers to libinit.o(.ARM.Collect$$libinit$$00000000) for __rt_lib_init
    __rtentry2.o(.ARM.Collect$$rtentry$$0000000B) refers to boardinit3.o(.text) for _platform_post_lib_init
    __rtentry2.o(.ARM.Collect$$rtentry$$0000000D) refers to exit.o(.text) for exit
    __rtentry2.o(.ARM.Collect$$rtentry$$0000000D) refers to main.o(i.main) for main
    __rtentry2.o(.ARM.exidx) refers to __rtentry2.o(.ARM.Collect$$rtentry$$00000001) for .ARM.Collect$$rtentry$$00000001
    __rtentry2.o(.ARM.exidx) refers to __rtentry2.o(.ARM.Collect$$rtentry$$00000008) for .ARM.Collect$$rtentry$$00000008
    __rtentry2.o(.ARM.exidx) refers to __rtentry2.o(.ARM.Collect$$rtentry$$0000000A) for .ARM.Collect$$rtentry$$0000000A
    __rtentry2.o(.ARM.exidx) refers to __rtentry2.o(.ARM.Collect$$rtentry$$0000000B) for .ARM.Collect$$rtentry$$0000000B
    __rtentry2.o(.ARM.exidx) refers to __rtentry2.o(.ARM.Collect$$rtentry$$0000000D) for .ARM.Collect$$rtentry$$0000000D
    __rtentry4.o(.ARM.Collect$$rtentry$$00000004) refers to sys_stackheap_outer.o(.text) for __user_setup_stackheap
    __rtentry4.o(.ARM.exidx) refers to __rtentry4.o(.ARM.Collect$$rtentry$$00000004) for .ARM.Collect$$rtentry$$00000004
    rt_div0.o(.text) refers to defsig_fpe_outer.o(.text) for __rt_SIGFPE
    argv_veneer.o(.emb_text) refers to no_argv.o(.text) for __ARM_get_argv
    sys_stackheap_outer.o(.text) refers to libspace.o(.text) for __user_perproc_libspace
    sys_stackheap_outer.o(.text) refers to startup.o(.text) for __user_initial_stackheap
    exit.o(.text) refers to rtexit.o(.ARM.Collect$$rtexit$$00000000) for __rt_exit
    defsig_fpe_outer.o(.text) refers to defsig_fpe_inner.o(.text) for __rt_SIGFPE_inner
    defsig_fpe_outer.o(.text) refers to defsig_exit.o(.text) for __sig_exit
    defsig_fpe_formal.o(.text) refers to rt_raise.o(.text) for __rt_raise
    _get_argv_nomalloc.o(.text) refers (Special) to hrguard.o(.text) for __heap_region$guard
    _get_argv_nomalloc.o(.text) refers to defsig_rtmem_outer.o(.text) for __rt_SIGRTMEM
    _get_argv_nomalloc.o(.text) refers to sys_command.o(.text) for _sys_command_string
    libinit.o(.ARM.Collect$$libinit$$00000000) refers (Special) to libinit2.o(.ARM.Collect$$libinit$$0000002E) for __rt_lib_init_alloca_1
    libinit.o(.ARM.Collect$$libinit$$00000000) refers (Special) to libinit2.o(.ARM.Collect$$libinit$$0000002C) for __rt_lib_init_argv_1
    libinit.o(.ARM.Collect$$libinit$$00000000) refers (Special) to libinit2.o(.ARM.Collect$$libinit$$0000001B) for __rt_lib_init_atexit_1
    libinit.o(.ARM.Collect$$libinit$$00000000) refers (Special) to libinit2.o(.ARM.Collect$$libinit$$00000021) for __rt_lib_init_clock_1
    libinit.o(.ARM.Collect$$libinit$$00000000) refers (Special) to libinit2.o(.ARM.Collect$$libinit$$00000032) for __rt_lib_init_cpp_1
    libinit.o(.ARM.Collect$$libinit$$00000000) refers (Special) to libinit2.o(.ARM.Collect$$libinit$$00000030) for __rt_lib_init_exceptions_1
    libinit.o(.ARM.Collect$$libinit$$00000000) refers (Special) to libinit2.o(.ARM.Collect$$libinit$$00000002) for __rt_lib_init_fp_1
    libinit.o(.ARM.Collect$$libinit$$00000000) refers (Special) to libinit2.o(.ARM.Collect$$libinit$$0000001F) for __rt_lib_init_fp_trap_1
    libinit.o(.ARM.Collect$$libinit$$00000000) refers (Special) to libinit2.o(.ARM.Collect$$libinit$$00000023) for __rt_lib_init_getenv_1
    libinit.o(.ARM.Collect$$libinit$$00000000) refers (Special) to libinit2.o(.ARM.Collect$$libinit$$0000000A) for __rt_lib_init_heap_1
    libinit.o(.ARM.Collect$$libinit$$00000000) refers (Special) to libinit2.o(.ARM.Collect$$libinit$$00000011) for __rt_lib_init_lc_collate_1
    libinit.o(.ARM.Collect$$libinit$$00000000) refers (Special) to libinit2.o(.ARM.Collect$$libinit$$00000013) for __rt_lib_init_lc_ctype_1
    libinit.o(.ARM.Collect$$libinit$$00000000) refers (Special) to libinit2.o(.ARM.Collect$$libinit$$00000015) for __rt_lib_init_lc_monetary_1
    libinit.o(.ARM.Collect$$libinit$$00000000) refers (Special) to libinit2.o(.ARM.Collect$$libinit$$00000017) for __rt_lib_init_lc_numeric_1
    libinit.o(.ARM.Collect$$libinit$$00000000) refers (Special) to libinit2.o(.ARM.Collect$$libinit$$00000019) for __rt_lib_init_lc_time_1
    libinit.o(.ARM.Collect$$libinit$$00000000) refers (Special) to libinit2.o(.ARM.Collect$$libinit$$00000004) for __rt_lib_init_preinit_1
    libinit.o(.ARM.Collect$$libinit$$00000000) refers (Special) to libinit2.o(.ARM.Collect$$libinit$$0000000E) for __rt_lib_init_rand_1
    libinit.o(.ARM.Collect$$libinit$$00000000) refers (Special) to libinit2.o(.ARM.Collect$$libinit$$00000033) for __rt_lib_init_return
    libinit.o(.ARM.Collect$$libinit$$00000000) refers (Special) to libinit2.o(.ARM.Collect$$libinit$$0000001D) for __rt_lib_init_signal_1
    libinit.o(.ARM.Collect$$libinit$$00000000) refers (Special) to libinit2.o(.ARM.Collect$$libinit$$00000025) for __rt_lib_init_stdio_1
    libinit.o(.ARM.Collect$$libinit$$00000000) refers (Special) to libinit2.o(.ARM.Collect$$libinit$$0000000C) for __rt_lib_init_user_alloc_1
    sys_command.o(.text) refers (Special) to use_no_semi.o(.text) for __I$use$semihosting
    sys_command.o(.text) refers (Special) to indicate_semi.o(.text) for __semihosting_library_function
    libspace.o(.text) refers to libspace.o(.bss) for __libspace_start
    rtexit.o(.ARM.Collect$$rtexit$$00000000) refers (Special) to rtexit2.o(.ARM.Collect$$rtexit$$00000004) for __rt_exit_exit
    rtexit.o(.ARM.Collect$$rtexit$$00000000) refers (Special) to rtexit2.o(.ARM.Collect$$rtexit$$00000003) for __rt_exit_ls
    rtexit.o(.ARM.Collect$$rtexit$$00000000) refers (Special) to rtexit2.o(.ARM.Collect$$rtexit$$00000002) for __rt_exit_prels_1
    rtexit.o(.ARM.exidx) refers (Special) to rtexit2.o(.ARM.Collect$$rtexit$$00000004) for __rt_exit_exit
    rtexit.o(.ARM.exidx) refers (Special) to rtexit2.o(.ARM.Collect$$rtexit$$00000003) for __rt_exit_ls
    rtexit.o(.ARM.exidx) refers (Special) to rtexit2.o(.ARM.Collect$$rtexit$$00000002) for __rt_exit_prels_1
    rtexit.o(.ARM.exidx) refers to rtexit.o(.ARM.Collect$$rtexit$$00000000) for .ARM.Collect$$rtexit$$00000000
    rt_raise.o(.text) refers to __raise.o(.text) for __raise
    rt_raise.o(.text) refers to sys_exit.o(.text) for _sys_exit
    defsig_exit.o(.text) refers to sys_exit.o(.text) for _sys_exit
    defsig_fpe_inner.o(.text) refers to defsig_general.o(.text) for __default_signal_display
    defsig_rtmem_outer.o(.text) refers to defsig_rtmem_inner.o(.text) for __rt_SIGRTMEM_inner
    defsig_rtmem_outer.o(.text) refers to defsig_exit.o(.text) for __sig_exit
    defsig_rtmem_formal.o(.text) refers to rt_raise.o(.text) for __rt_raise
    sys_exit.o(.text) refers (Special) to use_no_semi.o(.text) for __I$use$semihosting
    sys_exit.o(.text) refers (Special) to indicate_semi.o(.text) for __semihosting_library_function
    rtexit2.o(.ARM.Collect$$rtexit$$00000003) refers to libshutdown.o(.ARM.Collect$$libshutdown$$00000000) for __rt_lib_shutdown
    rtexit2.o(.ARM.Collect$$rtexit$$00000004) refers to sys_exit.o(.text) for _sys_exit
    rtexit2.o(.ARM.exidx) refers to rtexit2.o(.ARM.Collect$$rtexit$$00000001) for .ARM.Collect$$rtexit$$00000001
    rtexit2.o(.ARM.exidx) refers to rtexit2.o(.ARM.Collect$$rtexit$$00000003) for .ARM.Collect$$rtexit$$00000003
    rtexit2.o(.ARM.exidx) refers to rtexit2.o(.ARM.Collect$$rtexit$$00000004) for .ARM.Collect$$rtexit$$00000004
    __raise.o(.text) refers to __raise.o(i.__ARM_common_call_via_r2) for __ARM_common_call_via_r2
    __raise.o(.text) refers to defsig.o(CL$$defsig) for __default_signal_handler
    defsig_general.o(.text) refers to sys_wrch.o(.text) for _ttywrch
    defsig_rtmem_inner.o(.text) refers to defsig_general.o(.text) for __default_signal_display
    sys_wrch.o(.text) refers (Special) to use_no_semi.o(.text) for __I$use$semihosting
    sys_wrch.o(.text) refers (Special) to indicate_semi.o(.text) for __semihosting_library_function
    defsig.o(CL$$defsig) refers to defsig_fpe_inner.o(.text) for __rt_SIGFPE_inner
    defsig.o(CL$$defsig) refers to defsig_rtmem_inner.o(.text) for __rt_SIGRTMEM_inner
    libshutdown.o(.ARM.Collect$$libshutdown$$00000000) refers (Special) to libshutdown2.o(.ARM.Collect$$libshutdown$$00000002) for __rt_lib_shutdown_cpp_1
    libshutdown.o(.ARM.Collect$$libshutdown$$00000000) refers (Special) to libshutdown2.o(.ARM.Collect$$libshutdown$$00000007) for __rt_lib_shutdown_fp_trap_1
    libshutdown.o(.ARM.Collect$$libshutdown$$00000000) refers (Special) to libshutdown2.o(.ARM.Collect$$libshutdown$$0000000F) for __rt_lib_shutdown_heap_1
    libshutdown.o(.ARM.Collect$$libshutdown$$00000000) refers (Special) to libshutdown2.o(.ARM.Collect$$libshutdown$$00000010) for __rt_lib_shutdown_return
    libshutdown.o(.ARM.Collect$$libshutdown$$00000000) refers (Special) to libshutdown2.o(.ARM.Collect$$libshutdown$$0000000A) for __rt_lib_shutdown_signal_1
    libshutdown.o(.ARM.Collect$$libshutdown$$00000000) refers (Special) to libshutdown2.o(.ARM.Collect$$libshutdown$$00000004) for __rt_lib_shutdown_stdio_1
    libshutdown.o(.ARM.Collect$$libshutdown$$00000000) refers (Special) to libshutdown2.o(.ARM.Collect$$libshutdown$$0000000C) for __rt_lib_shutdown_user_alloc_1
    defsig_abrt_inner.o(.text) refers to defsig_general.o(.text) for __default_signal_display
    defsig_rtred_inner.o(.text) refers to defsig_general.o(.text) for __default_signal_display
    defsig_stak_inner.o(.text) refers to defsig_general.o(.text) for __default_signal_display
    defsig_pvfn_inner.o(.text) refers to defsig_general.o(.text) for __default_signal_display
    defsig_cppl_inner.o(.text) refers to defsig_general.o(.text) for __default_signal_display
    defsig_segv_inner.o(.text) refers to defsig_general.o(.text) for __default_signal_display
    defsig_other.o(.text) refers to defsig_general.o(.text) for __default_signal_display


==============================================================================

Removing Unused input sections from the image.

    Removing drv_tiempo.o(i.drv_tiempo_esperar_hasta_ms), (100 bytes).
    Removing drv_tiempo.o(i.drv_tiempo_esperar_ms), (112 bytes).
    Removing rt_fifo.o(i.rt_FIFO_estadisticas), (24 bytes).
    Removing rt_fifo.o(i.verificar_insertar_extraer_en_cola), (316 bytes).
    Removing rt_fifo.o(i.verificar_overflow_cola), (40 bytes).
    Removing rt_ge.o(i.esEventoUsuario), (28 bytes).
    Removing rt_ge.o(i.svc_GE_cancelar), (160 bytes).
    Removing drv_botones.o(i.actualizar_estado_botones), (204 bytes).
    Removing drv_botones.o(i.boton_equivalente_pin), (60 bytes).
    Removing drv_botones.o(i.boton_pulsado), (28 bytes).
    Removing simon.o(i.leds_conmutar), (8 bytes).
    Removing counter_strike.o(i.iniciar_juego), (132 bytes).
    Removing counter_strike.o(i.juego), (160 bytes).
    Removing counter_strike.o(.data), (40 bytes).
    Removing test.o(i.leds_c), (8 bytes).
    Removing test.o(i.pruebas_botones), (92 bytes).
    Removing test.o(i.test_WDT), (20 bytes).
    Removing test.o(i.test_alarmas), (92 bytes).
    Removing test.o(i.test_rt_FIFO), (20 bytes).
    Removing hal_gpio_lpc.o(i.hal_gpio_escribir_n), (52 bytes).
    Removing hal_gpio_lpc.o(i.hal_gpio_leer_n), (36 bytes).
    Removing hal_gpio_lpc.o(i.hal_gpio_sentido_n), (64 bytes).
    Removing hal_ext_int_lpc.o(i.hal_deshabilitar_despertar), (72 bytes).
    Removing hal_ext_int_lpc.o(i.hal_habilitar_despertar), (72 bytes).

24 unused section(s) (total 1940 bytes) removed from the image.

==============================================================================

Adding Veneers to the image

    Adding AT veneer (8 bytes, Inline) for call to '__rt_lib_init' from __rtentry2.o(.ARM.Collect$$rtentry$$0000000A).
    Adding AT veneer (8 bytes, Inline) for call to '__rt_lib_shutdown' from rtexit2.o(.ARM.Collect$$rtexit$$00000003).
    Adding TA veneer (4 bytes, Inline) for call to '__rt_exit' from exit.o(.text).
    Adding AT veneer (8 bytes, Inline) for call to 'rand' from hal_random_lpc.o(i.hal_random_generar).
    Adding AT veneer (8 bytes, Inline) for call to 'srand' from hal_random_lpc.o(i.hal_random_iniciar).
    Adding AT veneer (8 bytes, Inline) for call to '_sys_exit' from rtexit2.o(.ARM.Collect$$rtexit$$00000004).

6 Veneer(s) (total 44 bytes) added to the image.

==============================================================================

Image Symbol Table

    Local Symbols

    Symbol Name                              Value     Ov Type        Size  Object(Section)

    RESET                                    0x00000000   Section      272  startup.o(RESET)
    ../clib/angel/boardlib.s                 0x00000000   Number         0  boardshut.o ABSOLUTE
    ../clib/angel/boardlib.s                 0x00000000   Number         0  boardinit1.o ABSOLUTE
    ../clib/angel/boardlib.s                 0x00000000   Number         0  boardinit2.o ABSOLUTE
    ../clib/angel/boardlib.s                 0x00000000   Number         0  boardinit3.o ABSOLUTE
    ../clib/angel/handlers.s                 0x00000000   Number         0  __scatter_zi.o ABSOLUTE
    ../clib/angel/handlers.s                 0x00000000   Number         0  __scatter_copy.o ABSOLUTE
    ../clib/angel/kernel.s                   0x00000000   Number         0  __rtentry4.o ABSOLUTE
    ../clib/angel/kernel.s                   0x00000000   Number         0  __rtentry.o ABSOLUTE
    ../clib/angel/kernel.s                   0x00000000   Number         0  rtexit2.o ABSOLUTE
    ../clib/angel/kernel.s                   0x00000000   Number         0  rtexit.o ABSOLUTE
    ../clib/angel/kernel.s                   0x00000000   Number         0  __rtentry2.o ABSOLUTE
    ../clib/angel/rt.s                       0x00000000   Number         0  rt_raise.o ABSOLUTE
    ../clib/angel/rt.s                       0x00000000   Number         0  aeabi_ldiv0.o ABSOLUTE
    ../clib/angel/rt.s                       0x00000000   Number         0  aeabi_ldiv0_sigfpe.o ABSOLUTE
    ../clib/angel/rt.s                       0x00000000   Number         0  rt_div0.o ABSOLUTE
    ../clib/angel/rt.s                       0x00000000   Number         0  aeabi_idiv0.o ABSOLUTE
    ../clib/angel/rt.s                       0x00000000   Number         0  aeabi_idiv0_sigfpe.o ABSOLUTE
    ../clib/angel/scatter.s                  0x00000000   Number         0  __scatter.o ABSOLUTE
    ../clib/angel/startup.s                  0x00000000   Number         0  __main.o ABSOLUTE
    ../clib/angel/sys.s                      0x00000000   Number         0  libspace.o ABSOLUTE
    ../clib/angel/sys.s                      0x00000000   Number         0  indicate_semi.o ABSOLUTE
    ../clib/angel/sys.s                      0x00000000   Number         0  sys_stackheap_outer.o ABSOLUTE
    ../clib/angel/sys.s                      0x00000000   Number         0  use_no_semi.o ABSOLUTE
    ../clib/angel/sysapp.c                   0x00000000   Number         0  sys_command.o ABSOLUTE
    ../clib/angel/sysapp.c                   0x00000000   Number         0  sys_exit.o ABSOLUTE
    ../clib/angel/sysapp.c                   0x00000000   Number         0  sys_wrch.o ABSOLUTE
    ../clib/armsys.c                         0x00000000   Number         0  _get_argv_nomalloc.o ABSOLUTE
    ../clib/armsys.c                         0x00000000   Number         0  argv_veneer.o ABSOLUTE
    ../clib/armsys.c                         0x00000000   Number         0  argv_veneer.o ABSOLUTE
    ../clib/armsys.c                         0x00000000   Number         0  no_argv.o ABSOLUTE
    ../clib/division.s                       0x00000000   Number         0  aeabi_sdivfast.o ABSOLUTE
    ../clib/division.s                       0x00000000   Number         0  aeabi_sdivfast_div0.o ABSOLUTE
    ../clib/divrt.s                          0x00000000   Number         0  divrt_7tdmi_div0.o ABSOLUTE
    ../clib/divrt.s                          0x00000000   Number         0  divrt_7tdmi.o ABSOLUTE
    ../clib/heapalloc.c                      0x00000000   Number         0  hrguard.o ABSOLUTE
    ../clib/heapaux.c                        0x00000000   Number         0  heapauxi.o ABSOLUTE
    ../clib/libinit.s                        0x00000000   Number         0  libinit.o ABSOLUTE
    ../clib/libinit.s                        0x00000000   Number         0  libshutdown2.o ABSOLUTE
    ../clib/libinit.s                        0x00000000   Number         0  libshutdown.o ABSOLUTE
    ../clib/libinit.s                        0x00000000   Number         0  libinit2.o ABSOLUTE
    ../clib/longlong.s                       0x00000000   Number         0  lludiv.o ABSOLUTE
    ../clib/memcpset.s                       0x00000000   Number         0  rt_memcpy_w.o ABSOLUTE
    ../clib/signal.c                         0x00000000   Number         0  defsig_rtmem_outer.o ABSOLUTE
    ../clib/signal.c                         0x00000000   Number         0  defsig_fpe_inner.o ABSOLUTE
    ../clib/signal.c                         0x00000000   Number         0  defsig_exit.o ABSOLUTE
    ../clib/signal.c                         0x00000000   Number         0  defsig_cppl_inner.o ABSOLUTE
    ../clib/signal.c                         0x00000000   Number         0  defsig_pvfn_inner.o ABSOLUTE
    ../clib/signal.c                         0x00000000   Number         0  defsig_stak_inner.o ABSOLUTE
    ../clib/signal.c                         0x00000000   Number         0  defsig_rtred_inner.o ABSOLUTE
    ../clib/signal.c                         0x00000000   Number         0  __raise.o ABSOLUTE
    ../clib/signal.c                         0x00000000   Number         0  defsig_fpe_formal.o ABSOLUTE
    ../clib/signal.c                         0x00000000   Number         0  defsig_fpe_outer.o ABSOLUTE
    ../clib/signal.c                         0x00000000   Number         0  defsig_segv_inner.o ABSOLUTE
    ../clib/signal.c                         0x00000000   Number         0  defsig_other.o ABSOLUTE
    ../clib/signal.c                         0x00000000   Number         0  defsig_rtmem_inner.o ABSOLUTE
    ../clib/signal.c                         0x00000000   Number         0  defsig_general.o ABSOLUTE
    ../clib/signal.c                         0x00000000   Number         0  defsig_rtmem_formal.o ABSOLUTE
    ../clib/signal.c                         0x00000000   Number         0  defsig_abrt_inner.o ABSOLUTE
    ../clib/signal.s                         0x00000000   Number         0  defsig.o ABSOLUTE
    ../clib/stdlib.c                         0x00000000   Number         0  exit.o ABSOLUTE
    ../clib/stdlib.c                         0x00000000   Number         0  rand.o ABSOLUTE
    ../clib/stdlib.c                         0x00000000   Number         0  rand.o ABSOLUTE
    ../fplib/fpinit.s                        0x00000000   Number         0  fpinit.o ABSOLUTE
    ..\..\src\Counter_strike.c               0x00000000   Number         0  counter_strike.o ABSOLUTE
    ..\..\src\drv_SC.c                       0x00000000   Number         0  drv_sc.o ABSOLUTE
    ..\..\src\drv_botones.c                  0x00000000   Number         0  drv_botones.o ABSOLUTE
    ..\..\src\drv_consumo.c                  0x00000000   Number         0  drv_consumo.o ABSOLUTE
    ..\..\src\drv_leds.c                     0x00000000   Number         0  drv_leds.o ABSOLUTE
    ..\..\src\drv_monitor.c                  0x00000000   Number         0  drv_monitor.o ABSOLUTE
    ..\..\src\drv_tiempo.c                   0x00000000   Number         0  drv_tiempo.o ABSOLUTE
    ..\..\src\main.c                         0x00000000   Number         0  main.o ABSOLUTE
    ..\..\src\rt_GE.c                        0x00000000   Number         0  rt_ge.o ABSOLUTE
    ..\..\src\rt_fifo.c                      0x00000000   Number         0  rt_fifo.o ABSOLUTE
    ..\..\src\simon.c                        0x00000000   Number         0  simon.o ABSOLUTE
    ..\..\src\srv_alarm.c                    0x00000000   Number         0  srv_alarm.o ABSOLUTE
    ..\..\src\test.c                         0x00000000   Number         0  test.o ABSOLUTE
    ..\src_lpc\Startup.s                     0x00000000   Number         0  startup.o ABSOLUTE
    ..\src_lpc\hal_WDT_lpc.c                 0x00000000   Number         0  hal_wdt_lpc.o ABSOLUTE
    ..\src_lpc\hal_consumo_lpc.c             0x00000000   Number         0  hal_consumo_lpc.o ABSOLUTE
    ..\src_lpc\hal_ext_int_lpc.c             0x00000000   Number         0  hal_ext_int_lpc.o ABSOLUTE
    ..\src_lpc\hal_gpio_lpc.c                0x00000000   Number         0  hal_gpio_lpc.o ABSOLUTE
    ..\src_lpc\hal_random_lpc.c              0x00000000   Number         0  hal_random_lpc.o ABSOLUTE
    ..\src_lpc\hal_tiempo_lpc.c              0x00000000   Number         0  hal_tiempo_lpc.o ABSOLUTE
    dc.s                                     0x00000000   Number         0  dc.o ABSOLUTE
    Undef_Handler                            0x00000040   ARM Code       4  startup.o(RESET)
    SWI_Handler                              0x00000044   ARM Code       4  startup.o(RESET)
    PAbt_Handler                             0x00000048   ARM Code       4  startup.o(RESET)
    DAbt_Handler                             0x0000004c   ARM Code       4  startup.o(RESET)
    IRQ_Handler                              0x00000050   ARM Code       4  startup.o(RESET)
    FIQ_Handler                              0x00000054   ARM Code       4  startup.o(RESET)
    !!!main                                  0x00000110   Section        8  __main.o(!!!main)
    !!!scatter                               0x00000118   Section       60  __scatter.o(!!!scatter)
    !!handler_copy                           0x00000154   Section       40  __scatter_copy.o(!!handler_copy)
    !!handler_zi                             0x0000017c   Section       44  __scatter_zi.o(!!handler_zi)
    .ARM.Collect$$libinit$$00000000          0x000001b0   Section        2  libinit.o(.ARM.Collect$$libinit$$00000000)
    .ARM.Collect$$libinit$$00000002          0x000001b2   Section        0  libinit2.o(.ARM.Collect$$libinit$$00000002)
    .ARM.Collect$$libinit$$00000004          0x000001b2   Section        0  libinit2.o(.ARM.Collect$$libinit$$00000004)
    .ARM.Collect$$libinit$$0000000A          0x000001b2   Section        0  libinit2.o(.ARM.Collect$$libinit$$0000000A)
    .ARM.Collect$$libinit$$0000000C          0x000001b2   Section        0  libinit2.o(.ARM.Collect$$libinit$$0000000C)
    .ARM.Collect$$libinit$$0000000D          0x000001b2   Section        4  libinit2.o(.ARM.Collect$$libinit$$0000000D)
    .ARM.Collect$$libinit$$0000000E          0x000001b6   Section        0  libinit2.o(.ARM.Collect$$libinit$$0000000E)
    .ARM.Collect$$libinit$$00000011          0x000001b6   Section        0  libinit2.o(.ARM.Collect$$libinit$$00000011)
    .ARM.Collect$$libinit$$00000013          0x000001b6   Section        0  libinit2.o(.ARM.Collect$$libinit$$00000013)
    .ARM.Collect$$libinit$$00000015          0x000001b6   Section        0  libinit2.o(.ARM.Collect$$libinit$$00000015)
    .ARM.Collect$$libinit$$00000017          0x000001b6   Section        0  libinit2.o(.ARM.Collect$$libinit$$00000017)
    .ARM.Collect$$libinit$$00000019          0x000001b6   Section        0  libinit2.o(.ARM.Collect$$libinit$$00000019)
    .ARM.Collect$$libinit$$0000001B          0x000001b6   Section        0  libinit2.o(.ARM.Collect$$libinit$$0000001B)
    .ARM.Collect$$libinit$$0000001D          0x000001b6   Section        0  libinit2.o(.ARM.Collect$$libinit$$0000001D)
    .ARM.Collect$$libinit$$0000001F          0x000001b6   Section        0  libinit2.o(.ARM.Collect$$libinit$$0000001F)
    .ARM.Collect$$libinit$$00000021          0x000001b6   Section        0  libinit2.o(.ARM.Collect$$libinit$$00000021)
    .ARM.Collect$$libinit$$00000023          0x000001b6   Section        0  libinit2.o(.ARM.Collect$$libinit$$00000023)
    .ARM.Collect$$libinit$$00000025          0x000001b6   Section        0  libinit2.o(.ARM.Collect$$libinit$$00000025)
    .ARM.Collect$$libinit$$0000002C          0x000001b6   Section        0  libinit2.o(.ARM.Collect$$libinit$$0000002C)
    .ARM.Collect$$libinit$$0000002E          0x000001b6   Section        0  libinit2.o(.ARM.Collect$$libinit$$0000002E)
    .ARM.Collect$$libinit$$00000030          0x000001b6   Section        0  libinit2.o(.ARM.Collect$$libinit$$00000030)
    .ARM.Collect$$libinit$$00000032          0x000001b6   Section        0  libinit2.o(.ARM.Collect$$libinit$$00000032)
    .ARM.Collect$$libinit$$00000033          0x000001b6   Section       12  libinit2.o(.ARM.Collect$$libinit$$00000033)
    .ARM.Collect$$libshutdown$$00000000      0x000001cc   Section        4  libshutdown.o(.ARM.Collect$$libshutdown$$00000000)
    .ARM.Collect$$libshutdown$$00000002      0x000001d0   Section        0  libshutdown2.o(.ARM.Collect$$libshutdown$$00000002)
    .ARM.Collect$$libshutdown$$00000004      0x000001d0   Section        0  libshutdown2.o(.ARM.Collect$$libshutdown$$00000004)
    .ARM.Collect$$libshutdown$$00000007      0x000001d0   Section        0  libshutdown2.o(.ARM.Collect$$libshutdown$$00000007)
    .ARM.Collect$$libshutdown$$0000000A      0x000001d0   Section        0  libshutdown2.o(.ARM.Collect$$libshutdown$$0000000A)
    .ARM.Collect$$libshutdown$$0000000C      0x000001d0   Section        0  libshutdown2.o(.ARM.Collect$$libshutdown$$0000000C)
    .ARM.Collect$$libshutdown$$0000000F      0x000001d0   Section        0  libshutdown2.o(.ARM.Collect$$libshutdown$$0000000F)
    .ARM.Collect$$libshutdown$$00000010      0x000001d0   Section        6  libshutdown2.o(.ARM.Collect$$libshutdown$$00000010)
    .ARM.Collect$$rtentry$$00000000          0x000001d8   Section        0  __rtentry.o(.ARM.Collect$$rtentry$$00000000)
    .ARM.Collect$$rtentry$$00000002          0x000001d8   Section        0  __rtentry2.o(.ARM.Collect$$rtentry$$00000002)
    .ARM.Collect$$rtentry$$00000004          0x000001d8   Section        8  __rtentry4.o(.ARM.Collect$$rtentry$$00000004)
    .ARM.Collect$$rtentry$$00000009          0x000001e0   Section        0  __rtentry2.o(.ARM.Collect$$rtentry$$00000009)
    .ARM.Collect$$rtentry$$0000000A          0x000001e0   Section        4  __rtentry2.o(.ARM.Collect$$rtentry$$0000000A)
    .ARM.Collect$$rtentry$$0000000C          0x000001e4   Section        0  __rtentry2.o(.ARM.Collect$$rtentry$$0000000C)
    .ARM.Collect$$rtentry$$0000000D          0x000001e4   Section       40  __rtentry2.o(.ARM.Collect$$rtentry$$0000000D)
    .ARM.Collect$$rtexit$$00000000           0x00000210   Section        4  rtexit.o(.ARM.Collect$$rtexit$$00000000)
    .ARM.Collect$$rtexit$$00000002           0x00000214   Section        0  rtexit2.o(.ARM.Collect$$rtexit$$00000002)
    .ARM.Collect$$rtexit$$00000003           0x00000214   Section        4  rtexit2.o(.ARM.Collect$$rtexit$$00000003)
    .ARM.Collect$$rtexit$$00000004           0x00000218   Section        8  rtexit2.o(.ARM.Collect$$rtexit$$00000004)
    .emb_text                                0x00000228   Section       56  rand.o(.emb_text)
    .text                                    0x00000260   Section      104  startup.o(.text)
    .text                                    0x000002c8   Section      720  lludiv.o(.text)
    .text                                    0x000005a0   Section        0  rand.o(.text)
    .text                                    0x000005e0   Section      100  rt_memcpy_w.o(.text)
    .text                                    0x00000644   Section      556  aeabi_sdivfast.o(.text)
    __arm_div_large_positive                 0x00000678   ARM Code       0  aeabi_sdivfast.o(.text)
    __arm_div16                              0x000006a0   ARM Code       0  aeabi_sdivfast.o(.text)
    __arm_div12                              0x000006d0   ARM Code       0  aeabi_sdivfast.o(.text)
    __arm_div8                               0x00000704   ARM Code       0  aeabi_sdivfast.o(.text)
    __arm_div5                               0x00000728   ARM Code       0  aeabi_sdivfast.o(.text)
    __arm_div2                               0x0000074c   ARM Code       0  aeabi_sdivfast.o(.text)
    .text                                    0x00000870   Section        0  heapauxi.o(.text)
    .text                                    0x00000878   Section       96  sys_stackheap_outer.o(.text)
    .text                                    0x000008d8   Section        0  exit.o(.text)
    .text                                    0x000008ec   Section       12  libspace.o(.text)
    .text                                    0x00000900   Section        0  sys_exit.o(.text)
    .text                                    0x0000090c   Section        4  use_no_semi.o(.text)
    .text                                    0x00000910   Section        0  indicate_semi.o(.text)
    i.apagar_led                             0x00000910   Section        0  simon.o(i.apagar_led)
    i.drv_SC_entrar_disable_irq              0x00000918   Section        0  drv_sc.o(i.drv_SC_entrar_disable_irq)
    i.drv_SC_salir_enable_irq                0x00000944   Section        0  drv_sc.o(i.drv_SC_salir_enable_irq)
    i.drv_botones_iniciar                    0x00000970   Section        0  drv_botones.o(i.drv_botones_iniciar)
    i.drv_botones_tratar                     0x000009f0   Section        0  drv_botones.o(i.drv_botones_tratar)
    i.drv_consumo_dormir                     0x00000bec   Section        0  drv_consumo.o(i.drv_consumo_dormir)
    i.drv_consumo_esperar                    0x00000c10   Section        0  drv_consumo.o(i.drv_consumo_esperar)
    i.drv_consumo_iniciar                    0x00000c80   Section        0  drv_consumo.o(i.drv_consumo_iniciar)
    i.drv_led_apagar                         0x00000ca4   Section        0  drv_leds.o(i.drv_led_apagar)
    i.drv_led_conmutar                       0x00000cc8   Section        0  drv_leds.o(i.drv_led_conmutar)
    i.drv_led_encender                       0x00000cfc   Section        0  drv_leds.o(i.drv_led_encender)
    i.drv_leds_iniciar                       0x00000d20   Section        0  drv_leds.o(i.drv_leds_iniciar)
    i.drv_monitor_desmarcar                  0x00000d70   Section        0  drv_monitor.o(i.drv_monitor_desmarcar)
    i.drv_monitor_iniciar                    0x00000d94   Section        0  drv_monitor.o(i.drv_monitor_iniciar)
    i.drv_monitor_marcar                     0x00000d9c   Section        0  drv_monitor.o(i.drv_monitor_marcar)
    i.drv_tiempo_actual_ms                   0x00000dc0   Section        0  drv_tiempo.o(i.drv_tiempo_actual_ms)
    i.drv_tiempo_actual_us                   0x00000e14   Section        0  drv_tiempo.o(i.drv_tiempo_actual_us)
    i.drv_tiempo_iniciar                     0x00000e60   Section        0  drv_tiempo.o(i.drv_tiempo_iniciar)
    i.drv_tiempo_periodico_ms                0x00000e7c   Section        0  drv_tiempo.o(i.drv_tiempo_periodico_ms)
    i.encender_led                           0x00000ea8   Section        0  simon.o(i.encender_led)
    i.f_callback_driver                      0x00000ed4   Section        0  drv_tiempo.o(i.f_callback_driver)
    i.f_callback_drv                         0x00000ef8   Section        0  drv_botones.o(i.f_callback_drv)
    i.hal_WDT_feed                           0x00000f6c   Section        0  hal_wdt_lpc.o(i.hal_WDT_feed)
    i.hal_WDT_iniciar                        0x00000f90   Section        0  hal_wdt_lpc.o(i.hal_WDT_iniciar)
    i.hal_consumo_dormir                     0x00000fcc   Section        0  hal_consumo_lpc.o(i.hal_consumo_dormir)
    i.hal_consumo_esperar                    0x00000fec   Section        0  hal_consumo_lpc.o(i.hal_consumo_esperar)
    i.hal_consumo_iniciar                    0x00001004   Section        0  hal_consumo_lpc.o(i.hal_consumo_iniciar)
    i.hal_deshabilitar_int                   0x00001008   Section        0  hal_ext_int_lpc.o(i.hal_deshabilitar_int)
    i.hal_ext_int_ISR                        0x0000104c   Section        0  hal_ext_int_lpc.o(i.hal_ext_int_ISR)
    i.hal_ext_int_iniciar                    0x000010f0   Section        0  hal_ext_int_lpc.o(i.hal_ext_int_iniciar)
    i.hal_ext_int_leer                       0x00001170   Section        0  hal_ext_int_lpc.o(i.hal_ext_int_leer)
    i.hal_ext_int_limpiar                    0x000011b0   Section        0  hal_ext_int_lpc.o(i.hal_ext_int_limpiar)
    i.hal_gpio_escribir                      0x000011c4   Section        0  hal_gpio_lpc.o(i.hal_gpio_escribir)
    i.hal_gpio_iniciar                       0x000011e4   Section        0  hal_gpio_lpc.o(i.hal_gpio_iniciar)
    i.hal_gpio_leer                          0x000011f8   Section        0  hal_gpio_lpc.o(i.hal_gpio_leer)
    i.hal_gpio_sentido                       0x00001218   Section        0  hal_gpio_lpc.o(i.hal_gpio_sentido)
    i.hal_habilitar_int                      0x00001250   Section        0  hal_ext_int_lpc.o(i.hal_habilitar_int)
    i.hal_random_generar                     0x00001294   Section        0  hal_random_lpc.o(i.hal_random_generar)
    i.hal_random_iniciar                     0x000012c8   Section        0  hal_random_lpc.o(i.hal_random_iniciar)
    i.hal_tiempo_actual_tick                 0x000012cc   Section        0  hal_tiempo_lpc.o(i.hal_tiempo_actual_tick)
    i.hal_tiempo_iniciar_tick                0x000012f8   Section        0  hal_tiempo_lpc.o(i.hal_tiempo_iniciar_tick)
    i.hal_tiempo_reloj_periodico_tick        0x00001358   Section        0  hal_tiempo_lpc.o(i.hal_tiempo_reloj_periodico_tick)
    i.main                                   0x000013c8   Section        0  main.o(i.main)
    i.reiniciar_juego                        0x000013e8   Section        0  simon.o(i.reiniciar_juego)
    i.rt_FIFO_encolar                        0x00001420   Section        0  rt_fifo.o(i.rt_FIFO_encolar)
    i.rt_FIFO_extraer                        0x000014ec   Section        0  rt_fifo.o(i.rt_FIFO_extraer)
    i.rt_FIFO_inicializar                    0x00001568   Section        0  rt_fifo.o(i.rt_FIFO_inicializar)
    i.rt_GE_iniciar                          0x000015c8   Section        0  rt_ge.o(i.rt_GE_iniciar)
    i.rt_GE_lanzador                         0x00001704   Section        0  rt_ge.o(i.rt_GE_lanzador)
    i.rt_GE_tratar                           0x00001788   Section        0  rt_ge.o(i.rt_GE_tratar)
    i.simon_conmutar_leds                    0x000017d4   Section        0  simon.o(i.simon_conmutar_leds)
    i.simon_iniciar                          0x00001874   Section        0  simon.o(i.simon_iniciar)
    i.simon_mostrar_seq_inicial              0x00001980   Section        0  simon.o(i.simon_mostrar_seq_inicial)
    i.simon_mostrar_seq_juego                0x000019d4   Section        0  simon.o(i.simon_mostrar_seq_juego)
    i.simon_tratar                           0x00001a50   Section        0  simon.o(i.simon_tratar)
    __switch$$                               0x00001a78   ARM Code       0  simon.o(i.simon_tratar)
    i.svc_GE_suscribir                       0x00001cf0   Section        0  rt_ge.o(i.svc_GE_suscribir)
    i.svc_alarma_activar                     0x00001d74   Section        0  srv_alarm.o(i.svc_alarma_activar)
    i.svc_alarma_codificar                   0x00001f74   Section        0  srv_alarm.o(i.svc_alarma_codificar)
    i.svc_alarma_iniciar                     0x00001f84   Section        0  srv_alarm.o(i.svc_alarma_iniciar)
    i.svc_alarma_tratar                      0x00001ff8   Section        0  srv_alarm.o(i.svc_alarma_tratar)
    i.timer0_ISR                             0x00002258   Section        0  hal_tiempo_lpc.o(i.timer0_ISR)
    i.timer1_ISR                             0x00002290   Section        0  hal_tiempo_lpc.o(i.timer1_ISR)
    .constdata                               0x000022c8   Section        4  drv_leds.o(.constdata)
    led_list                                 0x000022c8   Data           4  drv_leds.o(.constdata)
    .constdata                               0x000022cc   Section        4  drv_monitor.o(.constdata)
    monitors_list                            0x000022cc   Data           4  drv_monitor.o(.constdata)
    .constdata                               0x000022d0   Section       80  simon.o(.constdata)
    .data                                    0x40000000   Section       16  drv_tiempo.o(.data)
    HAL_TICKS2US_T1                          0x40000000   Data           4  drv_tiempo.o(.data)
    HAL_TICKS2US_T0                          0x40000004   Data           4  drv_tiempo.o(.data)
    f_callback                               0x40000008   Data           4  drv_tiempo.o(.data)
    ID_EVENTO                                0x4000000c   Data           4  drv_tiempo.o(.data)
    .data                                    0x40000010   Section       12  rt_fifo.o(.data)
    siguiente_a_tratar                       0x40000010   Data           1  rt_fifo.o(.data)
    indice_cola                              0x40000011   Data           1  rt_fifo.o(.data)
    MON_OVERFLOW                             0x40000014   Data           4  rt_fifo.o(.data)
    eventos_sin_tratar                       0x40000018   Data           4  rt_fifo.o(.data)
    .data                                    0x4000001c   Section       12  drv_consumo.o(.data)
    NUM_MONITORES                            0x4000001c   Data           4  drv_consumo.o(.data)
    MON_WAIT                                 0x40000020   Data           4  drv_consumo.o(.data)
    MON_DORMIR                               0x40000024   Data           4  drv_consumo.o(.data)
    .data                                    0x40000028   Section        8  rt_ge.o(.data)
    monitor_overflow                         0x4000002c   Data           4  rt_ge.o(.data)
    .data                                    0x40000030   Section       12  srv_alarm.o(.data)
    indicador_overflow                       0x40000030   Data           4  srv_alarm.o(.data)
    callback_funcion                         0x40000034   Data           4  srv_alarm.o(.data)
    num_alarmas                              0x40000038   Data           4  srv_alarm.o(.data)
    .data                                    0x4000003c   Section       24  drv_botones.o(.data)
    estaReseteando                           0x4000003c   Data           1  drv_botones.o(.data)
    estado_boton                             0x4000003e   Data           3  drv_botones.o(.data)
    f_callback                               0x40000044   Data           4  drv_botones.o(.data)
    button_list                              0x40000048   Data          12  drv_botones.o(.data)
    .data                                    0x40000054   Section        4  drv_sc.o(.data)
    m_in_critical_region                     0x40000054   Data           4  drv_sc.o(.data)
    .data                                    0x40000058   Section       20  simon.o(.data)
    PRIMERA_PARTIDA                          0x4000005c   Data           4  simon.o(.data)
    posicion_simon                           0x40000060   Data           4  simon.o(.data)
    posicion_pulsada                         0x40000064   Data           4  simon.o(.data)
    velocidad                                0x40000068   Data           4  simon.o(.data)
    .data                                    0x4000006c   Section        8  hal_tiempo_lpc.o(.data)
    timer0_int_count                         0x4000006c   Data           4  hal_tiempo_lpc.o(.data)
    f_callback                               0x40000070   Data           4  hal_tiempo_lpc.o(.data)
    .data                                    0x40000074   Section        4  hal_ext_int_lpc.o(.data)
    ext_int_callback                         0x40000074   Data           4  hal_ext_int_lpc.o(.data)
    .bss                                     0x40000078   Section     1076  rt_fifo.o(.bss)
    cola                                     0x40000078   Data        1024  rt_fifo.o(.bss)
    stats                                    0x40000478   Data          52  rt_fifo.o(.bss)
    .bss                                     0x400004ac   Section      260  rt_ge.o(.bss)
    gestor_eventos                           0x400004ac   Data         260  rt_ge.o(.bss)
    .bss                                     0x400005b0   Section      100  srv_alarm.o(.bss)
    lista_alarmas                            0x400005b0   Data         100  srv_alarm.o(.bss)
    .bss                                     0x40000614   Section       80  simon.o(.bss)
    leds_simon                               0x40000614   Data          80  simon.o(.bss)
    .bss                                     0x40000664   Section      228  rand.o(.bss)
    .bss                                     0x40000748   Section       96  libspace.o(.bss)
    HEAP                                     0x400007a8   Section        0  startup.o(HEAP)
    STACK                                    0x400007a8   Section     2176  startup.o(STACK)
    Heap_Mem                                 0x400007a8   Data           0  startup.o(HEAP)
    Stack_Mem                                0x400007a8   Data        1024  startup.o(STACK)
    Stack_Top                                0x40001028   Data           0  startup.o(STACK)

    Global Symbols

    Symbol Name                              Value     Ov Type        Size  Object(Section)

    BuildAttributes$$THM_ISAv1$ARM_ISAv4$S$PE$A:L22$X:L11$S22$IEEE1$IW$USESV6$~STKCKD$USESV7$~SHL$OTIME$ROPI$EBA8$UX$STANDARDLIB$REQ8$PRES8$EABIv2 0x00000000   Number         0  anon$$obj.o ABSOLUTE
    __ARM_use_no_argv                        0x00000000   Number         0  main.o ABSOLUTE
    __ARM_exceptions_init                     - Undefined Weak Reference
    __alloca_initialize                       - Undefined Weak Reference
    __arm_preinit_                            - Undefined Weak Reference
    __cpp_initialize__aeabi_                  - Undefined Weak Reference
    __cxa_finalize                            - Undefined Weak Reference
    __rt_locale                               - Undefined Weak Reference
    __sigvec_lookup                           - Undefined Weak Reference
    _atexit_init                              - Undefined Weak Reference
    _call_atexit_fns                          - Undefined Weak Reference
    _clock_init                               - Undefined Weak Reference
    _fp_trap_init                             - Undefined Weak Reference
    _fp_trap_shutdown                         - Undefined Weak Reference
    _get_lc_collate                           - Undefined Weak Reference
    _get_lc_ctype                             - Undefined Weak Reference
    _get_lc_monetary                          - Undefined Weak Reference
    _get_lc_numeric                           - Undefined Weak Reference
    _get_lc_time                              - Undefined Weak Reference
    _getenv_init                              - Undefined Weak Reference
    _handle_redirection                       - Undefined Weak Reference
    _init_alloc                               - Undefined Weak Reference
    _init_user_alloc                          - Undefined Weak Reference
    _initio                                   - Undefined Weak Reference
    _signal_finish                            - Undefined Weak Reference
    _signal_init                              - Undefined Weak Reference
    _terminate_alloc                          - Undefined Weak Reference
    _terminate_user_alloc                     - Undefined Weak Reference
    _terminateio                              - Undefined Weak Reference
    Reset_Handler                            0x00000058   ARM Code       0  startup.o(RESET)
    __main                                   0x00000110   ARM Code       8  __main.o(!!!main)
    __scatterload                            0x00000118   ARM Code       0  __scatter.o(!!!scatter)
    __scatterload_rt2                        0x00000118   ARM Code      52  __scatter.o(!!!scatter)
    __scatterload_null                       0x0000012c   ARM Code       0  __scatter.o(!!!scatter)
    __scatterload_copy                       0x00000154   ARM Code      40  __scatter_copy.o(!!handler_copy)
    __scatterload_zeroinit                   0x0000017c   ARM Code      44  __scatter_zi.o(!!handler_zi)
    Inline ARM to Thumb Veneer to __rt_lib_init 0x000001a8   ARM Code       8  libinit.o(.ARM.Collect$$libinit$$00000000)
    __rt_lib_init                            0x000001b1   Thumb Code     0  libinit.o(.ARM.Collect$$libinit$$00000000)
    __rt_lib_init_fp_1                       0x000001b3   Thumb Code     0  libinit2.o(.ARM.Collect$$libinit$$00000002)
    __rt_lib_init_heap_1                     0x000001b3   Thumb Code     0  libinit2.o(.ARM.Collect$$libinit$$0000000A)
    __rt_lib_init_preinit_1                  0x000001b3   Thumb Code     0  libinit2.o(.ARM.Collect$$libinit$$00000004)
    __rt_lib_init_rand_2                     0x000001b3   Thumb Code     0  libinit2.o(.ARM.Collect$$libinit$$0000000D)
    __rt_lib_init_user_alloc_1               0x000001b3   Thumb Code     0  libinit2.o(.ARM.Collect$$libinit$$0000000C)
    __rt_lib_init_alloca_1                   0x000001b7   Thumb Code     0  libinit2.o(.ARM.Collect$$libinit$$0000002E)
    __rt_lib_init_argv_1                     0x000001b7   Thumb Code     0  libinit2.o(.ARM.Collect$$libinit$$0000002C)
    __rt_lib_init_atexit_1                   0x000001b7   Thumb Code     0  libinit2.o(.ARM.Collect$$libinit$$0000001B)
    __rt_lib_init_clock_1                    0x000001b7   Thumb Code     0  libinit2.o(.ARM.Collect$$libinit$$00000021)
    __rt_lib_init_cpp_1                      0x000001b7   Thumb Code     0  libinit2.o(.ARM.Collect$$libinit$$00000032)
    __rt_lib_init_exceptions_1               0x000001b7   Thumb Code     0  libinit2.o(.ARM.Collect$$libinit$$00000030)
    __rt_lib_init_fp_trap_1                  0x000001b7   Thumb Code     0  libinit2.o(.ARM.Collect$$libinit$$0000001F)
    __rt_lib_init_getenv_1                   0x000001b7   Thumb Code     0  libinit2.o(.ARM.Collect$$libinit$$00000023)
    __rt_lib_init_lc_collate_1               0x000001b7   Thumb Code     0  libinit2.o(.ARM.Collect$$libinit$$00000011)
    __rt_lib_init_lc_ctype_1                 0x000001b7   Thumb Code     0  libinit2.o(.ARM.Collect$$libinit$$00000013)
    __rt_lib_init_lc_monetary_1              0x000001b7   Thumb Code     0  libinit2.o(.ARM.Collect$$libinit$$00000015)
    __rt_lib_init_lc_numeric_1               0x000001b7   Thumb Code     0  libinit2.o(.ARM.Collect$$libinit$$00000017)
    __rt_lib_init_lc_time_1                  0x000001b7   Thumb Code     0  libinit2.o(.ARM.Collect$$libinit$$00000019)
    __rt_lib_init_rand_1                     0x000001b7   Thumb Code     0  libinit2.o(.ARM.Collect$$libinit$$0000000E)
    __rt_lib_init_return                     0x000001b7   Thumb Code     0  libinit2.o(.ARM.Collect$$libinit$$00000033)
    __rt_lib_init_signal_1                   0x000001b7   Thumb Code     0  libinit2.o(.ARM.Collect$$libinit$$0000001D)
    __rt_lib_init_stdio_1                    0x000001b7   Thumb Code     0  libinit2.o(.ARM.Collect$$libinit$$00000025)
    Inline ARM to Thumb Veneer to __rt_lib_shutdown 0x000001c4   ARM Code       8  libshutdown.o(.ARM.Collect$$libshutdown$$00000000)
    __rt_lib_shutdown                        0x000001cd   Thumb Code     0  libshutdown.o(.ARM.Collect$$libshutdown$$00000000)
    __rt_lib_shutdown_cpp_1                  0x000001d1   Thumb Code     0  libshutdown2.o(.ARM.Collect$$libshutdown$$00000002)
    __rt_lib_shutdown_fp_trap_1              0x000001d1   Thumb Code     0  libshutdown2.o(.ARM.Collect$$libshutdown$$00000007)
    __rt_lib_shutdown_heap_1                 0x000001d1   Thumb Code     0  libshutdown2.o(.ARM.Collect$$libshutdown$$0000000F)
    __rt_lib_shutdown_return                 0x000001d1   Thumb Code     0  libshutdown2.o(.ARM.Collect$$libshutdown$$00000010)
    __rt_lib_shutdown_signal_1               0x000001d1   Thumb Code     0  libshutdown2.o(.ARM.Collect$$libshutdown$$0000000A)
    __rt_lib_shutdown_stdio_1                0x000001d1   Thumb Code     0  libshutdown2.o(.ARM.Collect$$libshutdown$$00000004)
    __rt_lib_shutdown_user_alloc_1           0x000001d1   Thumb Code     0  libshutdown2.o(.ARM.Collect$$libshutdown$$0000000C)
    __rt_entry                               0x000001d8   ARM Code       0  __rtentry.o(.ARM.Collect$$rtentry$$00000000)
    __rt_entry_presh_1                       0x000001d8   ARM Code       0  __rtentry2.o(.ARM.Collect$$rtentry$$00000002)
    __rt_entry_sh                            0x000001d8   ARM Code       0  __rtentry4.o(.ARM.Collect$$rtentry$$00000004)
    __rt_entry_li                            0x000001e0   ARM Code       0  __rtentry2.o(.ARM.Collect$$rtentry$$0000000A)
    __rt_entry_postsh_1                      0x000001e0   ARM Code       0  __rtentry2.o(.ARM.Collect$$rtentry$$00000009)
    __rt_entry_main                          0x000001e4   ARM Code       0  __rtentry2.o(.ARM.Collect$$rtentry$$0000000D)
    __rt_entry_postli_1                      0x000001e4   ARM Code       0  __rtentry2.o(.ARM.Collect$$rtentry$$0000000C)
    Inline Thumb to ARM Veneer to __rt_exit  0x0000020d   Thumb Code     4  rtexit.o(.ARM.Collect$$rtexit$$00000000)
    __rt_exit                                0x00000210   ARM Code       0  rtexit.o(.ARM.Collect$$rtexit$$00000000)
    __rt_exit_ls                             0x00000214   ARM Code       0  rtexit2.o(.ARM.Collect$$rtexit$$00000003)
    __rt_exit_prels_1                        0x00000214   ARM Code       0  rtexit2.o(.ARM.Collect$$rtexit$$00000002)
    __rt_exit_exit                           0x00000218   ARM Code       0  rtexit2.o(.ARM.Collect$$rtexit$$00000004)
    Inline ARM to Thumb Veneer to rand       0x00000220   ARM Code       8  rand.o(.emb_text)
    rand                                     0x00000229   Thumb Code    52  rand.o(.emb_text)
    __user_initial_stackheap                 0x00000260   ARM Code       0  startup.o(.text)
    switch_to_PLL                            0x00000274   ARM Code       0  startup.o(.text)
    __aeabi_uldivmod                         0x000002c8   ARM Code       0  lludiv.o(.text)
    _ll_udiv                                 0x000002c8   ARM Code     720  lludiv.o(.text)
    _ll_udiv_donemoving                      0x000002dc   ARM Code       0  lludiv.o(.text)
    Inline ARM to Thumb Veneer to srand      0x00000598   ARM Code       8  rand.o(.text)
    srand                                    0x000005a1   Thumb Code    46  rand.o(.text)
    _rand_init                               0x000005cf   Thumb Code     4  rand.o(.text)
    __aeabi_memcpy4                          0x000005e0   ARM Code       0  rt_memcpy_w.o(.text)
    __aeabi_memcpy8                          0x000005e0   ARM Code       0  rt_memcpy_w.o(.text)
    __rt_memcpy_w                            0x000005e0   ARM Code     100  rt_memcpy_w.o(.text)
    _memcpy_lastbytes_aligned                0x0000062c   ARM Code       0  rt_memcpy_w.o(.text)
    __aeabi_idiv                             0x00000644   ARM Code       0  aeabi_sdivfast.o(.text)
    __aeabi_idivmod                          0x00000644   ARM Code     556  aeabi_sdivfast.o(.text)
    __use_two_region_memory                  0x00000871   Thumb Code     2  heapauxi.o(.text)
    __rt_heap_escrow$2region                 0x00000873   Thumb Code     2  heapauxi.o(.text)
    __rt_heap_expand$2region                 0x00000875   Thumb Code     2  heapauxi.o(.text)
    __user_setup_stackheap                   0x00000878   ARM Code      96  sys_stackheap_outer.o(.text)
    exit                                     0x000008d9   Thumb Code    20  exit.o(.text)
    __user_libspace                          0x000008ec   ARM Code      12  libspace.o(.text)
    __user_perproc_libspace                  0x000008ec   ARM Code       0  libspace.o(.text)
    __user_perthread_libspace                0x000008ec   ARM Code       0  libspace.o(.text)
    Inline ARM to Thumb Veneer to _sys_exit  0x000008f8   ARM Code       8  sys_exit.o(.text)
    _sys_exit                                0x00000901   Thumb Code     8  sys_exit.o(.text)
    __I$use$semihosting                      0x0000090c   ARM Code       0  use_no_semi.o(.text)
    __use_no_semihosting_swi                 0x0000090c   ARM Code       4  use_no_semi.o(.text)
    __semihosting_library_function           0x00000910   ARM Code       0  indicate_semi.o(.text)
    apagar_led                               0x00000910   ARM Code       8  simon.o(i.apagar_led)
    drv_SC_entrar_disable_irq                0x00000918   ARM Code      40  drv_sc.o(i.drv_SC_entrar_disable_irq)
    drv_SC_salir_enable_irq                  0x00000944   ARM Code      40  drv_sc.o(i.drv_SC_salir_enable_irq)
    drv_botones_iniciar                      0x00000970   ARM Code     116  drv_botones.o(i.drv_botones_iniciar)
    drv_botones_tratar                       0x000009f0   ARM Code     500  drv_botones.o(i.drv_botones_tratar)
    drv_consumo_dormir                       0x00000bec   ARM Code      36  drv_consumo.o(i.drv_consumo_dormir)
    drv_consumo_esperar                      0x00000c10   ARM Code     108  drv_consumo.o(i.drv_consumo_esperar)
    drv_consumo_iniciar                      0x00000c80   ARM Code      32  drv_consumo.o(i.drv_consumo_iniciar)
    drv_led_apagar                           0x00000ca4   ARM Code      32  drv_leds.o(i.drv_led_apagar)
    drv_led_conmutar                         0x00000cc8   ARM Code      48  drv_leds.o(i.drv_led_conmutar)
    drv_led_encender                         0x00000cfc   ARM Code      32  drv_leds.o(i.drv_led_encender)
    drv_leds_iniciar                         0x00000d20   ARM Code      76  drv_leds.o(i.drv_leds_iniciar)
    drv_monitor_desmarcar                    0x00000d70   ARM Code      32  drv_monitor.o(i.drv_monitor_desmarcar)
    drv_monitor_iniciar                      0x00000d94   ARM Code       8  drv_monitor.o(i.drv_monitor_iniciar)
    drv_monitor_marcar                       0x00000d9c   ARM Code      32  drv_monitor.o(i.drv_monitor_marcar)
    drv_tiempo_actual_ms                     0x00000dc0   ARM Code      80  drv_tiempo.o(i.drv_tiempo_actual_ms)
    drv_tiempo_actual_us                     0x00000e14   ARM Code      72  drv_tiempo.o(i.drv_tiempo_actual_us)
    drv_tiempo_iniciar                       0x00000e60   ARM Code      24  drv_tiempo.o(i.drv_tiempo_iniciar)
    drv_tiempo_periodico_ms                  0x00000e7c   ARM Code      36  drv_tiempo.o(i.drv_tiempo_periodico_ms)
    encender_led                             0x00000ea8   ARM Code      44  simon.o(i.encender_led)
    f_callback_driver                        0x00000ed4   ARM Code      32  drv_tiempo.o(i.f_callback_driver)
    f_callback_drv                           0x00000ef8   ARM Code     108  drv_botones.o(i.f_callback_drv)
    hal_WDT_feed                             0x00000f6c   ARM Code      36  hal_wdt_lpc.o(i.hal_WDT_feed)
    hal_WDT_iniciar                          0x00000f90   ARM Code      56  hal_wdt_lpc.o(i.hal_WDT_iniciar)
    hal_consumo_dormir                       0x00000fcc   ARM Code      32  hal_consumo_lpc.o(i.hal_consumo_dormir)
    hal_consumo_esperar                      0x00000fec   ARM Code      24  hal_consumo_lpc.o(i.hal_consumo_esperar)
    hal_consumo_iniciar                      0x00001004   ARM Code       4  hal_consumo_lpc.o(i.hal_consumo_iniciar)
    hal_deshabilitar_int                     0x00001008   ARM Code      68  hal_ext_int_lpc.o(i.hal_deshabilitar_int)
    hal_ext_int_ISR                          0x0000104c   ARM Code     160  hal_ext_int_lpc.o(i.hal_ext_int_ISR)
    hal_ext_int_iniciar                      0x000010f0   ARM Code     120  hal_ext_int_lpc.o(i.hal_ext_int_iniciar)
    hal_ext_int_leer                         0x00001170   ARM Code      64  hal_ext_int_lpc.o(i.hal_ext_int_leer)
    hal_ext_int_limpiar                      0x000011b0   ARM Code      20  hal_ext_int_lpc.o(i.hal_ext_int_limpiar)
    hal_gpio_escribir                        0x000011c4   ARM Code      32  hal_gpio_lpc.o(i.hal_gpio_escribir)
    hal_gpio_iniciar                         0x000011e4   ARM Code      20  hal_gpio_lpc.o(i.hal_gpio_iniciar)
    hal_gpio_leer                            0x000011f8   ARM Code      32  hal_gpio_lpc.o(i.hal_gpio_leer)
    hal_gpio_sentido                         0x00001218   ARM Code      56  hal_gpio_lpc.o(i.hal_gpio_sentido)
    hal_habilitar_int                        0x00001250   ARM Code      68  hal_ext_int_lpc.o(i.hal_habilitar_int)
    hal_random_generar                       0x00001294   ARM Code      52  hal_random_lpc.o(i.hal_random_generar)
    hal_random_iniciar                       0x000012c8   ARM Code       4  hal_random_lpc.o(i.hal_random_iniciar)
    hal_tiempo_actual_tick                   0x000012cc   ARM Code      40  hal_tiempo_lpc.o(i.hal_tiempo_actual_tick)
    hal_tiempo_iniciar_tick                  0x000012f8   ARM Code      88  hal_tiempo_lpc.o(i.hal_tiempo_iniciar_tick)
    hal_tiempo_reloj_periodico_tick          0x00001358   ARM Code     104  hal_tiempo_lpc.o(i.hal_tiempo_reloj_periodico_tick)
    main                                     0x000013c8   ARM Code      32  main.o(i.main)
    reiniciar_juego                          0x000013e8   ARM Code      52  simon.o(i.reiniciar_juego)
    rt_FIFO_encolar                          0x00001420   ARM Code     192  rt_fifo.o(i.rt_FIFO_encolar)
    rt_FIFO_extraer                          0x000014ec   ARM Code     116  rt_fifo.o(i.rt_FIFO_extraer)
    rt_FIFO_inicializar                      0x00001568   ARM Code      88  rt_fifo.o(i.rt_FIFO_inicializar)
    rt_GE_iniciar                            0x000015c8   ARM Code     304  rt_ge.o(i.rt_GE_iniciar)
    rt_GE_lanzador                           0x00001704   ARM Code     128  rt_ge.o(i.rt_GE_lanzador)
    rt_GE_tratar                             0x00001788   ARM Code      72  rt_ge.o(i.rt_GE_tratar)
    simon_conmutar_leds                      0x000017d4   ARM Code     156  simon.o(i.simon_conmutar_leds)
    simon_iniciar                            0x00001874   ARM Code     232  simon.o(i.simon_iniciar)
    simon_mostrar_seq_inicial                0x00001980   ARM Code      84  simon.o(i.simon_mostrar_seq_inicial)
    simon_mostrar_seq_juego                  0x000019d4   ARM Code     116  simon.o(i.simon_mostrar_seq_juego)
    simon_tratar                             0x00001a50   ARM Code     660  simon.o(i.simon_tratar)
    svc_GE_suscribir                         0x00001cf0   ARM Code     124  rt_ge.o(i.svc_GE_suscribir)
    svc_alarma_activar                       0x00001d74   ARM Code     504  srv_alarm.o(i.svc_alarma_activar)
    svc_alarma_codificar                     0x00001f74   ARM Code      16  srv_alarm.o(i.svc_alarma_codificar)
    svc_alarma_iniciar                       0x00001f84   ARM Code     104  srv_alarm.o(i.svc_alarma_iniciar)
    svc_alarma_tratar                        0x00001ff8   ARM Code     600  srv_alarm.o(i.svc_alarma_tratar)
    timer0_ISR                               0x00002258   ARM Code      52  hal_tiempo_lpc.o(i.timer0_ISR)
    timer1_ISR                               0x00002290   ARM Code      52  hal_tiempo_lpc.o(i.timer1_ISR)
    Region$$Table$$Base                      0x00002320   Number         0  anon$$obj.o(Region$$Table)
    Region$$Table$$Limit                     0x00002340   Number         0  anon$$obj.o(Region$$Table)
    evs_USUARIO                              0x40000028   Data           1  rt_ge.o(.data)
    estado_actual                            0x4000003d   Data           1  drv_botones.o(.data)
    estado_simon                             0x40000058   Data           1  simon.o(.data)
    _random_number_data                      0x40000664   Data         228  rand.o(.bss)
    __libspace_start                         0x40000748   Data          96  libspace.o(.bss)
    __temporary_stack_top$libspace           0x400007a8   Data           0  libspace.o(.bss)



==============================================================================

Memory Map of the image

  Image Entry point : 0x00000110

  Load Region LR_IROM1 (Base: 0x00000000, Size: 0x000023b8, Max: 0x00020000, ABSOLUTE)

    Execution Region ER_IROM1 (Exec base: 0x00000000, Load base: 0x00000000, Size: 0x00002340, Max: 0x00020000, ABSOLUTE)

    Exec Addr    Load Addr    Size         Type   Attr      Idx    E Section Name        Object

    0x00000000   0x00000000   0x00000110   Code   RO          770    RESET               startup.o
    0x00000110   0x00000110   0x00000008   Code   RO          806  * !!!main             c_t.l(__main.o)
    0x00000118   0x00000118   0x0000003c   Code   RO          979    !!!scatter          c_t.l(__scatter.o)
    0x00000154   0x00000154   0x00000028   Code   RO          981    !!handler_copy      c_t.l(__scatter_copy.o)
    0x0000017c   0x0000017c   0x0000002c   Code   RO          983    !!handler_zi        c_t.l(__scatter_zi.o)
    0x000001a8   0x000001a8   0x00000008   Ven    RO          900    .ARM.Collect$$libinit$$00000000  c_t.l(libinit.o)
    0x000001b0   0x000001b0   0x00000002   Code   RO          900    .ARM.Collect$$libinit$$00000000  c_t.l(libinit.o)
    0x000001b2   0x000001b2   0x00000000   Code   RO          818    .ARM.Collect$$libinit$$00000002  c_t.l(libinit2.o)
    0x000001b2   0x000001b2   0x00000000   Code   RO          820    .ARM.Collect$$libinit$$00000004  c_t.l(libinit2.o)
    0x000001b2   0x000001b2   0x00000000   Code   RO          823    .ARM.Collect$$libinit$$0000000A  c_t.l(libinit2.o)
    0x000001b2   0x000001b2   0x00000000   Code   RO          825    .ARM.Collect$$libinit$$0000000C  c_t.l(libinit2.o)
    0x000001b2   0x000001b2   0x00000004   Code   RO          826    .ARM.Collect$$libinit$$0000000D  c_t.l(libinit2.o)
    0x000001b6   0x000001b6   0x00000000   Code   RO          827    .ARM.Collect$$libinit$$0000000E  c_t.l(libinit2.o)
    0x000001b6   0x000001b6   0x00000000   Code   RO          830    .ARM.Collect$$libinit$$00000011  c_t.l(libinit2.o)
    0x000001b6   0x000001b6   0x00000000   Code   RO          832    .ARM.Collect$$libinit$$00000013  c_t.l(libinit2.o)
    0x000001b6   0x000001b6   0x00000000   Code   RO          834    .ARM.Collect$$libinit$$00000015  c_t.l(libinit2.o)
    0x000001b6   0x000001b6   0x00000000   Code   RO          836    .ARM.Collect$$libinit$$00000017  c_t.l(libinit2.o)
    0x000001b6   0x000001b6   0x00000000   Code   RO          838    .ARM.Collect$$libinit$$00000019  c_t.l(libinit2.o)
    0x000001b6   0x000001b6   0x00000000   Code   RO          840    .ARM.Collect$$libinit$$0000001B  c_t.l(libinit2.o)
    0x000001b6   0x000001b6   0x00000000   Code   RO          842    .ARM.Collect$$libinit$$0000001D  c_t.l(libinit2.o)
    0x000001b6   0x000001b6   0x00000000   Code   RO          844    .ARM.Collect$$libinit$$0000001F  c_t.l(libinit2.o)
    0x000001b6   0x000001b6   0x00000000   Code   RO          846    .ARM.Collect$$libinit$$00000021  c_t.l(libinit2.o)
    0x000001b6   0x000001b6   0x00000000   Code   RO          848    .ARM.Collect$$libinit$$00000023  c_t.l(libinit2.o)
    0x000001b6   0x000001b6   0x00000000   Code   RO          850    .ARM.Collect$$libinit$$00000025  c_t.l(libinit2.o)
    0x000001b6   0x000001b6   0x00000000   Code   RO          854    .ARM.Collect$$libinit$$0000002C  c_t.l(libinit2.o)
    0x000001b6   0x000001b6   0x00000000   Code   RO          856    .ARM.Collect$$libinit$$0000002E  c_t.l(libinit2.o)
    0x000001b6   0x000001b6   0x00000000   Code   RO          858    .ARM.Collect$$libinit$$00000030  c_t.l(libinit2.o)
    0x000001b6   0x000001b6   0x00000000   Code   RO          860    .ARM.Collect$$libinit$$00000032  c_t.l(libinit2.o)
    0x000001b6   0x000001b6   0x0000000c   Code   RO          861    .ARM.Collect$$libinit$$00000033  c_t.l(libinit2.o)
    0x000001c2   0x000001c2   0x00000002   PAD
    0x000001c4   0x000001c4   0x00000008   Ven    RO          946    .ARM.Collect$$libshutdown$$00000000  c_t.l(libshutdown.o)
    0x000001cc   0x000001cc   0x00000004   Code   RO          946    .ARM.Collect$$libshutdown$$00000000  c_t.l(libshutdown.o)
    0x000001d0   0x000001d0   0x00000000   Code   RO          962    .ARM.Collect$$libshutdown$$00000002  c_t.l(libshutdown2.o)
    0x000001d0   0x000001d0   0x00000000   Code   RO          964    .ARM.Collect$$libshutdown$$00000004  c_t.l(libshutdown2.o)
    0x000001d0   0x000001d0   0x00000000   Code   RO          967    .ARM.Collect$$libshutdown$$00000007  c_t.l(libshutdown2.o)
    0x000001d0   0x000001d0   0x00000000   Code   RO          970    .ARM.Collect$$libshutdown$$0000000A  c_t.l(libshutdown2.o)
    0x000001d0   0x000001d0   0x00000000   Code   RO          972    .ARM.Collect$$libshutdown$$0000000C  c_t.l(libshutdown2.o)
    0x000001d0   0x000001d0   0x00000000   Code   RO          975    .ARM.Collect$$libshutdown$$0000000F  c_t.l(libshutdown2.o)
    0x000001d0   0x000001d0   0x00000006   Code   RO          976    .ARM.Collect$$libshutdown$$00000010  c_t.l(libshutdown2.o)
    0x000001d6   0x000001d6   0x00000002   PAD
    0x000001d8   0x000001d8   0x00000000   Code   RO          808    .ARM.Collect$$rtentry$$00000000  c_t.l(__rtentry.o)
    0x000001d8   0x000001d8   0x00000000   Code   RO          863    .ARM.Collect$$rtentry$$00000002  c_t.l(__rtentry2.o)
    0x000001d8   0x000001d8   0x00000008   Code   RO          875    .ARM.Collect$$rtentry$$00000004  c_t.l(__rtentry4.o)
    0x000001e0   0x000001e0   0x00000000   Code   RO          865    .ARM.Collect$$rtentry$$00000009  c_t.l(__rtentry2.o)
    0x000001e0   0x000001e0   0x00000004   Code   RO          866    .ARM.Collect$$rtentry$$0000000A  c_t.l(__rtentry2.o)
    0x000001e4   0x000001e4   0x00000000   Code   RO          868    .ARM.Collect$$rtentry$$0000000C  c_t.l(__rtentry2.o)
    0x000001e4   0x000001e4   0x00000028   Code   RO          869    .ARM.Collect$$rtentry$$0000000D  c_t.l(__rtentry2.o)
    0x0000020c   0x0000020c   0x00000004   Ven    RO          906    .ARM.Collect$$rtexit$$00000000  c_t.l(rtexit.o)
    0x00000210   0x00000210   0x00000004   Code   RO          906    .ARM.Collect$$rtexit$$00000000  c_t.l(rtexit.o)
    0x00000214   0x00000214   0x00000000   Code   RO          926    .ARM.Collect$$rtexit$$00000002  c_t.l(rtexit2.o)
    0x00000214   0x00000214   0x00000004   Code   RO          927    .ARM.Collect$$rtexit$$00000003  c_t.l(rtexit2.o)
    0x00000218   0x00000218   0x00000008   Code   RO          928    .ARM.Collect$$rtexit$$00000004  c_t.l(rtexit2.o)
    0x00000220   0x00000220   0x00000008   Ven    RO          781    .emb_text           c_t.l(rand.o)
    0x00000228   0x00000228   0x00000038   Code   RO          781    .emb_text           c_t.l(rand.o)
    0x00000260   0x00000260   0x00000068   Code   RO          771    .text               startup.o
    0x000002c8   0x000002c8   0x000002d0   Code   RO          779    .text               c_t.l(lludiv.o)
    0x00000598   0x00000598   0x00000008   Ven    RO          782    .text               c_t.l(rand.o)
    0x000005a0   0x000005a0   0x00000040   Code   RO          782    .text               c_t.l(rand.o)
    0x000005e0   0x000005e0   0x00000064   Code   RO          786    .text               c_t.l(rt_memcpy_w.o)
    0x00000644   0x00000644   0x0000022c   Code   RO          788    .text               c_t.l(aeabi_sdivfast.o)
    0x00000870   0x00000870   0x00000006   Code   RO          804    .text               c_t.l(heapauxi.o)
    0x00000876   0x00000876   0x00000002   PAD
    0x00000878   0x00000878   0x00000060   Code   RO          883    .text               c_t.l(sys_stackheap_outer.o)
    0x000008d8   0x000008d8   0x00000014   Code   RO          885    .text               c_t.l(exit.o)
    0x000008ec   0x000008ec   0x0000000c   Code   RO          903    .text               c_t.l(libspace.o)
    0x000008f8   0x000008f8   0x00000008   Ven    RO          920    .text               c_t.l(sys_exit.o)
    0x00000900   0x00000900   0x0000000c   Code   RO          920    .text               c_t.l(sys_exit.o)
    0x0000090c   0x0000090c   0x00000004   Code   RO          922    .text               c_t.l(use_no_semi.o)
    0x00000910   0x00000910   0x00000000   Code   RO          924    .text               c_t.l(indicate_semi.o)
    0x00000910   0x00000910   0x00000008   Code   RO          409    i.apagar_led        simon.o
    0x00000918   0x00000918   0x0000002c   Code   RO          389    i.drv_SC_entrar_disable_irq  drv_sc.o
    0x00000944   0x00000944   0x0000002c   Code   RO          390    i.drv_SC_salir_enable_irq  drv_sc.o
    0x00000970   0x00000970   0x00000080   Code   RO          343    i.drv_botones_iniciar  drv_botones.o
    0x000009f0   0x000009f0   0x000001fc   Code   RO          344    i.drv_botones_tratar  drv_botones.o
    0x00000bec   0x00000bec   0x00000024   Code   RO          195    i.drv_consumo_dormir  drv_consumo.o
    0x00000c10   0x00000c10   0x00000070   Code   RO          196    i.drv_consumo_esperar  drv_consumo.o
    0x00000c80   0x00000c80   0x00000024   Code   RO          197    i.drv_consumo_iniciar  drv_consumo.o
    0x00000ca4   0x00000ca4   0x00000024   Code   RO           39    i.drv_led_apagar    drv_leds.o
    0x00000cc8   0x00000cc8   0x00000034   Code   RO           40    i.drv_led_conmutar  drv_leds.o
    0x00000cfc   0x00000cfc   0x00000024   Code   RO           41    i.drv_led_encender  drv_leds.o
    0x00000d20   0x00000d20   0x00000050   Code   RO           42    i.drv_leds_iniciar  drv_leds.o
    0x00000d70   0x00000d70   0x00000024   Code   RO          227    i.drv_monitor_desmarcar  drv_monitor.o
    0x00000d94   0x00000d94   0x00000008   Code   RO          228    i.drv_monitor_iniciar  drv_monitor.o
    0x00000d9c   0x00000d9c   0x00000024   Code   RO          229    i.drv_monitor_marcar  drv_monitor.o
    0x00000dc0   0x00000dc0   0x00000054   Code   RO           83    i.drv_tiempo_actual_ms  drv_tiempo.o
    0x00000e14   0x00000e14   0x0000004c   Code   RO           84    i.drv_tiempo_actual_us  drv_tiempo.o
    0x00000e60   0x00000e60   0x0000001c   Code   RO           87    i.drv_tiempo_iniciar  drv_tiempo.o
    0x00000e7c   0x00000e7c   0x0000002c   Code   RO           88    i.drv_tiempo_periodico_ms  drv_tiempo.o
    0x00000ea8   0x00000ea8   0x0000002c   Code   RO          410    i.encender_led      simon.o
    0x00000ed4   0x00000ed4   0x00000024   Code   RO           89    i.f_callback_driver  drv_tiempo.o
    0x00000ef8   0x00000ef8   0x00000074   Code   RO          345    i.f_callback_drv    drv_botones.o
    0x00000f6c   0x00000f6c   0x00000024   Code   RO          717    i.hal_WDT_feed      hal_wdt_lpc.o
    0x00000f90   0x00000f90   0x0000003c   Code   RO          718    i.hal_WDT_iniciar   hal_wdt_lpc.o
    0x00000fcc   0x00000fcc   0x00000020   Code   RO          628    i.hal_consumo_dormir  hal_consumo_lpc.o
    0x00000fec   0x00000fec   0x00000018   Code   RO          629    i.hal_consumo_esperar  hal_consumo_lpc.o
    0x00001004   0x00001004   0x00000004   Code   RO          630    i.hal_consumo_iniciar  hal_consumo_lpc.o
    0x00001008   0x00001008   0x00000044   Code   RO          656    i.hal_deshabilitar_int  hal_ext_int_lpc.o
    0x0000104c   0x0000104c   0x000000a4   Code   RO          657    i.hal_ext_int_ISR   hal_ext_int_lpc.o
    0x000010f0   0x000010f0   0x00000080   Code   RO          658    i.hal_ext_int_iniciar  hal_ext_int_lpc.o
    0x00001170   0x00001170   0x00000040   Code   RO          659    i.hal_ext_int_leer  hal_ext_int_lpc.o
    0x000011b0   0x000011b0   0x00000014   Code   RO          660    i.hal_ext_int_limpiar  hal_ext_int_lpc.o
    0x000011c4   0x000011c4   0x00000020   Code   RO          539    i.hal_gpio_escribir  hal_gpio_lpc.o
    0x000011e4   0x000011e4   0x00000014   Code   RO          541    i.hal_gpio_iniciar  hal_gpio_lpc.o
    0x000011f8   0x000011f8   0x00000020   Code   RO          542    i.hal_gpio_leer     hal_gpio_lpc.o
    0x00001218   0x00001218   0x00000038   Code   RO          544    i.hal_gpio_sentido  hal_gpio_lpc.o
    0x00001250   0x00001250   0x00000044   Code   RO          662    i.hal_habilitar_int  hal_ext_int_lpc.o
    0x00001294   0x00001294   0x00000034   Code   RO          744    i.hal_random_generar  hal_random_lpc.o
    0x000012c8   0x000012c8   0x00000004   Code   RO          745    i.hal_random_iniciar  hal_random_lpc.o
    0x000012cc   0x000012cc   0x0000002c   Code   RO          590    i.hal_tiempo_actual_tick  hal_tiempo_lpc.o
    0x000012f8   0x000012f8   0x00000060   Code   RO          591    i.hal_tiempo_iniciar_tick  hal_tiempo_lpc.o
    0x00001358   0x00001358   0x00000070   Code   RO          592    i.hal_tiempo_reloj_periodico_tick  hal_tiempo_lpc.o
    0x000013c8   0x000013c8   0x00000020   Code   RO            1    i.main              main.o
    0x000013e8   0x000013e8   0x00000038   Code   RO          412    i.reiniciar_juego   simon.o
    0x00001420   0x00001420   0x000000cc   Code   RO          135    i.rt_FIFO_encolar   rt_fifo.o
    0x000014ec   0x000014ec   0x0000007c   Code   RO          137    i.rt_FIFO_extraer   rt_fifo.o
    0x00001568   0x00001568   0x00000060   Code   RO          138    i.rt_FIFO_inicializar  rt_fifo.o
    0x000015c8   0x000015c8   0x0000013c   Code   RO          254    i.rt_GE_iniciar     rt_ge.o
    0x00001704   0x00001704   0x00000084   Code   RO          255    i.rt_GE_lanzador    rt_ge.o
    0x00001788   0x00001788   0x0000004c   Code   RO          256    i.rt_GE_tratar      rt_ge.o
    0x000017d4   0x000017d4   0x000000a0   Code   RO          413    i.simon_conmutar_leds  simon.o
    0x00001874   0x00001874   0x0000010c   Code   RO          414    i.simon_iniciar     simon.o
    0x00001980   0x00001980   0x00000054   Code   RO          415    i.simon_mostrar_seq_inicial  simon.o
    0x000019d4   0x000019d4   0x0000007c   Code   RO          416    i.simon_mostrar_seq_juego  simon.o
    0x00001a50   0x00001a50   0x000002a0   Code   RO          417    i.simon_tratar      simon.o
    0x00001cf0   0x00001cf0   0x00000084   Code   RO          258    i.svc_GE_suscribir  rt_ge.o
    0x00001d74   0x00001d74   0x00000200   Code   RO          307    i.svc_alarma_activar  srv_alarm.o
    0x00001f74   0x00001f74   0x00000010   Code   RO          308    i.svc_alarma_codificar  srv_alarm.o
    0x00001f84   0x00001f84   0x00000074   Code   RO          309    i.svc_alarma_iniciar  srv_alarm.o
    0x00001ff8   0x00001ff8   0x00000260   Code   RO          310    i.svc_alarma_tratar  srv_alarm.o
    0x00002258   0x00002258   0x00000038   Code   RO          593    i.timer0_ISR        hal_tiempo_lpc.o
    0x00002290   0x00002290   0x00000038   Code   RO          594    i.timer1_ISR        hal_tiempo_lpc.o
    0x000022c8   0x000022c8   0x00000004   Data   RO           43    .constdata          drv_leds.o
    0x000022cc   0x000022cc   0x00000004   Data   RO          230    .constdata          drv_monitor.o
    0x000022d0   0x000022d0   0x00000050   Data   RO          419    .constdata          simon.o
    0x00002320   0x00002320   0x00000020   Data   RO          977    Region$$Table       anon$$obj.o


    Execution Region RW_IRAM1 (Exec base: 0x40000000, Load base: 0x00002340, Size: 0x00001028, Max: 0x00008000, ABSOLUTE)

    Exec Addr    Load Addr    Size         Type   Attr      Idx    E Section Name        Object

    0x40000000   0x00002340   0x00000010   Data   RW           90    .data               drv_tiempo.o
    0x40000010   0x00002350   0x0000000c   Data   RW          142    .data               rt_fifo.o
    0x4000001c   0x0000235c   0x0000000c   Data   RW          198    .data               drv_consumo.o
    0x40000028   0x00002368   0x00000008   Data   RW          260    .data               rt_ge.o
    0x40000030   0x00002370   0x0000000c   Data   RW          312    .data               srv_alarm.o
    0x4000003c   0x0000237c   0x00000018   Data   RW          346    .data               drv_botones.o
    0x40000054   0x00002394   0x00000004   Data   RW          391    .data               drv_sc.o
    0x40000058   0x00002398   0x00000014   Data   RW          420    .data               simon.o
    0x4000006c   0x000023ac   0x00000008   Data   RW          595    .data               hal_tiempo_lpc.o
    0x40000074   0x000023b4   0x00000004   Data   RW          663    .data               hal_ext_int_lpc.o
    0x40000078        -       0x00000434   Zero   RW          141    .bss                rt_fifo.o
    0x400004ac        -       0x00000104   Zero   RW          259    .bss                rt_ge.o
    0x400005b0        -       0x00000064   Zero   RW          311    .bss                srv_alarm.o
    0x40000614        -       0x00000050   Zero   RW          418    .bss                simon.o
    0x40000664        -       0x000000e4   Zero   RW          783    .bss                c_t.l(rand.o)
    0x40000748        -       0x00000060   Zero   RW          904    .bss                c_t.l(libspace.o)
    0x400007a8        -       0x00000000   Zero   RW          769    HEAP                startup.o
    0x400007a8        -       0x00000880   Zero   RW          768    STACK               startup.o


==============================================================================

Image component sizes


      Code (inc. data)   RO Data    RW Data    ZI Data      Debug   Object Name

       752         28          0         24          0       4520   drv_botones.o
       184          8          0         12          0       2545   drv_consumo.o
       204         16          4          0          0       2858   drv_leds.o
        80          8          4          0          0       2155   drv_monitor.o
        88          8          0          4          0       1186   drv_sc.o
       268         24          0         16          0       3795   drv_tiempo.o
        60          0          0          0          0       1393   hal_consumo_lpc.o
       512         12          0          4          0       4792   hal_ext_int_lpc.o
       140          0          0          0          0       2594   hal_gpio_lpc.o
        56          0          0          0          0       1154   hal_random_lpc.o
       364         28          0          8          0       3523   hal_tiempo_lpc.o
        96          4          0          0          0       1533   hal_wdt_lpc.o
        32          0          0          0          0       5987   main.o
       424         28          0         12       1076       3463   rt_fifo.o
       656         28          0          8        260       4805   rt_ge.o
      1416         84         80         20         80       6958   simon.o
      1252         28          0         12        100       5445   srv_alarm.o
       376         64          0          0       2176        676   startup.o

    ----------------------------------------------------------------------
      6960        368        120        120       3692      59382   Object Totals
         0          0         32          0          0          0   (incl. Generated)
         0          0          0          0          0          0   (incl. Padding)

    ----------------------------------------------------------------------

      Code (inc. data)   RO Data    RW Data    ZI Data      Debug   Library Member Name

         8          0          0          0          0         68   __main.o
         0          0          0          0          0          0   __rtentry.o
        44          4          0          0          0          0   __rtentry2.o
         8          0          0          0          0          0   __rtentry4.o
        60          8          0          0          0          0   __scatter.o
        40          0          0          0          0          0   __scatter_copy.o
        44          0          0          0          0          0   __scatter_zi.o
       556          0          0          0          0         80   aeabi_sdivfast.o
        20          0          0          0          0         80   exit.o
         6          0          0          0          0        136   heapauxi.o
         0          0          0          0          0          0   indicate_semi.o
        10          0          0          0          0          0   libinit.o
        16          0          0          0          0          0   libinit2.o
        12          0          0          0          0          0   libshutdown.o
         6          0          0          0          0          0   libshutdown2.o
        12          4          0          0         96         68   libspace.o
       720         64          0          0          0        156   lludiv.o
       136         18          0          0        228        156   rand.o
       100          0          0          0          0         80   rt_memcpy_w.o
         8          0          0          0          0          0   rtexit.o
        12          0          0          0          0          0   rtexit2.o
        20          4          0          0          0         60   sys_exit.o
        96          0          0          0          0         80   sys_stackheap_outer.o
         4          0          0          0          0         68   use_no_semi.o

    ----------------------------------------------------------------------
      1944        102          0          0        324       1032   Library Totals
         6          0          0          0          0          0   (incl. Padding)

    ----------------------------------------------------------------------

      Code (inc. data)   RO Data    RW Data    ZI Data      Debug   Library Name

      1938        102          0          0        324       1032   c_t.l

    ----------------------------------------------------------------------
      1944        102          0          0        324       1032   Library Totals

    ----------------------------------------------------------------------

==============================================================================


      Code (inc. data)   RO Data    RW Data    ZI Data      Debug   

      8904        470        120        120       4016      57210   Grand Totals
      8904        470        120        120       4016      57210   ELF Image Totals
      8904        470        120        120          0          0   ROM Totals

==============================================================================

    Total RO  Size (Code + RO Data)                 9024 (   8.81kB)
    Total RW  Size (RW Data + ZI Data)              4136 (   4.04kB)
    Total ROM Size (Code + RO Data + RW Data)       9144 (   8.93kB)

==============================================================================

