<html>
<body>
<pre>
<h1>µVision Build Log</h1>
<h2>Tool Versions:</h2>
IDE-Version: µVision V5.26.2.0
Copyright (C) 2018 ARM Ltd and ARM Germany GmbH. All rights reserved.
License Information: . nekanem, HP Inc., LIC=----
 
Tool Versions:
Toolchain:       MDK-Lite  Version: 5.26.2.0
Toolchain Path:  C:\Keil_v5\ARM\ARMCC\Bin
C Compiler:      Armcc.exe V5.06 update 6 (build 750)
Assembler:       Armasm.exe V5.06 update 6 (build 750)
Linker/Locator:  ArmLink.exe V5.06 update 6 (build 750)
Library Manager: ArmAr.exe V5.06 update 6 (build 750)
Hex Converter:   FromElf.exe V5.06 update 6 (build 750)
CPU DLL:         SARM.DLL V5.26.2.0
Dialog DLL:      DARMP.DLL V1.53.0.0
Target DLL:      UL2ARM.DLL V1.74.10.0
Dialog DLL:      TARMP.DLL V1.53.0.0
 
<h2>Project:</h2>
C:\UNIVERSIDAD\2024-2025\PH\Mika-Hache\p4\simon\lpc\keil\blink_lpc.uvproj
Project File Date:  11/28/2024

<h2>Output:</h2>
*** Using Compiler 'V5.06 update 6 (build 750)', folder: 'C:\Keil_v5\ARM\ARMCC\Bin'
Rebuild Project 'blink_lpc' - Target 'LPC'
compiling drv_leds.c...
compiling rt_GE.c...
compiling drv_consumo.c...
compiling drv_tiempo.c...
compiling drv_monitor.c...
compiling main.c...
compiling rt_fifo.c...
compiling srv_alarm.c...
compiling drv_botones.c...
compiling drv_SC.c...
compiling simon.c...
C:\UNIVERSIDAD\2024-2025\PH\Mika-Hache\p4\simon\src\simon.c(57): warning:  #167-D: argument of type "void (*)()" is incompatible with parameter of type "void (*)(EVENTO_T, uint32_t)"
  				svc_GE_suscribir(ev_LEDS_ENCENDER, leds_conmutar);
C:\UNIVERSIDAD\2024-2025\PH\Mika-Hache\p4\simon\src\simon.c(59): warning:  #167-D: argument of type "void (*)()" is incompatible with parameter of type "void (*)(EVENTO_T, uint32_t)"
  				svc_GE_suscribir(ev_LEDS_APAGAR, leds_conmutar);
..\..\src\simon.c: 2 warnings, 0 errors
compiling hal_tiempo_lpc.c...
compiling hal_consumo_lpc.c...
compiling hal_gpio_lpc.c...
compiling hal_ext_int_lpc.c...
compiling hal_random_lpc.c...
assembling Startup.s...
compiling hal_WDT_lpc.c...
linking...
Program Size: Code=7292 RO-data=40 RW-data=196 ZI-data=3572  
".\Objects\blink_lpc.axf" - 0 Error(s), 2 Warning(s).
Build Time Elapsed:  00:00:00
</pre>
</body>
</html>
