<html>
<body>
<pre>
<h1>µVision Build Log</h1>
<h2>Tool Versions:</h2>
IDE-Version: µVision V5.26.2.0
Copyright (C) 2018 ARM Ltd and ARM Germany GmbH. All rights reserved.
License Information: UZ UZ, UZ, LIC=----
 
Tool Versions:
Toolchain:       MDK-Lite  Version: 5.26.2.0
Toolchain Path:  C:\Programas-Practicas\Simuladores\Keil\ARM\ARMCC\Bin
C Compiler:      Armcc.exe V5.06 update 6 (build 750)
Assembler:       Armasm.exe V5.06 update 6 (build 750)
Linker/Locator:  ArmLink.exe V5.06 update 6 (build 750)
Library Manager: ArmAr.exe V5.06 update 6 (build 750)
Hex Converter:   FromElf.exe V5.06 update 6 (build 750)
CPU DLL:         SARMCM3.DLL V5.26.2.0
Dialog DLL:      DCM.DLL V1.17.2.0
Target DLL:      Segger\JL2CM3.dll V2.99.31.0
Dialog DLL:      TCM.DLL V1.36.1.0
 
<h2>Project:</h2>
D:\actualizada_p5_870795-Diaz_Montoya_872838-Hernandez_Aznar\nrf\keil\blink_nrf.uvprojx
Project File Date:  12/04/2024

<h2>Output:</h2>
*** Using Compiler 'V5.06 update 6 (build 750)', folder: 'C:\Programas-Practicas\Simuladores\Keil\ARM\ARMCC\Bin'
Rebuild Project 'blink_nrf' - Target 'nRF_Release'
compiling drv_leds.c...
compiling drv_tiempo.c...
compiling main.c...
compiling drv_consumo.c...
compiling drv_monitor.c...
compiling rt_fifo.c...
compiling rt_GE.c...
compiling drv_botones.c...
compiling srv_alarm.c...
compiling Counter_strike.c...
compiling drv_SC.c...
compiling simon.c...
compiling test.c...
compiling hal_tiempo_nrf.c...
compiling hal_consumo_nrf.c...
compiling hal_gpio_nrf.c...
compiling hal_WDT_nrf.c...
compiling hal_random_nrf.c...
compiling hal_ext_int_nrf.c...
assembling arm_startup_nrf52840.s...
compiling retarget_io.c...
compiling system_nrf52.c...
linking...
Program Size: Code=5880 RO-data=632 RW-data=128 ZI-data=17936  
FromELF: creating hex file...
".\Objects\blink_nrf.axf" - 0 Error(s), 0 Warning(s).

<h2>Software Packages used:</h2>

Package Vendor: ARM
                http://www.keil.com/pack/ARM.CMSIS.5.6.0.pack
                ARM.CMSIS.5.6.0
                CMSIS (Cortex Microcontroller Software Interface Standard)
   * Component: CORE Version: 5.3.0

Package Vendor: NordicSemiconductor
                http://developer.nordicsemi.com/nRF5_SDK/pieces/nRF_DeviceFamilyPack/NordicSemiconductor.nRF_DeviceFamilyPack.8.44.1.pack
                NordicSemiconductor.nRF_DeviceFamilyPack.8.44.1
                Nordic Semiconductor nRF ARM devices Device Family Pack with BSD license.
   * Component: Startup Version: 8.44.1

Package Vendor: Keil
                http://www.keil.com/pack/Keil.ARM_Compiler.1.6.0.pack
                Keil.ARM_Compiler.1.6.0
                Keil ARM Compiler extensions for ARM Compiler 5 and ARM Compiler 6
   * Component: STDOUT Variant: Breakpoint Version: 1.2.0

<h2>Collection of Component include folders:</h2>
  .\RTE\_nRF_Release
  C:\Programas-Practicas\Simuladores\Keil\ARM\PACK\ARM\CMSIS\5.6.0\CMSIS\Core\Include
  C:\Programas-Practicas\Simuladores\Keil\ARM\PACK\NordicSemiconductor\nRF_DeviceFamilyPack\8.44.1\Device\Include

<h2>Collection of Component Files used:</h2>

   * Component: ARM::CMSIS:CORE:5.3.0

   * Component: Keil.ARM Compiler::Compiler:I/O:STDOUT:Breakpoint:1.2.0
      Source file:   Source\retarget_io.c

   * Component: NordicSemiconductor::Device:Startup:8.44.1
      Source file:   Device\Source\arm\arm_startup_nrf52840.s
      Source file:   Device\Source\system_nrf52.c
      Include file:  Device\Include\system_nrf52840.h
      Include file:  Device\Include\system_nrf.h
Build Time Elapsed:  00:00:05
</pre>
</body>
</html>
