<html>
<body>
<pre>
<h1>µVision Build Log</h1>
<h2>Tool Versions:</h2>
IDE-Version: µVision V5.26.2.0
Copyright (C) 2018 ARM Ltd and ARM Germany GmbH. All rights reserved.
License Information: UZ UZ, UZ, LIC=----
 
Tool Versions:
Toolchain:       MDK-Lite  Version: 5.26.2.0
Toolchain Path:  C:\Programas-Practicas\Simuladores\Keil\ARM\ARMCC\Bin
C Compiler:      Armcc.exe V5.06 update 6 (build 750)
Assembler:       Armasm.exe V5.06 update 6 (build 750)
Linker/Locator:  ArmLink.exe V5.06 update 6 (build 750)
Library Manager: ArmAr.exe V5.06 update 6 (build 750)
Hex Converter:   FromElf.exe V5.06 update 6 (build 750)
CPU DLL:         SARMCM3.DLL V5.26.2.0
Dialog DLL:      DCM.DLL V1.17.2.0
Target DLL:      Segger\JL2CM3.dll V2.99.31.0
Dialog DLL:      TCM.DLL V1.36.1.0
 
<h2>Project:</h2>
D:\blink_v2_lpc_resuelto\nrf\keil\blink_nrf.uvprojx
Project File Date:  10/24/2024

<h2>Output:</h2>
*** Using Compiler 'V5.06 update 6 (build 750)', folder: 'C:\Programas-Practicas\Simuladores\Keil\ARM\ARMCC\Bin'
Rebuild Project 'blink_nrf' - Target 'nRF'
compiling drv_leds.c...
compiling main.c...
compiling drv_tiempo.c...
compiling drv_consumo.c...
compiling drv_monitor.c...
D:\blink_v2_lpc_resuelto\nrf\keil\drv_monitor.h(12): warning:  #1295-D: Deprecated declaration drv_monitor_iniciar - give arg types
  uint32_t drv_monitor_iniciar();
drv_monitor.c: 1 warning, 0 errors
compiling hal_consumo_nrf.c...
compiling hal_tiempo_nrf.c...
compiling hal_gpio_nrf.c...
assembling arm_startup_nrf52840.s...
compiling system_nrf52.c...
linking...
Program Size: Code=1648 RO-data=548 RW-data=28 ZI-data=16388  
FromELF: creating hex file...
".\Objects\blink_nrf.axf" - 0 Error(s), 1 Warning(s).

<h2>Software Packages used:</h2>

Package Vendor: ARM
                http://www.keil.com/pack/ARM.CMSIS.5.6.0.pack
                ARM.CMSIS.5.6.0
                CMSIS (Cortex Microcontroller Software Interface Standard)
   * Component: CORE Version: 5.3.0

Package Vendor: NordicSemiconductor
                http://developer.nordicsemi.com/nRF5_SDK/pieces/nRF_DeviceFamilyPack/NordicSemiconductor.nRF_DeviceFamilyPack.8.44.1.pack
                NordicSemiconductor.nRF_DeviceFamilyPack.8.44.1
                Nordic Semiconductor nRF ARM devices Device Family Pack with BSD license.
   * Component: Startup Version: 8.44.1

<h2>Collection of Component include folders:</h2>
  .\RTE\_nRF
  C:\Programas-Practicas\Simuladores\Keil\ARM\PACK\ARM\CMSIS\5.6.0\CMSIS\Core\Include
  C:\Programas-Practicas\Simuladores\Keil\ARM\PACK\NordicSemiconductor\nRF_DeviceFamilyPack\8.44.1\Device\Include

<h2>Collection of Component Files used:</h2>

   * Component: ARM::CMSIS:CORE:5.3.0

   * Component: NordicSemiconductor::Device:Startup:8.44.1
      Source file:   Device\Source\system_nrf52.c
      Include file:  Device\Include\system_nrf.h
      Include file:  Device\Include\system_nrf52840.h
      Source file:   Device\Source\arm\arm_startup_nrf52840.s
Build Time Elapsed:  00:00:02
</pre>
</body>
</html>
