Component: ARM Compiler 5.06 update 6 (build 750) Tool: armlink [4d35ed]

==============================================================================

Section Cross References

    main.o(i.main) refers to hal_gpio_lpc.o(i.hal_gpio_iniciar) for hal_gpio_iniciar
    main.o(i.main) refers to drv_tiempo.o(i.drv_tiempo_iniciar) for drv_tiempo_iniciar
    main.o(i.main) refers to drv_leds.o(i.drv_leds_iniciar) for drv_leds_iniciar
    main.o(i.main) refers to counter_strike.o(i.iniciar_juego) for iniciar_juego
    drv_leds.o(i.drv_led_apagar) refers to hal_gpio_lpc.o(i.hal_gpio_escribir) for hal_gpio_escribir
    drv_leds.o(i.drv_led_apagar) refers to drv_leds.o(.constdata) for led_list
    drv_leds.o(i.drv_led_conmutar) refers to hal_gpio_lpc.o(i.hal_gpio_leer) for hal_gpio_leer
    drv_leds.o(i.drv_led_conmutar) refers to hal_gpio_lpc.o(i.hal_gpio_escribir) for hal_gpio_escribir
    drv_leds.o(i.drv_led_conmutar) refers to drv_leds.o(.constdata) for led_list
    drv_leds.o(i.drv_led_encender) refers to hal_gpio_lpc.o(i.hal_gpio_escribir) for hal_gpio_escribir
    drv_leds.o(i.drv_led_encender) refers to drv_leds.o(.constdata) for led_list
    drv_leds.o(i.drv_leds_iniciar) refers to hal_gpio_lpc.o(i.hal_gpio_sentido) for hal_gpio_sentido
    drv_leds.o(i.drv_leds_iniciar) refers to drv_leds.o(i.drv_led_apagar) for drv_led_apagar
    drv_leds.o(i.drv_leds_iniciar) refers to drv_leds.o(.constdata) for led_list
    drv_tiempo.o(i.drv_tiempo_actual_ms) refers to drv_tiempo.o(i.drv_tiempo_actual_us) for drv_tiempo_actual_us
    drv_tiempo.o(i.drv_tiempo_actual_ms) refers to lludiv.o(.text) for __aeabi_uldivmod
    drv_tiempo.o(i.drv_tiempo_actual_us) refers to hal_tiempo_lpc.o(i.hal_tiempo_actual_tick) for hal_tiempo_actual_tick
    drv_tiempo.o(i.drv_tiempo_actual_us) refers to lludiv.o(.text) for __aeabi_uldivmod
    drv_tiempo.o(i.drv_tiempo_actual_us) refers to drv_tiempo.o(.data) for HAL_TICKS2US_T0
    drv_tiempo.o(i.drv_tiempo_esperar_hasta_ms) refers to drv_tiempo.o(i.drv_tiempo_actual_ms) for drv_tiempo_actual_ms
    drv_tiempo.o(i.drv_tiempo_esperar_ms) refers to hal_tiempo_lpc.o(i.hal_tiempo_actual_tick) for hal_tiempo_actual_tick
    drv_tiempo.o(i.drv_tiempo_esperar_ms) refers to drv_tiempo.o(i.drv_tiempo_actual_ms) for drv_tiempo_actual_ms
    drv_tiempo.o(i.drv_tiempo_iniciar) refers to hal_tiempo_lpc.o(i.hal_tiempo_iniciar_tick) for hal_tiempo_iniciar_tick
    drv_tiempo.o(i.drv_tiempo_iniciar) refers to drv_tiempo.o(.data) for HAL_TICKS2US_T0
    drv_tiempo.o(i.drv_tiempo_periodico_ms) refers to hal_tiempo_lpc.o(i.hal_tiempo_reloj_periodico_tick) for hal_tiempo_reloj_periodico_tick
    drv_tiempo.o(i.drv_tiempo_periodico_ms) refers to drv_tiempo.o(.data) for ID_EVENTO
    drv_tiempo.o(i.drv_tiempo_periodico_ms) refers to drv_tiempo.o(i.f_callback_driver) for f_callback_driver
    drv_tiempo.o(i.f_callback_driver) refers to drv_tiempo.o(i.drv_tiempo_actual_ms) for drv_tiempo_actual_ms
    drv_tiempo.o(i.f_callback_driver) refers to drv_tiempo.o(.data) for ID_EVENTO
    rt_fifo.o(i.rt_FIFO_encolar) refers to drv_sc.o(i.drv_SC_entrar_disable_irq) for drv_SC_entrar_disable_irq
    rt_fifo.o(i.rt_FIFO_encolar) refers to drv_monitor.o(i.drv_monitor_marcar) for drv_monitor_marcar
    rt_fifo.o(i.rt_FIFO_encolar) refers to hal_wdt_lpc.o(i.hal_WDT_feed) for hal_WDT_feed
    rt_fifo.o(i.rt_FIFO_encolar) refers to drv_tiempo.o(i.drv_tiempo_actual_us) for drv_tiempo_actual_us
    rt_fifo.o(i.rt_FIFO_encolar) refers to drv_sc.o(i.drv_SC_salir_enable_irq) for drv_SC_salir_enable_irq
    rt_fifo.o(i.rt_FIFO_encolar) refers to rt_fifo.o(.data) for eventos_sin_tratar
    rt_fifo.o(i.rt_FIFO_encolar) refers to rt_fifo.o(.bss) for cola
    rt_fifo.o(i.rt_FIFO_estadisticas) refers to rt_fifo.o(.bss) for stats
    rt_fifo.o(i.rt_FIFO_extraer) refers to drv_sc.o(i.drv_SC_entrar_disable_irq) for drv_SC_entrar_disable_irq
    rt_fifo.o(i.rt_FIFO_extraer) refers to drv_sc.o(i.drv_SC_salir_enable_irq) for drv_SC_salir_enable_irq
    rt_fifo.o(i.rt_FIFO_extraer) refers to rt_fifo.o(.data) for eventos_sin_tratar
    rt_fifo.o(i.rt_FIFO_extraer) refers to rt_fifo.o(.bss) for cola
    rt_fifo.o(i.rt_FIFO_inicializar) refers to drv_monitor.o(i.drv_monitor_desmarcar) for drv_monitor_desmarcar
    rt_fifo.o(i.rt_FIFO_inicializar) refers to rt_fifo.o(.data) for siguiente_a_tratar
    rt_fifo.o(i.rt_FIFO_inicializar) refers to rt_fifo.o(.bss) for stats
    rt_fifo.o(i.verificar_insertar_extraer_en_cola) refers to rt_fifo.o(i.rt_FIFO_encolar) for rt_FIFO_encolar
    rt_fifo.o(i.verificar_insertar_extraer_en_cola) refers to rt_fifo.o(i.rt_FIFO_extraer) for rt_FIFO_extraer
    rt_fifo.o(i.verificar_insertar_extraer_en_cola) refers to rt_fifo.o(i.rt_FIFO_estadisticas) for rt_FIFO_estadisticas
    rt_fifo.o(i.verificar_overflow_cola) refers to rt_fifo.o(i.rt_FIFO_encolar) for rt_FIFO_encolar
    drv_consumo.o(i.drv_consumo_dormir) refers to drv_leds.o(i.drv_led_apagar) for drv_led_apagar
    drv_consumo.o(i.drv_consumo_dormir) refers to hal_consumo_lpc.o(i.hal_consumo_dormir) for hal_consumo_dormir
    drv_consumo.o(i.drv_consumo_esperar) refers to drv_monitor.o(i.drv_monitor_desmarcar) for drv_monitor_desmarcar
    drv_consumo.o(i.drv_consumo_esperar) refers to hal_consumo_lpc.o(i.hal_consumo_esperar) for hal_consumo_esperar
    drv_consumo.o(i.drv_consumo_esperar) refers to drv_monitor.o(i.drv_monitor_marcar) for drv_monitor_marcar
    drv_consumo.o(i.drv_consumo_esperar) refers to drv_consumo.o(.data) for NUM_MONITORES
    drv_consumo.o(i.drv_consumo_iniciar) refers to drv_monitor.o(i.drv_monitor_iniciar) for drv_monitor_iniciar
    drv_consumo.o(i.drv_consumo_iniciar) refers to hal_consumo_lpc.o(i.hal_consumo_iniciar) for hal_consumo_iniciar
    drv_consumo.o(i.drv_consumo_iniciar) refers to drv_consumo.o(.data) for MON_WAIT
    drv_monitor.o(i.drv_monitor_desmarcar) refers to hal_gpio_lpc.o(i.hal_gpio_escribir) for hal_gpio_escribir
    drv_monitor.o(i.drv_monitor_desmarcar) refers to drv_monitor.o(.constdata) for monitors_list
    drv_monitor.o(i.drv_monitor_marcar) refers to hal_gpio_lpc.o(i.hal_gpio_escribir) for hal_gpio_escribir
    drv_monitor.o(i.drv_monitor_marcar) refers to drv_monitor.o(.constdata) for monitors_list
    rt_ge.o(i.esEventoUsuario) refers to rt_ge.o(.data) for evs_USUARIO
    rt_ge.o(i.rt_GE_iniciar) refers to rt_ge.o(i.svc_GE_suscribir) for svc_GE_suscribir
    rt_ge.o(i.rt_GE_iniciar) refers to rt_ge.o(.data) for monitor_overflow
    rt_ge.o(i.rt_GE_iniciar) refers to rt_ge.o(.bss) for gestor_eventos
    rt_ge.o(i.rt_GE_iniciar) refers to rt_ge.o(i.rt_GE_tratar) for rt_GE_tratar
    rt_ge.o(i.rt_GE_lanzador) refers to hal_wdt_lpc.o(i.hal_WDT_iniciar) for hal_WDT_iniciar
    rt_ge.o(i.rt_GE_lanzador) refers to srv_alarm.o(i.svc_alarma_codificar) for svc_alarma_codificar
    rt_ge.o(i.rt_GE_lanzador) refers to srv_alarm.o(i.svc_alarma_activar) for svc_alarma_activar
    rt_ge.o(i.rt_GE_lanzador) refers to rt_fifo.o(i.rt_FIFO_extraer) for rt_FIFO_extraer
    rt_ge.o(i.rt_GE_lanzador) refers to drv_consumo.o(i.drv_consumo_esperar) for drv_consumo_esperar
    rt_ge.o(i.rt_GE_lanzador) refers to rt_ge.o(.bss) for gestor_eventos
    rt_ge.o(i.rt_GE_tratar) refers to rt_ge.o(i.esEventoUsuario) for esEventoUsuario
    rt_ge.o(i.rt_GE_tratar) refers to srv_alarm.o(i.svc_alarma_codificar) for svc_alarma_codificar
    rt_ge.o(i.rt_GE_tratar) refers to srv_alarm.o(i.svc_alarma_activar) for svc_alarma_activar
    rt_ge.o(i.rt_GE_tratar) refers to drv_consumo.o(i.drv_consumo_dormir) for drv_consumo_dormir
    rt_ge.o(i.svc_GE_cancelar) refers to rt_ge.o(.bss) for gestor_eventos
    rt_ge.o(i.svc_GE_suscribir) refers to drv_monitor.o(i.drv_monitor_marcar) for drv_monitor_marcar
    rt_ge.o(i.svc_GE_suscribir) refers to hal_wdt_lpc.o(i.hal_WDT_feed) for hal_WDT_feed
    rt_ge.o(i.svc_GE_suscribir) refers to rt_ge.o(.bss) for gestor_eventos
    rt_ge.o(i.svc_GE_suscribir) refers to rt_ge.o(.data) for monitor_overflow
    srv_alarm.o(i.svc_alarma_activar) refers to drv_sc.o(i.drv_SC_entrar_disable_irq) for drv_SC_entrar_disable_irq
    srv_alarm.o(i.svc_alarma_activar) refers to drv_sc.o(i.drv_SC_salir_enable_irq) for drv_SC_salir_enable_irq
    srv_alarm.o(i.svc_alarma_activar) refers to hal_wdt_lpc.o(i.hal_WDT_feed) for hal_WDT_feed
    srv_alarm.o(i.svc_alarma_activar) refers to drv_tiempo.o(i.drv_tiempo_actual_ms) for drv_tiempo_actual_ms
    srv_alarm.o(i.svc_alarma_activar) refers to rt_memcpy_w.o(.text) for __aeabi_memcpy4
    srv_alarm.o(i.svc_alarma_activar) refers to drv_monitor.o(i.drv_monitor_marcar) for drv_monitor_marcar
    srv_alarm.o(i.svc_alarma_activar) refers to srv_alarm.o(.bss) for lista_alarmas
    srv_alarm.o(i.svc_alarma_activar) refers to srv_alarm.o(.data) for num_alarmas
    srv_alarm.o(i.svc_alarma_iniciar) refers to rt_ge.o(i.svc_GE_suscribir) for svc_GE_suscribir
    srv_alarm.o(i.svc_alarma_iniciar) refers to drv_monitor.o(i.drv_monitor_desmarcar) for drv_monitor_desmarcar
    srv_alarm.o(i.svc_alarma_iniciar) refers to drv_tiempo.o(i.drv_tiempo_periodico_ms) for drv_tiempo_periodico_ms
    srv_alarm.o(i.svc_alarma_iniciar) refers to srv_alarm.o(i.svc_alarma_tratar) for svc_alarma_tratar
    srv_alarm.o(i.svc_alarma_iniciar) refers to srv_alarm.o(.data) for callback_funcion
    srv_alarm.o(i.svc_alarma_iniciar) refers to srv_alarm.o(.bss) for lista_alarmas
    srv_alarm.o(i.svc_alarma_tratar) refers to drv_sc.o(i.drv_SC_entrar_disable_irq) for drv_SC_entrar_disable_irq
    srv_alarm.o(i.svc_alarma_tratar) refers to rt_memcpy_w.o(.text) for __aeabi_memcpy4
    srv_alarm.o(i.svc_alarma_tratar) refers to drv_sc.o(i.drv_SC_salir_enable_irq) for drv_SC_salir_enable_irq
    srv_alarm.o(i.svc_alarma_tratar) refers to srv_alarm.o(.bss) for lista_alarmas
    srv_alarm.o(i.svc_alarma_tratar) refers to srv_alarm.o(.data) for callback_funcion
    drv_botones.o(i.boton_equivalente_pin) refers to drv_botones.o(.data) for button_list
    drv_botones.o(i.boton_pulsado) refers to hal_ext_int_lpc.o(i.hal_ext_int_leer) for hal_ext_int_leer
    drv_botones.o(i.drv_botones_iniciar) refers to hal_ext_int_lpc.o(i.hal_ext_int_iniciar) for hal_ext_int_iniciar
    drv_botones.o(i.drv_botones_iniciar) refers to hal_gpio_lpc.o(i.hal_gpio_sentido) for hal_gpio_sentido
    drv_botones.o(i.drv_botones_iniciar) refers to hal_ext_int_lpc.o(i.hal_habilitar_int) for hal_habilitar_int
    drv_botones.o(i.drv_botones_iniciar) refers to rt_ge.o(i.svc_GE_suscribir) for svc_GE_suscribir
    drv_botones.o(i.drv_botones_iniciar) refers to drv_botones.o(i.f_callback_drv) for f_callback_drv
    drv_botones.o(i.drv_botones_iniciar) refers to drv_botones.o(.data) for estado_actual
    drv_botones.o(i.drv_botones_iniciar) refers to drv_botones.o(i.drv_botones_tratar) for drv_botones_tratar
    drv_botones.o(i.drv_botones_tratar) refers to drv_leds.o(i.drv_led_encender) for drv_led_encender
    drv_botones.o(i.drv_botones_tratar) refers to srv_alarm.o(i.svc_alarma_codificar) for svc_alarma_codificar
    drv_botones.o(i.drv_botones_tratar) refers to srv_alarm.o(i.svc_alarma_activar) for svc_alarma_activar
    drv_botones.o(i.drv_botones_tratar) refers to hal_ext_int_lpc.o(i.hal_ext_int_limpiar) for hal_ext_int_limpiar
    drv_botones.o(i.drv_botones_tratar) refers to drv_botones.o(i.boton_pulsado) for boton_pulsado
    drv_botones.o(i.drv_botones_tratar) refers to hal_ext_int_lpc.o(i.hal_habilitar_int) for hal_habilitar_int
    drv_botones.o(i.drv_botones_tratar) refers to drv_leds.o(i.drv_led_apagar) for drv_led_apagar
    drv_botones.o(i.drv_botones_tratar) refers to drv_botones.o(.data) for estado_actual
    drv_botones.o(i.f_callback_drv) refers to hal_ext_int_lpc.o(i.hal_deshabilitar_int) for hal_deshabilitar_int
    drv_botones.o(i.f_callback_drv) refers to drv_botones.o(i.boton_equivalente_pin) for boton_equivalente_pin
    drv_botones.o(i.f_callback_drv) refers to drv_botones.o(.data) for button_list
    drv_sc.o(i.drv_SC_entrar_disable_irq) refers to drv_sc.o(.data) for m_in_critical_region
    drv_sc.o(i.drv_SC_salir_enable_irq) refers to drv_sc.o(.data) for m_in_critical_region
    counter_strike.o(i.iniciar_juego) refers to drv_consumo.o(i.drv_consumo_iniciar) for drv_consumo_iniciar
    counter_strike.o(i.iniciar_juego) refers to rt_fifo.o(i.rt_FIFO_inicializar) for rt_FIFO_inicializar
    counter_strike.o(i.iniciar_juego) refers to rt_ge.o(i.rt_GE_iniciar) for rt_GE_iniciar
    counter_strike.o(i.iniciar_juego) refers to srv_alarm.o(i.svc_alarma_iniciar) for svc_alarma_iniciar
    counter_strike.o(i.iniciar_juego) refers to drv_botones.o(i.drv_botones_iniciar) for drv_botones_iniciar
    counter_strike.o(i.iniciar_juego) refers to rt_ge.o(i.svc_GE_suscribir) for svc_GE_suscribir
    counter_strike.o(i.iniciar_juego) refers to rt_fifo.o(i.rt_FIFO_encolar) for rt_FIFO_encolar
    counter_strike.o(i.iniciar_juego) refers to rt_ge.o(i.rt_GE_lanzador) for rt_GE_lanzador
    counter_strike.o(i.iniciar_juego) refers to counter_strike.o(i.juego) for juego
    counter_strike.o(i.iniciar_juego) refers to counter_strike.o(.data) for estado_juego
    counter_strike.o(i.juego) refers to drv_leds.o(i.drv_led_encender) for drv_led_encender
    counter_strike.o(i.juego) refers to drv_leds.o(i.drv_led_apagar) for drv_led_apagar
    counter_strike.o(i.juego) refers to rt_fifo.o(i.rt_FIFO_encolar) for rt_FIFO_encolar
    counter_strike.o(i.juego) refers to counter_strike.o(.data) for estado_juego
    test.o(i.leds_c) refers to drv_leds.o(i.drv_led_conmutar) for drv_led_conmutar
    test.o(i.pruebas_botones) refers to drv_consumo.o(i.drv_consumo_iniciar) for drv_consumo_iniciar
    test.o(i.pruebas_botones) refers to rt_fifo.o(i.rt_FIFO_inicializar) for rt_FIFO_inicializar
    test.o(i.pruebas_botones) refers to rt_ge.o(i.rt_GE_iniciar) for rt_GE_iniciar
    test.o(i.pruebas_botones) refers to srv_alarm.o(i.svc_alarma_iniciar) for svc_alarma_iniciar
    test.o(i.pruebas_botones) refers to drv_botones.o(i.drv_botones_iniciar) for drv_botones_iniciar
    test.o(i.pruebas_botones) refers to rt_ge.o(i.svc_GE_suscribir) for svc_GE_suscribir
    test.o(i.pruebas_botones) refers to rt_ge.o(i.rt_GE_lanzador) for rt_GE_lanzador
    test.o(i.pruebas_botones) refers to rt_fifo.o(i.rt_FIFO_encolar) for rt_FIFO_encolar
    test.o(i.pruebas_botones) refers to test.o(i.leds_c) for leds_c
    test.o(i.test_WDT) refers to hal_wdt_lpc.o(i.hal_WDT_iniciar) for hal_WDT_iniciar
    test.o(i.test_WDT) refers to drv_leds.o(i.drv_led_encender) for drv_led_encender
    test.o(i.test_alarmas) refers to srv_alarm.o(i.svc_alarma_iniciar) for svc_alarma_iniciar
    test.o(i.test_alarmas) refers to srv_alarm.o(i.svc_alarma_codificar) for svc_alarma_codificar
    test.o(i.test_alarmas) refers to srv_alarm.o(i.svc_alarma_activar) for svc_alarma_activar
    test.o(i.test_alarmas) refers to rt_fifo.o(i.rt_FIFO_extraer) for rt_FIFO_extraer
    test.o(i.test_alarmas) refers to test.o(i.leds_c) for leds_c
    test.o(i.test_alarmas) refers to rt_fifo.o(i.rt_FIFO_encolar) for rt_FIFO_encolar
    test.o(i.test_rt_FIFO) refers to rt_fifo.o(i.rt_FIFO_inicializar) for rt_FIFO_inicializar
    test.o(i.test_rt_FIFO) refers to rt_fifo.o(i.verificar_overflow_cola) for verificar_overflow_cola
    hal_tiempo_lpc.o(i.hal_tiempo_actual_tick) refers to hal_tiempo_lpc.o(.data) for timer0_int_count
    hal_tiempo_lpc.o(i.hal_tiempo_iniciar_tick) refers to hal_tiempo_lpc.o(.data) for timer0_int_count
    hal_tiempo_lpc.o(i.hal_tiempo_iniciar_tick) refers to hal_tiempo_lpc.o(i.timer0_ISR) for timer0_ISR
    hal_tiempo_lpc.o(i.hal_tiempo_reloj_periodico_tick) refers to hal_tiempo_lpc.o(.data) for f_callback
    hal_tiempo_lpc.o(i.hal_tiempo_reloj_periodico_tick) refers to hal_tiempo_lpc.o(i.timer1_ISR) for timer1_ISR
    hal_tiempo_lpc.o(i.timer0_ISR) refers to hal_tiempo_lpc.o(.data) for timer0_int_count
    hal_tiempo_lpc.o(i.timer1_ISR) refers to hal_tiempo_lpc.o(.data) for f_callback
    hal_consumo_lpc.o(i.hal_consumo_dormir) refers to startup.o(.text) for switch_to_PLL
    hal_ext_int_lpc.o(i.hal_ext_int_ISR) refers to hal_ext_int_lpc.o(.data) for ext_int_callback
    hal_ext_int_lpc.o(i.hal_ext_int_iniciar) refers to hal_ext_int_lpc.o(.data) for ext_int_callback
    hal_ext_int_lpc.o(i.hal_ext_int_iniciar) refers to hal_ext_int_lpc.o(i.hal_ext_int_ISR) for hal_ext_int_ISR
    hal_wdt_lpc.o(i.hal_WDT_iniciar) refers to hal_wdt_lpc.o(i.hal_WDT_feed) for hal_WDT_feed
    hal_random_lpc.o(i.hal_random_generar) refers to rand.o(.emb_text) for rand
    hal_random_lpc.o(i.hal_random_generar) refers to aeabi_sdiv.o(.text) for __aeabi_idivmod
    hal_random_lpc.o(i.hal_random_iniciar) refers to rand.o(.text) for srand
    startup.o(STACK) refers (Special) to heapauxi.o(.text) for __use_two_region_memory
    startup.o(HEAP) refers (Special) to heapauxi.o(.text) for __use_two_region_memory
    startup.o(RESET) refers (Special) to heapauxi.o(.text) for __use_two_region_memory
    startup.o(RESET) refers to startup.o(STACK) for Stack_Top
    startup.o(RESET) refers to __main.o(!!!main) for __main
    startup.o(.text) refers (Special) to heapauxi.o(.text) for __use_two_region_memory
    startup.o(.text) refers to startup.o(HEAP) for Heap_Mem
    startup.o(.text) refers to startup.o(STACK) for Stack_Mem
    rand.o(.emb_text) refers (Special) to libinit2.o(.ARM.Collect$$libinit$$0000000D) for __rt_lib_init_rand_2
    rand.o(.emb_text) refers to rand.o(.text) for _rand_init
    rand.o(.emb_text) refers to rand.o(.bss) for _random_number_data
    rand.o(.text) refers (Special) to libinit2.o(.ARM.Collect$$libinit$$0000000D) for __rt_lib_init_rand_2
    rand.o(.text) refers to rand.o(.bss) for .bss
    rand.o(.bss) refers (Special) to libinit2.o(.ARM.Collect$$libinit$$0000000D) for __rt_lib_init_rand_2
    aeabi_sdiv.o(.text_udiv) refers to aeabi_sdiv.o(.text) for __arm_div2
    aeabi_sdiv_div0.o(.text_udiv) refers to aeabi_sdiv_div0.o(.text) for __arm_div2
    __main.o(!!!main) refers to __rtentry.o(.ARM.Collect$$rtentry$$00000000) for __rt_entry
    __rtentry.o(.ARM.Collect$$rtentry$$00000000) refers (Special) to __rtentry2.o(.ARM.Collect$$rtentry$$0000000A) for __rt_entry_li
    __rtentry.o(.ARM.Collect$$rtentry$$00000000) refers (Special) to __rtentry2.o(.ARM.Collect$$rtentry$$0000000D) for __rt_entry_main
    __rtentry.o(.ARM.Collect$$rtentry$$00000000) refers (Special) to __rtentry2.o(.ARM.Collect$$rtentry$$0000000C) for __rt_entry_postli_1
    __rtentry.o(.ARM.Collect$$rtentry$$00000000) refers (Special) to __rtentry2.o(.ARM.Collect$$rtentry$$00000009) for __rt_entry_postsh_1
    __rtentry.o(.ARM.Collect$$rtentry$$00000000) refers (Special) to __rtentry2.o(.ARM.Collect$$rtentry$$00000002) for __rt_entry_presh_1
    __rtentry.o(.ARM.Collect$$rtentry$$00000000) refers (Special) to __rtentry4.o(.ARM.Collect$$rtentry$$00000004) for __rt_entry_sh
    aeabi_idiv0_sigfpe.o(.text) refers to rt_div0.o(.text) for __rt_div0
    aeabi_ldiv0_sigfpe.o(.text) refers to rt_div0.o(.text) for __rt_div0
    libinit2.o(.ARM.Collect$$libinit$$00000001) refers to fpinit.o(x$fpl$fpinit) for _fp_init
    libinit2.o(.ARM.Collect$$libinit$$0000000D) refers (Weak) to rand.o(.text) for _rand_init
    libinit2.o(.ARM.Collect$$libinit$$00000010) refers to libinit2.o(.ARM.Collect$$libinit$$0000000F) for .ARM.Collect$$libinit$$0000000F
    libinit2.o(.ARM.Collect$$libinit$$00000012) refers to libinit2.o(.ARM.Collect$$libinit$$0000000F) for .ARM.Collect$$libinit$$0000000F
    libinit2.o(.ARM.Collect$$libinit$$00000014) refers to libinit2.o(.ARM.Collect$$libinit$$0000000F) for .ARM.Collect$$libinit$$0000000F
    libinit2.o(.ARM.Collect$$libinit$$00000016) refers to libinit2.o(.ARM.Collect$$libinit$$0000000F) for .ARM.Collect$$libinit$$0000000F
    libinit2.o(.ARM.Collect$$libinit$$00000018) refers to libinit2.o(.ARM.Collect$$libinit$$0000000F) for .ARM.Collect$$libinit$$0000000F
    libinit2.o(.ARM.Collect$$libinit$$00000026) refers to argv_veneer.o(.emb_text) for __ARM_argv_veneer
    libinit2.o(.ARM.Collect$$libinit$$00000027) refers to argv_veneer.o(.emb_text) for __ARM_argv_veneer
    __rtentry2.o(.ARM.Collect$$rtentry$$00000008) refers to boardinit2.o(.text) for _platform_post_stackheap_init
    __rtentry2.o(.ARM.Collect$$rtentry$$0000000A) refers to libinit.o(.ARM.Collect$$libinit$$00000000) for __rt_lib_init
    __rtentry2.o(.ARM.Collect$$rtentry$$0000000B) refers to boardinit3.o(.text) for _platform_post_lib_init
    __rtentry2.o(.ARM.Collect$$rtentry$$0000000D) refers to exit.o(.text) for exit
    __rtentry2.o(.ARM.Collect$$rtentry$$0000000D) refers to main.o(i.main) for main
    __rtentry2.o(.ARM.exidx) refers to __rtentry2.o(.ARM.Collect$$rtentry$$00000001) for .ARM.Collect$$rtentry$$00000001
    __rtentry2.o(.ARM.exidx) refers to __rtentry2.o(.ARM.Collect$$rtentry$$00000008) for .ARM.Collect$$rtentry$$00000008
    __rtentry2.o(.ARM.exidx) refers to __rtentry2.o(.ARM.Collect$$rtentry$$0000000A) for .ARM.Collect$$rtentry$$0000000A
    __rtentry2.o(.ARM.exidx) refers to __rtentry2.o(.ARM.Collect$$rtentry$$0000000B) for .ARM.Collect$$rtentry$$0000000B
    __rtentry2.o(.ARM.exidx) refers to __rtentry2.o(.ARM.Collect$$rtentry$$0000000D) for .ARM.Collect$$rtentry$$0000000D
    __rtentry4.o(.ARM.Collect$$rtentry$$00000004) refers to sys_stackheap_outer.o(.text) for __user_setup_stackheap
    __rtentry4.o(.ARM.exidx) refers to __rtentry4.o(.ARM.Collect$$rtentry$$00000004) for .ARM.Collect$$rtentry$$00000004
    rt_div0.o(.text) refers to defsig_fpe_outer.o(.text) for __rt_SIGFPE
    argv_veneer.o(.emb_text) refers to no_argv.o(.text) for __ARM_get_argv
    sys_stackheap_outer.o(.text) refers to libspace.o(.text) for __user_perproc_libspace
    sys_stackheap_outer.o(.text) refers to startup.o(.text) for __user_initial_stackheap
    exit.o(.text) refers to rtexit.o(.ARM.Collect$$rtexit$$00000000) for __rt_exit
    defsig_fpe_outer.o(.text) refers to defsig_fpe_inner.o(.text) for __rt_SIGFPE_inner
    defsig_fpe_outer.o(.text) refers to defsig_exit.o(.text) for __sig_exit
    defsig_fpe_formal.o(.text) refers to rt_raise.o(.text) for __rt_raise
    _get_argv_nomalloc.o(.text) refers (Special) to hrguard.o(.text) for __heap_region$guard
    _get_argv_nomalloc.o(.text) refers to defsig_rtmem_outer.o(.text) for __rt_SIGRTMEM
    _get_argv_nomalloc.o(.text) refers to sys_command.o(.text) for _sys_command_string
    libinit.o(.ARM.Collect$$libinit$$00000000) refers (Special) to libinit2.o(.ARM.Collect$$libinit$$0000002E) for __rt_lib_init_alloca_1
    libinit.o(.ARM.Collect$$libinit$$00000000) refers (Special) to libinit2.o(.ARM.Collect$$libinit$$0000002C) for __rt_lib_init_argv_1
    libinit.o(.ARM.Collect$$libinit$$00000000) refers (Special) to libinit2.o(.ARM.Collect$$libinit$$0000001B) for __rt_lib_init_atexit_1
    libinit.o(.ARM.Collect$$libinit$$00000000) refers (Special) to libinit2.o(.ARM.Collect$$libinit$$00000021) for __rt_lib_init_clock_1
    libinit.o(.ARM.Collect$$libinit$$00000000) refers (Special) to libinit2.o(.ARM.Collect$$libinit$$00000032) for __rt_lib_init_cpp_1
    libinit.o(.ARM.Collect$$libinit$$00000000) refers (Special) to libinit2.o(.ARM.Collect$$libinit$$00000030) for __rt_lib_init_exceptions_1
    libinit.o(.ARM.Collect$$libinit$$00000000) refers (Special) to libinit2.o(.ARM.Collect$$libinit$$00000002) for __rt_lib_init_fp_1
    libinit.o(.ARM.Collect$$libinit$$00000000) refers (Special) to libinit2.o(.ARM.Collect$$libinit$$0000001F) for __rt_lib_init_fp_trap_1
    libinit.o(.ARM.Collect$$libinit$$00000000) refers (Special) to libinit2.o(.ARM.Collect$$libinit$$00000023) for __rt_lib_init_getenv_1
    libinit.o(.ARM.Collect$$libinit$$00000000) refers (Special) to libinit2.o(.ARM.Collect$$libinit$$0000000A) for __rt_lib_init_heap_1
    libinit.o(.ARM.Collect$$libinit$$00000000) refers (Special) to libinit2.o(.ARM.Collect$$libinit$$00000011) for __rt_lib_init_lc_collate_1
    libinit.o(.ARM.Collect$$libinit$$00000000) refers (Special) to libinit2.o(.ARM.Collect$$libinit$$00000013) for __rt_lib_init_lc_ctype_1
    libinit.o(.ARM.Collect$$libinit$$00000000) refers (Special) to libinit2.o(.ARM.Collect$$libinit$$00000015) for __rt_lib_init_lc_monetary_1
    libinit.o(.ARM.Collect$$libinit$$00000000) refers (Special) to libinit2.o(.ARM.Collect$$libinit$$00000017) for __rt_lib_init_lc_numeric_1
    libinit.o(.ARM.Collect$$libinit$$00000000) refers (Special) to libinit2.o(.ARM.Collect$$libinit$$00000019) for __rt_lib_init_lc_time_1
    libinit.o(.ARM.Collect$$libinit$$00000000) refers (Special) to libinit2.o(.ARM.Collect$$libinit$$00000004) for __rt_lib_init_preinit_1
    libinit.o(.ARM.Collect$$libinit$$00000000) refers (Special) to libinit2.o(.ARM.Collect$$libinit$$0000000E) for __rt_lib_init_rand_1
    libinit.o(.ARM.Collect$$libinit$$00000000) refers (Special) to libinit2.o(.ARM.Collect$$libinit$$00000033) for __rt_lib_init_return
    libinit.o(.ARM.Collect$$libinit$$00000000) refers (Special) to libinit2.o(.ARM.Collect$$libinit$$0000001D) for __rt_lib_init_signal_1
    libinit.o(.ARM.Collect$$libinit$$00000000) refers (Special) to libinit2.o(.ARM.Collect$$libinit$$00000025) for __rt_lib_init_stdio_1
    libinit.o(.ARM.Collect$$libinit$$00000000) refers (Special) to libinit2.o(.ARM.Collect$$libinit$$0000000C) for __rt_lib_init_user_alloc_1
    sys_command.o(.text) refers (Special) to use_no_semi.o(.text) for __I$use$semihosting
    sys_command.o(.text) refers (Special) to indicate_semi.o(.text) for __semihosting_library_function
    libspace.o(.text) refers to libspace.o(.bss) for __libspace_start
    rtexit.o(.ARM.Collect$$rtexit$$00000000) refers (Special) to rtexit2.o(.ARM.Collect$$rtexit$$00000004) for __rt_exit_exit
    rtexit.o(.ARM.Collect$$rtexit$$00000000) refers (Special) to rtexit2.o(.ARM.Collect$$rtexit$$00000003) for __rt_exit_ls
    rtexit.o(.ARM.Collect$$rtexit$$00000000) refers (Special) to rtexit2.o(.ARM.Collect$$rtexit$$00000002) for __rt_exit_prels_1
    rtexit.o(.ARM.exidx) refers (Special) to rtexit2.o(.ARM.Collect$$rtexit$$00000004) for __rt_exit_exit
    rtexit.o(.ARM.exidx) refers (Special) to rtexit2.o(.ARM.Collect$$rtexit$$00000003) for __rt_exit_ls
    rtexit.o(.ARM.exidx) refers (Special) to rtexit2.o(.ARM.Collect$$rtexit$$00000002) for __rt_exit_prels_1
    rtexit.o(.ARM.exidx) refers to rtexit.o(.ARM.Collect$$rtexit$$00000000) for .ARM.Collect$$rtexit$$00000000
    rt_raise.o(.text) refers to __raise.o(.text) for __raise
    rt_raise.o(.text) refers to sys_exit.o(.text) for _sys_exit
    defsig_exit.o(.text) refers to sys_exit.o(.text) for _sys_exit
    defsig_fpe_inner.o(.text) refers to defsig_general.o(.text) for __default_signal_display
    defsig_rtmem_outer.o(.text) refers to defsig_rtmem_inner.o(.text) for __rt_SIGRTMEM_inner
    defsig_rtmem_outer.o(.text) refers to defsig_exit.o(.text) for __sig_exit
    defsig_rtmem_formal.o(.text) refers to rt_raise.o(.text) for __rt_raise
    sys_exit.o(.text) refers (Special) to use_no_semi.o(.text) for __I$use$semihosting
    sys_exit.o(.text) refers (Special) to indicate_semi.o(.text) for __semihosting_library_function
    rtexit2.o(.ARM.Collect$$rtexit$$00000003) refers to libshutdown.o(.ARM.Collect$$libshutdown$$00000000) for __rt_lib_shutdown
    rtexit2.o(.ARM.Collect$$rtexit$$00000004) refers to sys_exit.o(.text) for _sys_exit
    rtexit2.o(.ARM.exidx) refers to rtexit2.o(.ARM.Collect$$rtexit$$00000001) for .ARM.Collect$$rtexit$$00000001
    rtexit2.o(.ARM.exidx) refers to rtexit2.o(.ARM.Collect$$rtexit$$00000003) for .ARM.Collect$$rtexit$$00000003
    rtexit2.o(.ARM.exidx) refers to rtexit2.o(.ARM.Collect$$rtexit$$00000004) for .ARM.Collect$$rtexit$$00000004
    __raise.o(.text) refers to __raise.o(i.__ARM_common_call_via_r2) for __ARM_common_call_via_r2
    __raise.o(.text) refers to defsig.o(CL$$defsig) for __default_signal_handler
    defsig_general.o(.text) refers to sys_wrch.o(.text) for _ttywrch
    defsig_rtmem_inner.o(.text) refers to defsig_general.o(.text) for __default_signal_display
    sys_wrch.o(.text) refers (Special) to use_no_semi.o(.text) for __I$use$semihosting
    sys_wrch.o(.text) refers (Special) to indicate_semi.o(.text) for __semihosting_library_function
    defsig.o(CL$$defsig) refers to defsig_fpe_inner.o(.text) for __rt_SIGFPE_inner
    defsig.o(CL$$defsig) refers to defsig_rtmem_inner.o(.text) for __rt_SIGRTMEM_inner
    libshutdown.o(.ARM.Collect$$libshutdown$$00000000) refers (Special) to libshutdown2.o(.ARM.Collect$$libshutdown$$00000002) for __rt_lib_shutdown_cpp_1
    libshutdown.o(.ARM.Collect$$libshutdown$$00000000) refers (Special) to libshutdown2.o(.ARM.Collect$$libshutdown$$00000007) for __rt_lib_shutdown_fp_trap_1
    libshutdown.o(.ARM.Collect$$libshutdown$$00000000) refers (Special) to libshutdown2.o(.ARM.Collect$$libshutdown$$0000000F) for __rt_lib_shutdown_heap_1
    libshutdown.o(.ARM.Collect$$libshutdown$$00000000) refers (Special) to libshutdown2.o(.ARM.Collect$$libshutdown$$00000010) for __rt_lib_shutdown_return
    libshutdown.o(.ARM.Collect$$libshutdown$$00000000) refers (Special) to libshutdown2.o(.ARM.Collect$$libshutdown$$0000000A) for __rt_lib_shutdown_signal_1
    libshutdown.o(.ARM.Collect$$libshutdown$$00000000) refers (Special) to libshutdown2.o(.ARM.Collect$$libshutdown$$00000004) for __rt_lib_shutdown_stdio_1
    libshutdown.o(.ARM.Collect$$libshutdown$$00000000) refers (Special) to libshutdown2.o(.ARM.Collect$$libshutdown$$0000000C) for __rt_lib_shutdown_user_alloc_1
    defsig_abrt_inner.o(.text) refers to defsig_general.o(.text) for __default_signal_display
    defsig_rtred_inner.o(.text) refers to defsig_general.o(.text) for __default_signal_display
    defsig_stak_inner.o(.text) refers to defsig_general.o(.text) for __default_signal_display
    defsig_pvfn_inner.o(.text) refers to defsig_general.o(.text) for __default_signal_display
    defsig_cppl_inner.o(.text) refers to defsig_general.o(.text) for __default_signal_display
    defsig_segv_inner.o(.text) refers to defsig_general.o(.text) for __default_signal_display
    defsig_other.o(.text) refers to defsig_general.o(.text) for __default_signal_display


==============================================================================

Removing Unused input sections from the image.

    Removing drv_leds.o(i.drv_led_conmutar), (76 bytes).
    Removing drv_leds.o(.data), (32 bytes).
    Removing drv_tiempo.o(i.drv_tiempo_esperar_hasta_ms), (36 bytes).
    Removing drv_tiempo.o(i.drv_tiempo_esperar_ms), (44 bytes).
    Removing rt_fifo.o(i.rt_FIFO_estadisticas), (36 bytes).
    Removing rt_fifo.o(i.verificar_insertar_extraer_en_cola), (280 bytes).
    Removing rt_fifo.o(i.verificar_overflow_cola), (44 bytes).
    Removing drv_monitor.o(.data), (32 bytes).
    Removing rt_ge.o(i.svc_GE_cancelar), (140 bytes).
    Removing test.o(i.leds_c), (28 bytes).
    Removing test.o(i.pruebas_botones), (96 bytes).
    Removing test.o(i.test_WDT), (24 bytes).
    Removing test.o(i.test_alarmas), (108 bytes).
    Removing test.o(i.test_rt_FIFO), (24 bytes).
    Removing test.o(.data), (32 bytes).
    Removing hal_gpio_lpc.o(i.hal_gpio_escribir_n), (76 bytes).
    Removing hal_gpio_lpc.o(i.hal_gpio_leer), (52 bytes).
    Removing hal_gpio_lpc.o(i.hal_gpio_leer_n), (44 bytes).
    Removing hal_gpio_lpc.o(i.hal_gpio_sentido_n), (92 bytes).
    Removing hal_ext_int_lpc.o(i.hal_deshabilitar_despertar), (100 bytes).
    Removing hal_ext_int_lpc.o(i.hal_habilitar_despertar), (100 bytes).
    Removing hal_random_lpc.o(i.hal_random_generar), (68 bytes).
    Removing hal_random_lpc.o(i.hal_random_iniciar), (24 bytes).

23 unused section(s) (total 1588 bytes) removed from the image.

==============================================================================

Adding Veneers to the image

    Adding AT veneer (8 bytes, Inline) for call to '__rt_lib_init' from __rtentry2.o(.ARM.Collect$$rtentry$$0000000A).
    Adding AT veneer (8 bytes, Inline) for call to '__rt_lib_shutdown' from rtexit2.o(.ARM.Collect$$rtexit$$00000003).
    Adding TA veneer (4 bytes, Inline) for call to '__rt_exit' from exit.o(.text).
    Adding AT veneer (8 bytes, Inline) for call to '_sys_exit' from rtexit2.o(.ARM.Collect$$rtexit$$00000004).

4 Veneer(s) (total 28 bytes) added to the image.

==============================================================================

Image Symbol Table

    Local Symbols

    Symbol Name                              Value     Ov Type        Size  Object(Section)

    RESET                                    0x00000000   Section      272  startup.o(RESET)
    ../clib/angel/boardlib.s                 0x00000000   Number         0  boardshut.o ABSOLUTE
    ../clib/angel/boardlib.s                 0x00000000   Number         0  boardinit3.o ABSOLUTE
    ../clib/angel/boardlib.s                 0x00000000   Number         0  boardinit2.o ABSOLUTE
    ../clib/angel/boardlib.s                 0x00000000   Number         0  boardinit1.o ABSOLUTE
    ../clib/angel/handlers.s                 0x00000000   Number         0  __scatter_copy.o ABSOLUTE
    ../clib/angel/handlers.s                 0x00000000   Number         0  __scatter_zi.o ABSOLUTE
    ../clib/angel/kernel.s                   0x00000000   Number         0  rtexit.o ABSOLUTE
    ../clib/angel/kernel.s                   0x00000000   Number         0  __rtentry.o ABSOLUTE
    ../clib/angel/kernel.s                   0x00000000   Number         0  __rtentry4.o ABSOLUTE
    ../clib/angel/kernel.s                   0x00000000   Number         0  __rtentry2.o ABSOLUTE
    ../clib/angel/kernel.s                   0x00000000   Number         0  rtexit2.o ABSOLUTE
    ../clib/angel/rt.s                       0x00000000   Number         0  aeabi_ldiv0_sigfpe.o ABSOLUTE
    ../clib/angel/rt.s                       0x00000000   Number         0  aeabi_ldiv0.o ABSOLUTE
    ../clib/angel/rt.s                       0x00000000   Number         0  aeabi_idiv0_sigfpe.o ABSOLUTE
    ../clib/angel/rt.s                       0x00000000   Number         0  aeabi_idiv0.o ABSOLUTE
    ../clib/angel/rt.s                       0x00000000   Number         0  rt_raise.o ABSOLUTE
    ../clib/angel/rt.s                       0x00000000   Number         0  rt_div0.o ABSOLUTE
    ../clib/angel/scatter.s                  0x00000000   Number         0  __scatter.o ABSOLUTE
    ../clib/angel/startup.s                  0x00000000   Number         0  __main.o ABSOLUTE
    ../clib/angel/sys.s                      0x00000000   Number         0  sys_stackheap_outer.o ABSOLUTE
    ../clib/angel/sys.s                      0x00000000   Number         0  libspace.o ABSOLUTE
    ../clib/angel/sys.s                      0x00000000   Number         0  indicate_semi.o ABSOLUTE
    ../clib/angel/sys.s                      0x00000000   Number         0  use_no_semi.o ABSOLUTE
    ../clib/angel/sysapp.c                   0x00000000   Number         0  sys_exit.o ABSOLUTE
    ../clib/angel/sysapp.c                   0x00000000   Number         0  sys_wrch.o ABSOLUTE
    ../clib/angel/sysapp.c                   0x00000000   Number         0  sys_command.o ABSOLUTE
    ../clib/armsys.c                         0x00000000   Number         0  argv_veneer.o ABSOLUTE
    ../clib/armsys.c                         0x00000000   Number         0  argv_veneer.o ABSOLUTE
    ../clib/armsys.c                         0x00000000   Number         0  _get_argv_nomalloc.o ABSOLUTE
    ../clib/armsys.c                         0x00000000   Number         0  no_argv.o ABSOLUTE
    ../clib/division.s                       0x00000000   Number         0  aeabi_sdiv.o ABSOLUTE
    ../clib/division.s                       0x00000000   Number         0  aeabi_sdiv_div0.o ABSOLUTE
    ../clib/divrt.s                          0x00000000   Number         0  divrt_7tdmi_div0.o ABSOLUTE
    ../clib/divrt.s                          0x00000000   Number         0  divrt_7tdmi.o ABSOLUTE
    ../clib/heapalloc.c                      0x00000000   Number         0  hrguard.o ABSOLUTE
    ../clib/heapaux.c                        0x00000000   Number         0  heapauxi.o ABSOLUTE
    ../clib/libinit.s                        0x00000000   Number         0  libshutdown2.o ABSOLUTE
    ../clib/libinit.s                        0x00000000   Number         0  libinit2.o ABSOLUTE
    ../clib/libinit.s                        0x00000000   Number         0  libinit.o ABSOLUTE
    ../clib/libinit.s                        0x00000000   Number         0  libshutdown.o ABSOLUTE
    ../clib/longlong.s                       0x00000000   Number         0  lludiv.o ABSOLUTE
    ../clib/memcpset.s                       0x00000000   Number         0  rt_memcpy_w.o ABSOLUTE
    ../clib/signal.c                         0x00000000   Number         0  __raise.o ABSOLUTE
    ../clib/signal.c                         0x00000000   Number         0  defsig_cppl_inner.o ABSOLUTE
    ../clib/signal.c                         0x00000000   Number         0  defsig_abrt_inner.o ABSOLUTE
    ../clib/signal.c                         0x00000000   Number         0  defsig_rtmem_formal.o ABSOLUTE
    ../clib/signal.c                         0x00000000   Number         0  defsig_rtmem_outer.o ABSOLUTE
    ../clib/signal.c                         0x00000000   Number         0  defsig_fpe_inner.o ABSOLUTE
    ../clib/signal.c                         0x00000000   Number         0  defsig_exit.o ABSOLUTE
    ../clib/signal.c                         0x00000000   Number         0  defsig_segv_inner.o ABSOLUTE
    ../clib/signal.c                         0x00000000   Number         0  defsig_rtred_inner.o ABSOLUTE
    ../clib/signal.c                         0x00000000   Number         0  defsig_other.o ABSOLUTE
    ../clib/signal.c                         0x00000000   Number         0  defsig_fpe_formal.o ABSOLUTE
    ../clib/signal.c                         0x00000000   Number         0  defsig_rtmem_inner.o ABSOLUTE
    ../clib/signal.c                         0x00000000   Number         0  defsig_general.o ABSOLUTE
    ../clib/signal.c                         0x00000000   Number         0  defsig_fpe_outer.o ABSOLUTE
    ../clib/signal.c                         0x00000000   Number         0  defsig_stak_inner.o ABSOLUTE
    ../clib/signal.c                         0x00000000   Number         0  defsig_pvfn_inner.o ABSOLUTE
    ../clib/signal.s                         0x00000000   Number         0  defsig.o ABSOLUTE
    ../clib/stdlib.c                         0x00000000   Number         0  rand.o ABSOLUTE
    ../clib/stdlib.c                         0x00000000   Number         0  rand.o ABSOLUTE
    ../clib/stdlib.c                         0x00000000   Number         0  exit.o ABSOLUTE
    ../fplib/fpinit.s                        0x00000000   Number         0  fpinit.o ABSOLUTE
    ..\..\src\Counter_strike.c               0x00000000   Number         0  counter_strike.o ABSOLUTE
    ..\..\src\drv_SC.c                       0x00000000   Number         0  drv_sc.o ABSOLUTE
    ..\..\src\drv_botones.c                  0x00000000   Number         0  drv_botones.o ABSOLUTE
    ..\..\src\drv_consumo.c                  0x00000000   Number         0  drv_consumo.o ABSOLUTE
    ..\..\src\drv_leds.c                     0x00000000   Number         0  drv_leds.o ABSOLUTE
    ..\..\src\drv_monitor.c                  0x00000000   Number         0  drv_monitor.o ABSOLUTE
    ..\..\src\drv_tiempo.c                   0x00000000   Number         0  drv_tiempo.o ABSOLUTE
    ..\..\src\main.c                         0x00000000   Number         0  main.o ABSOLUTE
    ..\..\src\rt_GE.c                        0x00000000   Number         0  rt_ge.o ABSOLUTE
    ..\..\src\rt_fifo.c                      0x00000000   Number         0  rt_fifo.o ABSOLUTE
    ..\..\src\srv_alarm.c                    0x00000000   Number         0  srv_alarm.o ABSOLUTE
    ..\..\src\test.c                         0x00000000   Number         0  test.o ABSOLUTE
    ..\src_lpc\Startup.s                     0x00000000   Number         0  startup.o ABSOLUTE
    ..\src_lpc\hal_WDT_lpc.c                 0x00000000   Number         0  hal_wdt_lpc.o ABSOLUTE
    ..\src_lpc\hal_consumo_lpc.c             0x00000000   Number         0  hal_consumo_lpc.o ABSOLUTE
    ..\src_lpc\hal_ext_int_lpc.c             0x00000000   Number         0  hal_ext_int_lpc.o ABSOLUTE
    ..\src_lpc\hal_gpio_lpc.c                0x00000000   Number         0  hal_gpio_lpc.o ABSOLUTE
    ..\src_lpc\hal_random_lpc.c              0x00000000   Number         0  hal_random_lpc.o ABSOLUTE
    ..\src_lpc\hal_tiempo_lpc.c              0x00000000   Number         0  hal_tiempo_lpc.o ABSOLUTE
    dc.s                                     0x00000000   Number         0  dc.o ABSOLUTE
    Undef_Handler                            0x00000040   ARM Code       4  startup.o(RESET)
    SWI_Handler                              0x00000044   ARM Code       4  startup.o(RESET)
    PAbt_Handler                             0x00000048   ARM Code       4  startup.o(RESET)
    DAbt_Handler                             0x0000004c   ARM Code       4  startup.o(RESET)
    IRQ_Handler                              0x00000050   ARM Code       4  startup.o(RESET)
    FIQ_Handler                              0x00000054   ARM Code       4  startup.o(RESET)
    !!!main                                  0x00000110   Section        8  __main.o(!!!main)
    !!!scatter                               0x00000118   Section       60  __scatter.o(!!!scatter)
    !!handler_copy                           0x00000154   Section       40  __scatter_copy.o(!!handler_copy)
    !!handler_zi                             0x0000017c   Section       44  __scatter_zi.o(!!handler_zi)
    .ARM.Collect$$libinit$$00000000          0x000001b0   Section        2  libinit.o(.ARM.Collect$$libinit$$00000000)
    .ARM.Collect$$libinit$$00000002          0x000001b2   Section        0  libinit2.o(.ARM.Collect$$libinit$$00000002)
    .ARM.Collect$$libinit$$00000004          0x000001b2   Section        0  libinit2.o(.ARM.Collect$$libinit$$00000004)
    .ARM.Collect$$libinit$$0000000A          0x000001b2   Section        0  libinit2.o(.ARM.Collect$$libinit$$0000000A)
    .ARM.Collect$$libinit$$0000000C          0x000001b2   Section        0  libinit2.o(.ARM.Collect$$libinit$$0000000C)
    .ARM.Collect$$libinit$$0000000E          0x000001b2   Section        0  libinit2.o(.ARM.Collect$$libinit$$0000000E)
    .ARM.Collect$$libinit$$00000011          0x000001b2   Section        0  libinit2.o(.ARM.Collect$$libinit$$00000011)
    .ARM.Collect$$libinit$$00000013          0x000001b2   Section        0  libinit2.o(.ARM.Collect$$libinit$$00000013)
    .ARM.Collect$$libinit$$00000015          0x000001b2   Section        0  libinit2.o(.ARM.Collect$$libinit$$00000015)
    .ARM.Collect$$libinit$$00000017          0x000001b2   Section        0  libinit2.o(.ARM.Collect$$libinit$$00000017)
    .ARM.Collect$$libinit$$00000019          0x000001b2   Section        0  libinit2.o(.ARM.Collect$$libinit$$00000019)
    .ARM.Collect$$libinit$$0000001B          0x000001b2   Section        0  libinit2.o(.ARM.Collect$$libinit$$0000001B)
    .ARM.Collect$$libinit$$0000001D          0x000001b2   Section        0  libinit2.o(.ARM.Collect$$libinit$$0000001D)
    .ARM.Collect$$libinit$$0000001F          0x000001b2   Section        0  libinit2.o(.ARM.Collect$$libinit$$0000001F)
    .ARM.Collect$$libinit$$00000021          0x000001b2   Section        0  libinit2.o(.ARM.Collect$$libinit$$00000021)
    .ARM.Collect$$libinit$$00000023          0x000001b2   Section        0  libinit2.o(.ARM.Collect$$libinit$$00000023)
    .ARM.Collect$$libinit$$00000025          0x000001b2   Section        0  libinit2.o(.ARM.Collect$$libinit$$00000025)
    .ARM.Collect$$libinit$$0000002C          0x000001b2   Section        0  libinit2.o(.ARM.Collect$$libinit$$0000002C)
    .ARM.Collect$$libinit$$0000002E          0x000001b2   Section        0  libinit2.o(.ARM.Collect$$libinit$$0000002E)
    .ARM.Collect$$libinit$$00000030          0x000001b2   Section        0  libinit2.o(.ARM.Collect$$libinit$$00000030)
    .ARM.Collect$$libinit$$00000032          0x000001b2   Section        0  libinit2.o(.ARM.Collect$$libinit$$00000032)
    .ARM.Collect$$libinit$$00000033          0x000001b2   Section       12  libinit2.o(.ARM.Collect$$libinit$$00000033)
    .ARM.Collect$$libshutdown$$00000000      0x000001c8   Section        4  libshutdown.o(.ARM.Collect$$libshutdown$$00000000)
    .ARM.Collect$$libshutdown$$00000002      0x000001cc   Section        0  libshutdown2.o(.ARM.Collect$$libshutdown$$00000002)
    .ARM.Collect$$libshutdown$$00000004      0x000001cc   Section        0  libshutdown2.o(.ARM.Collect$$libshutdown$$00000004)
    .ARM.Collect$$libshutdown$$00000007      0x000001cc   Section        0  libshutdown2.o(.ARM.Collect$$libshutdown$$00000007)
    .ARM.Collect$$libshutdown$$0000000A      0x000001cc   Section        0  libshutdown2.o(.ARM.Collect$$libshutdown$$0000000A)
    .ARM.Collect$$libshutdown$$0000000C      0x000001cc   Section        0  libshutdown2.o(.ARM.Collect$$libshutdown$$0000000C)
    .ARM.Collect$$libshutdown$$0000000F      0x000001cc   Section        0  libshutdown2.o(.ARM.Collect$$libshutdown$$0000000F)
    .ARM.Collect$$libshutdown$$00000010      0x000001cc   Section        6  libshutdown2.o(.ARM.Collect$$libshutdown$$00000010)
    .ARM.Collect$$rtentry$$00000000          0x000001d4   Section        0  __rtentry.o(.ARM.Collect$$rtentry$$00000000)
    .ARM.Collect$$rtentry$$00000002          0x000001d4   Section        0  __rtentry2.o(.ARM.Collect$$rtentry$$00000002)
    .ARM.Collect$$rtentry$$00000004          0x000001d4   Section        8  __rtentry4.o(.ARM.Collect$$rtentry$$00000004)
    .ARM.Collect$$rtentry$$00000009          0x000001dc   Section        0  __rtentry2.o(.ARM.Collect$$rtentry$$00000009)
    .ARM.Collect$$rtentry$$0000000A          0x000001dc   Section        4  __rtentry2.o(.ARM.Collect$$rtentry$$0000000A)
    .ARM.Collect$$rtentry$$0000000C          0x000001e0   Section        0  __rtentry2.o(.ARM.Collect$$rtentry$$0000000C)
    .ARM.Collect$$rtentry$$0000000D          0x000001e0   Section       40  __rtentry2.o(.ARM.Collect$$rtentry$$0000000D)
    .ARM.Collect$$rtexit$$00000000           0x0000020c   Section        4  rtexit.o(.ARM.Collect$$rtexit$$00000000)
    .ARM.Collect$$rtexit$$00000002           0x00000210   Section        0  rtexit2.o(.ARM.Collect$$rtexit$$00000002)
    .ARM.Collect$$rtexit$$00000003           0x00000210   Section        4  rtexit2.o(.ARM.Collect$$rtexit$$00000003)
    .ARM.Collect$$rtexit$$00000004           0x00000214   Section        8  rtexit2.o(.ARM.Collect$$rtexit$$00000004)
    .text                                    0x0000021c   Section      104  startup.o(.text)
    .text                                    0x00000284   Section      720  lludiv.o(.text)
    .text                                    0x00000554   Section      100  rt_memcpy_w.o(.text)
    .text                                    0x000005b8   Section        0  heapauxi.o(.text)
    .text                                    0x000005c0   Section       96  sys_stackheap_outer.o(.text)
    .text                                    0x00000620   Section        0  exit.o(.text)
    .text                                    0x00000634   Section       12  libspace.o(.text)
    .text                                    0x00000648   Section        0  sys_exit.o(.text)
    .text                                    0x00000654   Section        4  use_no_semi.o(.text)
    .text                                    0x00000658   Section        0  indicate_semi.o(.text)
    i.boton_equivalente_pin                  0x00000658   Section        0  drv_botones.o(i.boton_equivalente_pin)
    i.boton_pulsado                          0x00000694   Section        0  drv_botones.o(i.boton_pulsado)
    i.drv_SC_entrar_disable_irq              0x000006c0   Section        0  drv_sc.o(i.drv_SC_entrar_disable_irq)
    i.drv_SC_salir_enable_irq                0x000006f0   Section        0  drv_sc.o(i.drv_SC_salir_enable_irq)
    i.drv_botones_iniciar                    0x00000728   Section        0  drv_botones.o(i.drv_botones_iniciar)
    i.drv_botones_tratar                     0x000007b8   Section        0  drv_botones.o(i.drv_botones_tratar)
    i.drv_consumo_dormir                     0x00000930   Section        0  drv_consumo.o(i.drv_consumo_dormir)
    i.drv_consumo_esperar                    0x0000095c   Section        0  drv_consumo.o(i.drv_consumo_esperar)
    i.drv_consumo_iniciar                    0x000009fc   Section        0  drv_consumo.o(i.drv_consumo_iniciar)
    i.drv_led_apagar                         0x00000a3c   Section        0  drv_leds.o(i.drv_led_apagar)
    i.drv_led_encender                       0x00000a74   Section        0  drv_leds.o(i.drv_led_encender)
    i.drv_leds_iniciar                       0x00000aac   Section        0  drv_leds.o(i.drv_leds_iniciar)
    i.drv_monitor_desmarcar                  0x00000aec   Section        0  drv_monitor.o(i.drv_monitor_desmarcar)
    i.drv_monitor_iniciar                    0x00000b24   Section        0  drv_monitor.o(i.drv_monitor_iniciar)
    i.drv_monitor_marcar                     0x00000b2c   Section        0  drv_monitor.o(i.drv_monitor_marcar)
    i.drv_tiempo_actual_ms                   0x00000b64   Section        0  drv_tiempo.o(i.drv_tiempo_actual_ms)
    i.drv_tiempo_actual_us                   0x00000b90   Section        0  drv_tiempo.o(i.drv_tiempo_actual_us)
    i.drv_tiempo_iniciar                     0x00000bf0   Section        0  drv_tiempo.o(i.drv_tiempo_iniciar)
    i.drv_tiempo_periodico_ms                0x00000c0c   Section        0  drv_tiempo.o(i.drv_tiempo_periodico_ms)
    i.esEventoUsuario                        0x00000c64   Section        0  rt_ge.o(i.esEventoUsuario)
    i.f_callback_driver                      0x00000ca0   Section        0  drv_tiempo.o(i.f_callback_driver)
    i.f_callback_drv                         0x00000cd8   Section        0  drv_botones.o(i.f_callback_drv)
    i.hal_WDT_feed                           0x00000d38   Section        0  hal_wdt_lpc.o(i.hal_WDT_feed)
    i.hal_WDT_iniciar                        0x00000d50   Section        0  hal_wdt_lpc.o(i.hal_WDT_iniciar)
    i.hal_consumo_dormir                     0x00000d80   Section        0  hal_consumo_lpc.o(i.hal_consumo_dormir)
    i.hal_consumo_esperar                    0x00000db0   Section        0  hal_consumo_lpc.o(i.hal_consumo_esperar)
    i.hal_consumo_iniciar                    0x00000dcc   Section        0  hal_consumo_lpc.o(i.hal_consumo_iniciar)
    i.hal_deshabilitar_int                   0x00000dd0   Section        0  hal_ext_int_lpc.o(i.hal_deshabilitar_int)
    i.hal_ext_int_ISR                        0x00000e30   Section        0  hal_ext_int_lpc.o(i.hal_ext_int_ISR)
    i.hal_ext_int_iniciar                    0x00000f20   Section        0  hal_ext_int_lpc.o(i.hal_ext_int_iniciar)
    i.hal_ext_int_leer                       0x00000fb4   Section        0  hal_ext_int_lpc.o(i.hal_ext_int_leer)
    i.hal_ext_int_limpiar                    0x00001018   Section        0  hal_ext_int_lpc.o(i.hal_ext_int_limpiar)
    i.hal_gpio_escribir                      0x0000102c   Section        0  hal_gpio_lpc.o(i.hal_gpio_escribir)
    i.hal_gpio_iniciar                       0x0000105c   Section        0  hal_gpio_lpc.o(i.hal_gpio_iniciar)
    i.hal_gpio_sentido                       0x00001070   Section        0  hal_gpio_lpc.o(i.hal_gpio_sentido)
    i.hal_habilitar_int                      0x000010bc   Section        0  hal_ext_int_lpc.o(i.hal_habilitar_int)
    i.hal_tiempo_actual_tick                 0x0000111c   Section        0  hal_tiempo_lpc.o(i.hal_tiempo_actual_tick)
    i.hal_tiempo_iniciar_tick                0x00001158   Section        0  hal_tiempo_lpc.o(i.hal_tiempo_iniciar_tick)
    i.hal_tiempo_reloj_periodico_tick        0x000011c4   Section        0  hal_tiempo_lpc.o(i.hal_tiempo_reloj_periodico_tick)
    i.iniciar_juego                          0x0000124c   Section        0  counter_strike.o(i.iniciar_juego)
    i.juego                                  0x000012d4   Section        0  counter_strike.o(i.juego)
    i.main                                   0x000013f0   Section        0  main.o(i.main)
    i.rt_FIFO_encolar                        0x00001410   Section        0  rt_fifo.o(i.rt_FIFO_encolar)
    i.rt_FIFO_extraer                        0x00001528   Section        0  rt_fifo.o(i.rt_FIFO_extraer)
    i.rt_FIFO_inicializar                    0x000015ec   Section        0  rt_fifo.o(i.rt_FIFO_inicializar)
    i.rt_GE_iniciar                          0x00001668   Section        0  rt_ge.o(i.rt_GE_iniciar)
    i.rt_GE_lanzador                         0x000016f4   Section        0  rt_ge.o(i.rt_GE_lanzador)
    i.rt_GE_tratar                           0x0000179c   Section        0  rt_ge.o(i.rt_GE_tratar)
    i.svc_GE_suscribir                       0x000017f0   Section        0  rt_ge.o(i.svc_GE_suscribir)
    i.svc_alarma_activar                     0x000018a8   Section        0  srv_alarm.o(i.svc_alarma_activar)
    i.svc_alarma_codificar                   0x00001aa8   Section        0  srv_alarm.o(i.svc_alarma_codificar)
    i.svc_alarma_iniciar                     0x00001ac0   Section        0  srv_alarm.o(i.svc_alarma_iniciar)
    i.svc_alarma_tratar                      0x00001b50   Section        0  srv_alarm.o(i.svc_alarma_tratar)
    i.timer0_ISR                             0x00001c9c   Section        0  hal_tiempo_lpc.o(i.timer0_ISR)
    i.timer1_ISR                             0x00001cd8   Section        0  hal_tiempo_lpc.o(i.timer1_ISR)
    .constdata                               0x00001d10   Section        4  drv_leds.o(.constdata)
    led_list                                 0x00001d10   Data           4  drv_leds.o(.constdata)
    .constdata                               0x00001d14   Section        4  drv_monitor.o(.constdata)
    monitors_list                            0x00001d14   Data           4  drv_monitor.o(.constdata)
    .data                                    0x40000000   Section       16  drv_tiempo.o(.data)
    HAL_TICKS2US_T0                          0x40000000   Data           4  drv_tiempo.o(.data)
    HAL_TICKS2US_T1                          0x40000004   Data           4  drv_tiempo.o(.data)
    f_callback                               0x40000008   Data           4  drv_tiempo.o(.data)
    ID_EVENTO                                0x4000000c   Data           4  drv_tiempo.o(.data)
    .data                                    0x40000010   Section       12  rt_fifo.o(.data)
    siguiente_a_tratar                       0x40000010   Data           1  rt_fifo.o(.data)
    indice_cola                              0x40000011   Data           1  rt_fifo.o(.data)
    MON_OVERFLOW                             0x40000014   Data           4  rt_fifo.o(.data)
    eventos_sin_tratar                       0x40000018   Data           4  rt_fifo.o(.data)
    .data                                    0x4000001c   Section       44  drv_consumo.o(.data)
    leds_juego                               0x4000001c   Data          32  drv_consumo.o(.data)
    NUM_MONITORES                            0x4000003c   Data           4  drv_consumo.o(.data)
    MON_WAIT                                 0x40000040   Data           4  drv_consumo.o(.data)
    MON_DORMIR                               0x40000044   Data           4  drv_consumo.o(.data)
    .data                                    0x40000048   Section        8  rt_ge.o(.data)
    monitor_overflow                         0x4000004c   Data           4  rt_ge.o(.data)
    .data                                    0x40000050   Section       12  srv_alarm.o(.data)
    indicador_overflow                       0x40000050   Data           4  srv_alarm.o(.data)
    callback_funcion                         0x40000054   Data           4  srv_alarm.o(.data)
    num_alarmas                              0x40000058   Data           4  srv_alarm.o(.data)
    .data                                    0x4000005c   Section       52  drv_botones.o(.data)
    leds_juego                               0x4000005c   Data          32  drv_botones.o(.data)
    button_list                              0x40000080   Data          12  drv_botones.o(.data)
    f_callback                               0x4000008c   Data           4  drv_botones.o(.data)
    .data                                    0x40000090   Section        4  drv_sc.o(.data)
    m_in_critical_region                     0x40000090   Data           4  drv_sc.o(.data)
    .data                                    0x40000094   Section       40  counter_strike.o(.data)
    leds_juego                               0x40000094   Data          32  counter_strike.o(.data)
    pos_led                                  0x400000b8   Data           4  counter_strike.o(.data)
    .data                                    0x400000bc   Section        8  hal_tiempo_lpc.o(.data)
    timer0_int_count                         0x400000bc   Data           4  hal_tiempo_lpc.o(.data)
    f_callback                               0x400000c0   Data           4  hal_tiempo_lpc.o(.data)
    .data                                    0x400000c4   Section        4  hal_ext_int_lpc.o(.data)
    ext_int_callback                         0x400000c4   Data           4  hal_ext_int_lpc.o(.data)
    .bss                                     0x400000c8   Section     1048  rt_fifo.o(.bss)
    cola                                     0x400000c8   Data        1024  rt_fifo.o(.bss)
    stats                                    0x400004c8   Data          24  rt_fifo.o(.bss)
    .bss                                     0x400004e0   Section      120  rt_ge.o(.bss)
    gestor_eventos                           0x400004e0   Data         120  rt_ge.o(.bss)
    .bss                                     0x40000558   Section       80  srv_alarm.o(.bss)
    lista_alarmas                            0x40000558   Data          80  srv_alarm.o(.bss)
    .bss                                     0x400005a8   Section       96  libspace.o(.bss)
    HEAP                                     0x40000608   Section        0  startup.o(HEAP)
    STACK                                    0x40000608   Section     2176  startup.o(STACK)
    Heap_Mem                                 0x40000608   Data           0  startup.o(HEAP)
    Stack_Mem                                0x40000608   Data        1024  startup.o(STACK)
    Stack_Top                                0x40000e88   Data           0  startup.o(STACK)

    Global Symbols

    Symbol Name                              Value     Ov Type        Size  Object(Section)

    BuildAttributes$$THM_ISAv1$ARM_ISAv4$S$PE$A:L22$X:L11$S22$IEEE1$IW$USESV6$~STKCKD$USESV7$~SHL$OSPACE$ROPI$EBA8$UX$STANDARDLIB$REQ8$PRES8$EABIv2 0x00000000   Number         0  anon$$obj.o ABSOLUTE
    __ARM_use_no_argv                        0x00000000   Number         0  main.o ABSOLUTE
    __ARM_exceptions_init                     - Undefined Weak Reference
    __alloca_initialize                       - Undefined Weak Reference
    __arm_preinit_                            - Undefined Weak Reference
    __cpp_initialize__aeabi_                  - Undefined Weak Reference
    __cxa_finalize                            - Undefined Weak Reference
    __rt_locale                               - Undefined Weak Reference
    __sigvec_lookup                           - Undefined Weak Reference
    _atexit_init                              - Undefined Weak Reference
    _call_atexit_fns                          - Undefined Weak Reference
    _clock_init                               - Undefined Weak Reference
    _fp_trap_init                             - Undefined Weak Reference
    _fp_trap_shutdown                         - Undefined Weak Reference
    _get_lc_collate                           - Undefined Weak Reference
    _get_lc_ctype                             - Undefined Weak Reference
    _get_lc_monetary                          - Undefined Weak Reference
    _get_lc_numeric                           - Undefined Weak Reference
    _get_lc_time                              - Undefined Weak Reference
    _getenv_init                              - Undefined Weak Reference
    _handle_redirection                       - Undefined Weak Reference
    _init_alloc                               - Undefined Weak Reference
    _init_user_alloc                          - Undefined Weak Reference
    _initio                                   - Undefined Weak Reference
    _signal_finish                            - Undefined Weak Reference
    _signal_init                              - Undefined Weak Reference
    _terminate_alloc                          - Undefined Weak Reference
    _terminate_user_alloc                     - Undefined Weak Reference
    _terminateio                              - Undefined Weak Reference
    Reset_Handler                            0x00000058   ARM Code       0  startup.o(RESET)
    __main                                   0x00000110   ARM Code       8  __main.o(!!!main)
    __scatterload                            0x00000118   ARM Code       0  __scatter.o(!!!scatter)
    __scatterload_rt2                        0x00000118   ARM Code      52  __scatter.o(!!!scatter)
    __scatterload_null                       0x0000012c   ARM Code       0  __scatter.o(!!!scatter)
    __scatterload_copy                       0x00000154   ARM Code      40  __scatter_copy.o(!!handler_copy)
    __scatterload_zeroinit                   0x0000017c   ARM Code      44  __scatter_zi.o(!!handler_zi)
    Inline ARM to Thumb Veneer to __rt_lib_init 0x000001a8   ARM Code       8  libinit.o(.ARM.Collect$$libinit$$00000000)
    __rt_lib_init                            0x000001b1   Thumb Code     0  libinit.o(.ARM.Collect$$libinit$$00000000)
    __rt_lib_init_alloca_1                   0x000001b3   Thumb Code     0  libinit2.o(.ARM.Collect$$libinit$$0000002E)
    __rt_lib_init_argv_1                     0x000001b3   Thumb Code     0  libinit2.o(.ARM.Collect$$libinit$$0000002C)
    __rt_lib_init_atexit_1                   0x000001b3   Thumb Code     0  libinit2.o(.ARM.Collect$$libinit$$0000001B)
    __rt_lib_init_clock_1                    0x000001b3   Thumb Code     0  libinit2.o(.ARM.Collect$$libinit$$00000021)
    __rt_lib_init_cpp_1                      0x000001b3   Thumb Code     0  libinit2.o(.ARM.Collect$$libinit$$00000032)
    __rt_lib_init_exceptions_1               0x000001b3   Thumb Code     0  libinit2.o(.ARM.Collect$$libinit$$00000030)
    __rt_lib_init_fp_1                       0x000001b3   Thumb Code     0  libinit2.o(.ARM.Collect$$libinit$$00000002)
    __rt_lib_init_fp_trap_1                  0x000001b3   Thumb Code     0  libinit2.o(.ARM.Collect$$libinit$$0000001F)
    __rt_lib_init_getenv_1                   0x000001b3   Thumb Code     0  libinit2.o(.ARM.Collect$$libinit$$00000023)
    __rt_lib_init_heap_1                     0x000001b3   Thumb Code     0  libinit2.o(.ARM.Collect$$libinit$$0000000A)
    __rt_lib_init_lc_collate_1               0x000001b3   Thumb Code     0  libinit2.o(.ARM.Collect$$libinit$$00000011)
    __rt_lib_init_lc_ctype_1                 0x000001b3   Thumb Code     0  libinit2.o(.ARM.Collect$$libinit$$00000013)
    __rt_lib_init_lc_monetary_1              0x000001b3   Thumb Code     0  libinit2.o(.ARM.Collect$$libinit$$00000015)
    __rt_lib_init_lc_numeric_1               0x000001b3   Thumb Code     0  libinit2.o(.ARM.Collect$$libinit$$00000017)
    __rt_lib_init_lc_time_1                  0x000001b3   Thumb Code     0  libinit2.o(.ARM.Collect$$libinit$$00000019)
    __rt_lib_init_preinit_1                  0x000001b3   Thumb Code     0  libinit2.o(.ARM.Collect$$libinit$$00000004)
    __rt_lib_init_rand_1                     0x000001b3   Thumb Code     0  libinit2.o(.ARM.Collect$$libinit$$0000000E)
    __rt_lib_init_return                     0x000001b3   Thumb Code     0  libinit2.o(.ARM.Collect$$libinit$$00000033)
    __rt_lib_init_signal_1                   0x000001b3   Thumb Code     0  libinit2.o(.ARM.Collect$$libinit$$0000001D)
    __rt_lib_init_stdio_1                    0x000001b3   Thumb Code     0  libinit2.o(.ARM.Collect$$libinit$$00000025)
    __rt_lib_init_user_alloc_1               0x000001b3   Thumb Code     0  libinit2.o(.ARM.Collect$$libinit$$0000000C)
    Inline ARM to Thumb Veneer to __rt_lib_shutdown 0x000001c0   ARM Code       8  libshutdown.o(.ARM.Collect$$libshutdown$$00000000)
    __rt_lib_shutdown                        0x000001c9   Thumb Code     0  libshutdown.o(.ARM.Collect$$libshutdown$$00000000)
    __rt_lib_shutdown_cpp_1                  0x000001cd   Thumb Code     0  libshutdown2.o(.ARM.Collect$$libshutdown$$00000002)
    __rt_lib_shutdown_fp_trap_1              0x000001cd   Thumb Code     0  libshutdown2.o(.ARM.Collect$$libshutdown$$00000007)
    __rt_lib_shutdown_heap_1                 0x000001cd   Thumb Code     0  libshutdown2.o(.ARM.Collect$$libshutdown$$0000000F)
    __rt_lib_shutdown_return                 0x000001cd   Thumb Code     0  libshutdown2.o(.ARM.Collect$$libshutdown$$00000010)
    __rt_lib_shutdown_signal_1               0x000001cd   Thumb Code     0  libshutdown2.o(.ARM.Collect$$libshutdown$$0000000A)
    __rt_lib_shutdown_stdio_1                0x000001cd   Thumb Code     0  libshutdown2.o(.ARM.Collect$$libshutdown$$00000004)
    __rt_lib_shutdown_user_alloc_1           0x000001cd   Thumb Code     0  libshutdown2.o(.ARM.Collect$$libshutdown$$0000000C)
    __rt_entry                               0x000001d4   ARM Code       0  __rtentry.o(.ARM.Collect$$rtentry$$00000000)
    __rt_entry_presh_1                       0x000001d4   ARM Code       0  __rtentry2.o(.ARM.Collect$$rtentry$$00000002)
    __rt_entry_sh                            0x000001d4   ARM Code       0  __rtentry4.o(.ARM.Collect$$rtentry$$00000004)
    __rt_entry_li                            0x000001dc   ARM Code       0  __rtentry2.o(.ARM.Collect$$rtentry$$0000000A)
    __rt_entry_postsh_1                      0x000001dc   ARM Code       0  __rtentry2.o(.ARM.Collect$$rtentry$$00000009)
    __rt_entry_main                          0x000001e0   ARM Code       0  __rtentry2.o(.ARM.Collect$$rtentry$$0000000D)
    __rt_entry_postli_1                      0x000001e0   ARM Code       0  __rtentry2.o(.ARM.Collect$$rtentry$$0000000C)
    Inline Thumb to ARM Veneer to __rt_exit  0x00000209   Thumb Code     4  rtexit.o(.ARM.Collect$$rtexit$$00000000)
    __rt_exit                                0x0000020c   ARM Code       0  rtexit.o(.ARM.Collect$$rtexit$$00000000)
    __rt_exit_ls                             0x00000210   ARM Code       0  rtexit2.o(.ARM.Collect$$rtexit$$00000003)
    __rt_exit_prels_1                        0x00000210   ARM Code       0  rtexit2.o(.ARM.Collect$$rtexit$$00000002)
    __rt_exit_exit                           0x00000214   ARM Code       0  rtexit2.o(.ARM.Collect$$rtexit$$00000004)
    __user_initial_stackheap                 0x0000021c   ARM Code       0  startup.o(.text)
    switch_to_PLL                            0x00000230   ARM Code       0  startup.o(.text)
    __aeabi_uldivmod                         0x00000284   ARM Code       0  lludiv.o(.text)
    _ll_udiv                                 0x00000284   ARM Code     720  lludiv.o(.text)
    _ll_udiv_donemoving                      0x00000298   ARM Code       0  lludiv.o(.text)
    __aeabi_memcpy4                          0x00000554   ARM Code       0  rt_memcpy_w.o(.text)
    __aeabi_memcpy8                          0x00000554   ARM Code       0  rt_memcpy_w.o(.text)
    __rt_memcpy_w                            0x00000554   ARM Code     100  rt_memcpy_w.o(.text)
    _memcpy_lastbytes_aligned                0x000005a0   ARM Code       0  rt_memcpy_w.o(.text)
    __use_two_region_memory                  0x000005b9   Thumb Code     2  heapauxi.o(.text)
    __rt_heap_escrow$2region                 0x000005bb   Thumb Code     2  heapauxi.o(.text)
    __rt_heap_expand$2region                 0x000005bd   Thumb Code     2  heapauxi.o(.text)
    __user_setup_stackheap                   0x000005c0   ARM Code      96  sys_stackheap_outer.o(.text)
    exit                                     0x00000621   Thumb Code    20  exit.o(.text)
    __user_libspace                          0x00000634   ARM Code      12  libspace.o(.text)
    __user_perproc_libspace                  0x00000634   ARM Code       0  libspace.o(.text)
    __user_perthread_libspace                0x00000634   ARM Code       0  libspace.o(.text)
    Inline ARM to Thumb Veneer to _sys_exit  0x00000640   ARM Code       8  sys_exit.o(.text)
    _sys_exit                                0x00000649   Thumb Code     8  sys_exit.o(.text)
    __I$use$semihosting                      0x00000654   ARM Code       0  use_no_semi.o(.text)
    __use_no_semihosting_swi                 0x00000654   ARM Code       4  use_no_semi.o(.text)
    __semihosting_library_function           0x00000658   ARM Code       0  indicate_semi.o(.text)
    boton_equivalente_pin                    0x00000658   ARM Code      56  drv_botones.o(i.boton_equivalente_pin)
    boton_pulsado                            0x00000694   ARM Code      44  drv_botones.o(i.boton_pulsado)
    drv_SC_entrar_disable_irq                0x000006c0   ARM Code      44  drv_sc.o(i.drv_SC_entrar_disable_irq)
    drv_SC_salir_enable_irq                  0x000006f0   ARM Code      52  drv_sc.o(i.drv_SC_salir_enable_irq)
    drv_botones_iniciar                      0x00000728   ARM Code     124  drv_botones.o(i.drv_botones_iniciar)
    drv_botones_tratar                       0x000007b8   ARM Code     368  drv_botones.o(i.drv_botones_tratar)
    drv_consumo_dormir                       0x00000930   ARM Code      44  drv_consumo.o(i.drv_consumo_dormir)
    drv_consumo_esperar                      0x0000095c   ARM Code     152  drv_consumo.o(i.drv_consumo_esperar)
    drv_consumo_iniciar                      0x000009fc   ARM Code      52  drv_consumo.o(i.drv_consumo_iniciar)
    drv_led_apagar                           0x00000a3c   ARM Code      52  drv_leds.o(i.drv_led_apagar)
    drv_led_encender                         0x00000a74   ARM Code      52  drv_leds.o(i.drv_led_encender)
    drv_leds_iniciar                         0x00000aac   ARM Code      60  drv_leds.o(i.drv_leds_iniciar)
    drv_monitor_desmarcar                    0x00000aec   ARM Code      52  drv_monitor.o(i.drv_monitor_desmarcar)
    drv_monitor_iniciar                      0x00000b24   ARM Code       8  drv_monitor.o(i.drv_monitor_iniciar)
    drv_monitor_marcar                       0x00000b2c   ARM Code      52  drv_monitor.o(i.drv_monitor_marcar)
    drv_tiempo_actual_ms                     0x00000b64   ARM Code      44  drv_tiempo.o(i.drv_tiempo_actual_ms)
    drv_tiempo_actual_us                     0x00000b90   ARM Code      92  drv_tiempo.o(i.drv_tiempo_actual_us)
    drv_tiempo_iniciar                       0x00000bf0   ARM Code      24  drv_tiempo.o(i.drv_tiempo_iniciar)
    drv_tiempo_periodico_ms                  0x00000c0c   ARM Code      72  drv_tiempo.o(i.drv_tiempo_periodico_ms)
    esEventoUsuario                          0x00000c64   ARM Code      56  rt_ge.o(i.esEventoUsuario)
    f_callback_driver                        0x00000ca0   ARM Code      48  drv_tiempo.o(i.f_callback_driver)
    f_callback_drv                           0x00000cd8   ARM Code      88  drv_botones.o(i.f_callback_drv)
    hal_WDT_feed                             0x00000d38   ARM Code      24  hal_wdt_lpc.o(i.hal_WDT_feed)
    hal_WDT_iniciar                          0x00000d50   ARM Code      44  hal_wdt_lpc.o(i.hal_WDT_iniciar)
    hal_consumo_dormir                       0x00000d80   ARM Code      44  hal_consumo_lpc.o(i.hal_consumo_dormir)
    hal_consumo_esperar                      0x00000db0   ARM Code      24  hal_consumo_lpc.o(i.hal_consumo_esperar)
    hal_consumo_iniciar                      0x00000dcc   ARM Code       4  hal_consumo_lpc.o(i.hal_consumo_iniciar)
    hal_deshabilitar_int                     0x00000dd0   ARM Code      96  hal_ext_int_lpc.o(i.hal_deshabilitar_int)
    hal_ext_int_ISR                          0x00000e30   ARM Code     232  hal_ext_int_lpc.o(i.hal_ext_int_ISR)
    hal_ext_int_iniciar                      0x00000f20   ARM Code     136  hal_ext_int_lpc.o(i.hal_ext_int_iniciar)
    hal_ext_int_leer                         0x00000fb4   ARM Code      96  hal_ext_int_lpc.o(i.hal_ext_int_leer)
    hal_ext_int_limpiar                      0x00001018   ARM Code      16  hal_ext_int_lpc.o(i.hal_ext_int_limpiar)
    hal_gpio_escribir                        0x0000102c   ARM Code      44  hal_gpio_lpc.o(i.hal_gpio_escribir)
    hal_gpio_iniciar                         0x0000105c   ARM Code      16  hal_gpio_lpc.o(i.hal_gpio_iniciar)
    hal_gpio_sentido                         0x00001070   ARM Code      72  hal_gpio_lpc.o(i.hal_gpio_sentido)
    hal_habilitar_int                        0x000010bc   ARM Code      96  hal_ext_int_lpc.o(i.hal_habilitar_int)
    hal_tiempo_actual_tick                   0x0000111c   ARM Code      52  hal_tiempo_lpc.o(i.hal_tiempo_actual_tick)
    hal_tiempo_iniciar_tick                  0x00001158   ARM Code      96  hal_tiempo_lpc.o(i.hal_tiempo_iniciar_tick)
    hal_tiempo_reloj_periodico_tick          0x000011c4   ARM Code     124  hal_tiempo_lpc.o(i.hal_tiempo_reloj_periodico_tick)
    iniciar_juego                            0x0000124c   ARM Code     124  counter_strike.o(i.iniciar_juego)
    juego                                    0x000012d4   ARM Code     272  counter_strike.o(i.juego)
    main                                     0x000013f0   ARM Code      32  main.o(i.main)
    rt_FIFO_encolar                          0x00001410   ARM Code     260  rt_fifo.o(i.rt_FIFO_encolar)
    rt_FIFO_extraer                          0x00001528   ARM Code     184  rt_fifo.o(i.rt_FIFO_extraer)
    rt_FIFO_inicializar                      0x000015ec   ARM Code     104  rt_fifo.o(i.rt_FIFO_inicializar)
    rt_GE_iniciar                            0x00001668   ARM Code     128  rt_ge.o(i.rt_GE_iniciar)
    rt_GE_lanzador                           0x000016f4   ARM Code     160  rt_ge.o(i.rt_GE_lanzador)
    rt_GE_tratar                             0x0000179c   ARM Code      80  rt_ge.o(i.rt_GE_tratar)
    svc_GE_suscribir                         0x000017f0   ARM Code     176  rt_ge.o(i.svc_GE_suscribir)
    svc_alarma_activar                       0x000018a8   ARM Code     500  srv_alarm.o(i.svc_alarma_activar)
    svc_alarma_codificar                     0x00001aa8   ARM Code      24  srv_alarm.o(i.svc_alarma_codificar)
    svc_alarma_iniciar                       0x00001ac0   ARM Code     124  srv_alarm.o(i.svc_alarma_iniciar)
    svc_alarma_tratar                        0x00001b50   ARM Code     320  srv_alarm.o(i.svc_alarma_tratar)
    timer0_ISR                               0x00001c9c   ARM Code      52  hal_tiempo_lpc.o(i.timer0_ISR)
    timer1_ISR                               0x00001cd8   ARM Code      48  hal_tiempo_lpc.o(i.timer1_ISR)
    Region$$Table$$Base                      0x00001d18   Number         0  anon$$obj.o(Region$$Table)
    Region$$Table$$Limit                     0x00001d38   Number         0  anon$$obj.o(Region$$Table)
    evs_USUARIO                              0x40000048   Data           1  rt_ge.o(.data)
    estado_actual                            0x4000007c   Data           1  drv_botones.o(.data)
    estado_juego                             0x400000b4   Data           1  counter_strike.o(.data)
    __libspace_start                         0x400005a8   Data          96  libspace.o(.bss)
    __temporary_stack_top$libspace           0x40000608   Data           0  libspace.o(.bss)



==============================================================================

Memory Map of the image

  Image Entry point : 0x00000110

  Load Region LR_IROM1 (Base: 0x00000000, Size: 0x00001e00, Max: 0x00020000, ABSOLUTE)

    Execution Region ER_IROM1 (Exec base: 0x00000000, Load base: 0x00000000, Size: 0x00001d38, Max: 0x00020000, ABSOLUTE)

    Exec Addr    Load Addr    Size         Type   Attr      Idx    E Section Name        Object

    0x00000000   0x00000000   0x00000110   Code   RO          699    RESET               startup.o
    0x00000110   0x00000110   0x00000008   Code   RO          735  * !!!main             c_t.l(__main.o)
    0x00000118   0x00000118   0x0000003c   Code   RO          908    !!!scatter          c_t.l(__scatter.o)
    0x00000154   0x00000154   0x00000028   Code   RO          910    !!handler_copy      c_t.l(__scatter_copy.o)
    0x0000017c   0x0000017c   0x0000002c   Code   RO          912    !!handler_zi        c_t.l(__scatter_zi.o)
    0x000001a8   0x000001a8   0x00000008   Ven    RO          829    .ARM.Collect$$libinit$$00000000  c_t.l(libinit.o)
    0x000001b0   0x000001b0   0x00000002   Code   RO          829    .ARM.Collect$$libinit$$00000000  c_t.l(libinit.o)
    0x000001b2   0x000001b2   0x00000000   Code   RO          747    .ARM.Collect$$libinit$$00000002  c_t.l(libinit2.o)
    0x000001b2   0x000001b2   0x00000000   Code   RO          749    .ARM.Collect$$libinit$$00000004  c_t.l(libinit2.o)
    0x000001b2   0x000001b2   0x00000000   Code   RO          752    .ARM.Collect$$libinit$$0000000A  c_t.l(libinit2.o)
    0x000001b2   0x000001b2   0x00000000   Code   RO          754    .ARM.Collect$$libinit$$0000000C  c_t.l(libinit2.o)
    0x000001b2   0x000001b2   0x00000000   Code   RO          756    .ARM.Collect$$libinit$$0000000E  c_t.l(libinit2.o)
    0x000001b2   0x000001b2   0x00000000   Code   RO          759    .ARM.Collect$$libinit$$00000011  c_t.l(libinit2.o)
    0x000001b2   0x000001b2   0x00000000   Code   RO          761    .ARM.Collect$$libinit$$00000013  c_t.l(libinit2.o)
    0x000001b2   0x000001b2   0x00000000   Code   RO          763    .ARM.Collect$$libinit$$00000015  c_t.l(libinit2.o)
    0x000001b2   0x000001b2   0x00000000   Code   RO          765    .ARM.Collect$$libinit$$00000017  c_t.l(libinit2.o)
    0x000001b2   0x000001b2   0x00000000   Code   RO          767    .ARM.Collect$$libinit$$00000019  c_t.l(libinit2.o)
    0x000001b2   0x000001b2   0x00000000   Code   RO          769    .ARM.Collect$$libinit$$0000001B  c_t.l(libinit2.o)
    0x000001b2   0x000001b2   0x00000000   Code   RO          771    .ARM.Collect$$libinit$$0000001D  c_t.l(libinit2.o)
    0x000001b2   0x000001b2   0x00000000   Code   RO          773    .ARM.Collect$$libinit$$0000001F  c_t.l(libinit2.o)
    0x000001b2   0x000001b2   0x00000000   Code   RO          775    .ARM.Collect$$libinit$$00000021  c_t.l(libinit2.o)
    0x000001b2   0x000001b2   0x00000000   Code   RO          777    .ARM.Collect$$libinit$$00000023  c_t.l(libinit2.o)
    0x000001b2   0x000001b2   0x00000000   Code   RO          779    .ARM.Collect$$libinit$$00000025  c_t.l(libinit2.o)
    0x000001b2   0x000001b2   0x00000000   Code   RO          783    .ARM.Collect$$libinit$$0000002C  c_t.l(libinit2.o)
    0x000001b2   0x000001b2   0x00000000   Code   RO          785    .ARM.Collect$$libinit$$0000002E  c_t.l(libinit2.o)
    0x000001b2   0x000001b2   0x00000000   Code   RO          787    .ARM.Collect$$libinit$$00000030  c_t.l(libinit2.o)
    0x000001b2   0x000001b2   0x00000000   Code   RO          789    .ARM.Collect$$libinit$$00000032  c_t.l(libinit2.o)
    0x000001b2   0x000001b2   0x0000000c   Code   RO          790    .ARM.Collect$$libinit$$00000033  c_t.l(libinit2.o)
    0x000001be   0x000001be   0x00000002   PAD
    0x000001c0   0x000001c0   0x00000008   Ven    RO          875    .ARM.Collect$$libshutdown$$00000000  c_t.l(libshutdown.o)
    0x000001c8   0x000001c8   0x00000004   Code   RO          875    .ARM.Collect$$libshutdown$$00000000  c_t.l(libshutdown.o)
    0x000001cc   0x000001cc   0x00000000   Code   RO          891    .ARM.Collect$$libshutdown$$00000002  c_t.l(libshutdown2.o)
    0x000001cc   0x000001cc   0x00000000   Code   RO          893    .ARM.Collect$$libshutdown$$00000004  c_t.l(libshutdown2.o)
    0x000001cc   0x000001cc   0x00000000   Code   RO          896    .ARM.Collect$$libshutdown$$00000007  c_t.l(libshutdown2.o)
    0x000001cc   0x000001cc   0x00000000   Code   RO          899    .ARM.Collect$$libshutdown$$0000000A  c_t.l(libshutdown2.o)
    0x000001cc   0x000001cc   0x00000000   Code   RO          901    .ARM.Collect$$libshutdown$$0000000C  c_t.l(libshutdown2.o)
    0x000001cc   0x000001cc   0x00000000   Code   RO          904    .ARM.Collect$$libshutdown$$0000000F  c_t.l(libshutdown2.o)
    0x000001cc   0x000001cc   0x00000006   Code   RO          905    .ARM.Collect$$libshutdown$$00000010  c_t.l(libshutdown2.o)
    0x000001d2   0x000001d2   0x00000002   PAD
    0x000001d4   0x000001d4   0x00000000   Code   RO          737    .ARM.Collect$$rtentry$$00000000  c_t.l(__rtentry.o)
    0x000001d4   0x000001d4   0x00000000   Code   RO          792    .ARM.Collect$$rtentry$$00000002  c_t.l(__rtentry2.o)
    0x000001d4   0x000001d4   0x00000008   Code   RO          804    .ARM.Collect$$rtentry$$00000004  c_t.l(__rtentry4.o)
    0x000001dc   0x000001dc   0x00000000   Code   RO          794    .ARM.Collect$$rtentry$$00000009  c_t.l(__rtentry2.o)
    0x000001dc   0x000001dc   0x00000004   Code   RO          795    .ARM.Collect$$rtentry$$0000000A  c_t.l(__rtentry2.o)
    0x000001e0   0x000001e0   0x00000000   Code   RO          797    .ARM.Collect$$rtentry$$0000000C  c_t.l(__rtentry2.o)
    0x000001e0   0x000001e0   0x00000028   Code   RO          798    .ARM.Collect$$rtentry$$0000000D  c_t.l(__rtentry2.o)
    0x00000208   0x00000208   0x00000004   Ven    RO          835    .ARM.Collect$$rtexit$$00000000  c_t.l(rtexit.o)
    0x0000020c   0x0000020c   0x00000004   Code   RO          835    .ARM.Collect$$rtexit$$00000000  c_t.l(rtexit.o)
    0x00000210   0x00000210   0x00000000   Code   RO          855    .ARM.Collect$$rtexit$$00000002  c_t.l(rtexit2.o)
    0x00000210   0x00000210   0x00000004   Code   RO          856    .ARM.Collect$$rtexit$$00000003  c_t.l(rtexit2.o)
    0x00000214   0x00000214   0x00000008   Code   RO          857    .ARM.Collect$$rtexit$$00000004  c_t.l(rtexit2.o)
    0x0000021c   0x0000021c   0x00000068   Code   RO          700    .text               startup.o
    0x00000284   0x00000284   0x000002d0   Code   RO          708    .text               c_t.l(lludiv.o)
    0x00000554   0x00000554   0x00000064   Code   RO          715    .text               c_t.l(rt_memcpy_w.o)
    0x000005b8   0x000005b8   0x00000006   Code   RO          733    .text               c_t.l(heapauxi.o)
    0x000005be   0x000005be   0x00000002   PAD
    0x000005c0   0x000005c0   0x00000060   Code   RO          812    .text               c_t.l(sys_stackheap_outer.o)
    0x00000620   0x00000620   0x00000014   Code   RO          814    .text               c_t.l(exit.o)
    0x00000634   0x00000634   0x0000000c   Code   RO          832    .text               c_t.l(libspace.o)
    0x00000640   0x00000640   0x00000008   Ven    RO          849    .text               c_t.l(sys_exit.o)
    0x00000648   0x00000648   0x0000000c   Code   RO          849    .text               c_t.l(sys_exit.o)
    0x00000654   0x00000654   0x00000004   Code   RO          851    .text               c_t.l(use_no_semi.o)
    0x00000658   0x00000658   0x00000000   Code   RO          853    .text               c_t.l(indicate_semi.o)
    0x00000658   0x00000658   0x0000003c   Code   RO          341    i.boton_equivalente_pin  drv_botones.o
    0x00000694   0x00000694   0x0000002c   Code   RO          342    i.boton_pulsado     drv_botones.o
    0x000006c0   0x000006c0   0x00000030   Code   RO          386    i.drv_SC_entrar_disable_irq  drv_sc.o
    0x000006f0   0x000006f0   0x00000038   Code   RO          387    i.drv_SC_salir_enable_irq  drv_sc.o
    0x00000728   0x00000728   0x00000090   Code   RO          343    i.drv_botones_iniciar  drv_botones.o
    0x000007b8   0x000007b8   0x00000178   Code   RO          344    i.drv_botones_tratar  drv_botones.o
    0x00000930   0x00000930   0x0000002c   Code   RO          194    i.drv_consumo_dormir  drv_consumo.o
    0x0000095c   0x0000095c   0x000000a0   Code   RO          195    i.drv_consumo_esperar  drv_consumo.o
    0x000009fc   0x000009fc   0x00000040   Code   RO          196    i.drv_consumo_iniciar  drv_consumo.o
    0x00000a3c   0x00000a3c   0x00000038   Code   RO           39    i.drv_led_apagar    drv_leds.o
    0x00000a74   0x00000a74   0x00000038   Code   RO           41    i.drv_led_encender  drv_leds.o
    0x00000aac   0x00000aac   0x00000040   Code   RO           42    i.drv_leds_iniciar  drv_leds.o
    0x00000aec   0x00000aec   0x00000038   Code   RO          226    i.drv_monitor_desmarcar  drv_monitor.o
    0x00000b24   0x00000b24   0x00000008   Code   RO          227    i.drv_monitor_iniciar  drv_monitor.o
    0x00000b2c   0x00000b2c   0x00000038   Code   RO          228    i.drv_monitor_marcar  drv_monitor.o
    0x00000b64   0x00000b64   0x0000002c   Code   RO           84    i.drv_tiempo_actual_ms  drv_tiempo.o
    0x00000b90   0x00000b90   0x00000060   Code   RO           85    i.drv_tiempo_actual_us  drv_tiempo.o
    0x00000bf0   0x00000bf0   0x0000001c   Code   RO           88    i.drv_tiempo_iniciar  drv_tiempo.o
    0x00000c0c   0x00000c0c   0x00000058   Code   RO           89    i.drv_tiempo_periodico_ms  drv_tiempo.o
    0x00000c64   0x00000c64   0x0000003c   Code   RO          253    i.esEventoUsuario   rt_ge.o
    0x00000ca0   0x00000ca0   0x00000038   Code   RO           90    i.f_callback_driver  drv_tiempo.o
    0x00000cd8   0x00000cd8   0x00000060   Code   RO          345    i.f_callback_drv    drv_botones.o
    0x00000d38   0x00000d38   0x00000018   Code   RO          649    i.hal_WDT_feed      hal_wdt_lpc.o
    0x00000d50   0x00000d50   0x00000030   Code   RO          650    i.hal_WDT_iniciar   hal_wdt_lpc.o
    0x00000d80   0x00000d80   0x00000030   Code   RO          560    i.hal_consumo_dormir  hal_consumo_lpc.o
    0x00000db0   0x00000db0   0x0000001c   Code   RO          561    i.hal_consumo_esperar  hal_consumo_lpc.o
    0x00000dcc   0x00000dcc   0x00000004   Code   RO          562    i.hal_consumo_iniciar  hal_consumo_lpc.o
    0x00000dd0   0x00000dd0   0x00000060   Code   RO          588    i.hal_deshabilitar_int  hal_ext_int_lpc.o
    0x00000e30   0x00000e30   0x000000f0   Code   RO          589    i.hal_ext_int_ISR   hal_ext_int_lpc.o
    0x00000f20   0x00000f20   0x00000094   Code   RO          590    i.hal_ext_int_iniciar  hal_ext_int_lpc.o
    0x00000fb4   0x00000fb4   0x00000064   Code   RO          591    i.hal_ext_int_leer  hal_ext_int_lpc.o
    0x00001018   0x00001018   0x00000014   Code   RO          592    i.hal_ext_int_limpiar  hal_ext_int_lpc.o
    0x0000102c   0x0000102c   0x00000030   Code   RO          471    i.hal_gpio_escribir  hal_gpio_lpc.o
    0x0000105c   0x0000105c   0x00000014   Code   RO          473    i.hal_gpio_iniciar  hal_gpio_lpc.o
    0x00001070   0x00001070   0x0000004c   Code   RO          476    i.hal_gpio_sentido  hal_gpio_lpc.o
    0x000010bc   0x000010bc   0x00000060   Code   RO          594    i.hal_habilitar_int  hal_ext_int_lpc.o
    0x0000111c   0x0000111c   0x0000003c   Code   RO          522    i.hal_tiempo_actual_tick  hal_tiempo_lpc.o
    0x00001158   0x00001158   0x0000006c   Code   RO          523    i.hal_tiempo_iniciar_tick  hal_tiempo_lpc.o
    0x000011c4   0x000011c4   0x00000088   Code   RO          524    i.hal_tiempo_reloj_periodico_tick  hal_tiempo_lpc.o
    0x0000124c   0x0000124c   0x00000088   Code   RO          406    i.iniciar_juego     counter_strike.o
    0x000012d4   0x000012d4   0x0000011c   Code   RO          407    i.juego             counter_strike.o
    0x000013f0   0x000013f0   0x00000020   Code   RO            1    i.main              main.o
    0x00001410   0x00001410   0x00000118   Code   RO          137    i.rt_FIFO_encolar   rt_fifo.o
    0x00001528   0x00001528   0x000000c4   Code   RO          139    i.rt_FIFO_extraer   rt_fifo.o
    0x000015ec   0x000015ec   0x0000007c   Code   RO          140    i.rt_FIFO_inicializar  rt_fifo.o
    0x00001668   0x00001668   0x0000008c   Code   RO          254    i.rt_GE_iniciar     rt_ge.o
    0x000016f4   0x000016f4   0x000000a8   Code   RO          255    i.rt_GE_lanzador    rt_ge.o
    0x0000179c   0x0000179c   0x00000054   Code   RO          256    i.rt_GE_tratar      rt_ge.o
    0x000017f0   0x000017f0   0x000000b8   Code   RO          258    i.svc_GE_suscribir  rt_ge.o
    0x000018a8   0x000018a8   0x00000200   Code   RO          308    i.svc_alarma_activar  srv_alarm.o
    0x00001aa8   0x00001aa8   0x00000018   Code   RO          309    i.svc_alarma_codificar  srv_alarm.o
    0x00001ac0   0x00001ac0   0x00000090   Code   RO          310    i.svc_alarma_iniciar  srv_alarm.o
    0x00001b50   0x00001b50   0x0000014c   Code   RO          311    i.svc_alarma_tratar  srv_alarm.o
    0x00001c9c   0x00001c9c   0x0000003c   Code   RO          525    i.timer0_ISR        hal_tiempo_lpc.o
    0x00001cd8   0x00001cd8   0x00000038   Code   RO          526    i.timer1_ISR        hal_tiempo_lpc.o
    0x00001d10   0x00001d10   0x00000004   Data   RO           43    .constdata          drv_leds.o
    0x00001d14   0x00001d14   0x00000004   Data   RO          229    .constdata          drv_monitor.o
    0x00001d18   0x00001d18   0x00000020   Data   RO          906    Region$$Table       anon$$obj.o


    Execution Region RW_IRAM1 (Exec base: 0x40000000, Load base: 0x00001d38, Size: 0x00000e88, Max: 0x00008000, ABSOLUTE)

    Exec Addr    Load Addr    Size         Type   Attr      Idx    E Section Name        Object

    0x40000000   0x00001d38   0x00000010   Data   RW           91    .data               drv_tiempo.o
    0x40000010   0x00001d48   0x0000000c   Data   RW          144    .data               rt_fifo.o
    0x4000001c   0x00001d54   0x0000002c   Data   RW          197    .data               drv_consumo.o
    0x40000048   0x00001d80   0x00000008   Data   RW          260    .data               rt_ge.o
    0x40000050   0x00001d88   0x0000000c   Data   RW          313    .data               srv_alarm.o
    0x4000005c   0x00001d94   0x00000034   Data   RW          346    .data               drv_botones.o
    0x40000090   0x00001dc8   0x00000004   Data   RW          388    .data               drv_sc.o
    0x40000094   0x00001dcc   0x00000028   Data   RW          408    .data               counter_strike.o
    0x400000bc   0x00001df4   0x00000008   Data   RW          527    .data               hal_tiempo_lpc.o
    0x400000c4   0x00001dfc   0x00000004   Data   RW          595    .data               hal_ext_int_lpc.o
    0x400000c8        -       0x00000418   Zero   RW          143    .bss                rt_fifo.o
    0x400004e0        -       0x00000078   Zero   RW          259    .bss                rt_ge.o
    0x40000558        -       0x00000050   Zero   RW          312    .bss                srv_alarm.o
    0x400005a8        -       0x00000060   Zero   RW          833    .bss                c_t.l(libspace.o)
    0x40000608        -       0x00000000   Zero   RW          698    HEAP                startup.o
    0x40000608        -       0x00000880   Zero   RW          697    STACK               startup.o


==============================================================================

Image component sizes


      Code (inc. data)   RO Data    RW Data    ZI Data      Debug   Object Name

       420         24          0         40          0       2311   counter_strike.o
       720         40          0         52          0       4764   drv_botones.o
       268         20          0         44          0       2673   drv_consumo.o
       176         12          4          0          0       3467   drv_leds.o
       120          8          4          0          0       2463   drv_monitor.o
       104          8          0          4          0       1266   drv_sc.o
       312         32          0         16          0       3873   drv_tiempo.o
        80          8          0          0          0       1529   hal_consumo_lpc.o
       700         28          0          4          0       4816   hal_ext_int_lpc.o
       144         12          0          0          0       2190   hal_gpio_lpc.o
       420         48          0          8          0       3767   hal_tiempo_lpc.o
        72          4          0          0          0       1057   hal_wdt_lpc.o
        32          0          0          0          0       5939   main.o
       600         52          0         12       1048       3610   rt_fifo.o
       636         36          0          8        120       4839   rt_ge.o
      1012         44          0         12         80       4449   srv_alarm.o
       376         64          0          0       2176        740   startup.o

    ----------------------------------------------------------------------
      6192        440         40        200       3424      53753   Object Totals
         0          0         32          0          0          0   (incl. Generated)
         0          0          0          0          0          0   (incl. Padding)

    ----------------------------------------------------------------------

      Code (inc. data)   RO Data    RW Data    ZI Data      Debug   Library Member Name

         8          0          0          0          0         68   __main.o
         0          0          0          0          0          0   __rtentry.o
        44          4          0          0          0          0   __rtentry2.o
         8          0          0          0          0          0   __rtentry4.o
        60          8          0          0          0          0   __scatter.o
        40          0          0          0          0          0   __scatter_copy.o
        44          0          0          0          0          0   __scatter_zi.o
        20          0          0          0          0         80   exit.o
         6          0          0          0          0        136   heapauxi.o
         0          0          0          0          0          0   indicate_semi.o
        10          0          0          0          0          0   libinit.o
        12          0          0          0          0          0   libinit2.o
        12          0          0          0          0          0   libshutdown.o
         6          0          0          0          0          0   libshutdown2.o
        12          4          0          0         96         68   libspace.o
       720         64          0          0          0        156   lludiv.o
       100          0          0          0          0         80   rt_memcpy_w.o
         8          0          0          0          0          0   rtexit.o
        12          0          0          0          0          0   rtexit2.o
        20          4          0          0          0         60   sys_exit.o
        96          0          0          0          0         80   sys_stackheap_outer.o
         4          0          0          0          0         68   use_no_semi.o

    ----------------------------------------------------------------------
      1248         84          0          0         96        796   Library Totals
         6          0          0          0          0          0   (incl. Padding)

    ----------------------------------------------------------------------

      Code (inc. data)   RO Data    RW Data    ZI Data      Debug   Library Name

      1242         84          0          0         96        796   c_t.l

    ----------------------------------------------------------------------
      1248         84          0          0         96        796   Library Totals

    ----------------------------------------------------------------------

==============================================================================


      Code (inc. data)   RO Data    RW Data    ZI Data      Debug   

      7440        524         40        200       3520      51857   Grand Totals
      7440        524         40        200       3520      51857   ELF Image Totals
      7440        524         40        200          0          0   ROM Totals

==============================================================================

    Total RO  Size (Code + RO Data)                 7480 (   7.30kB)
    Total RW  Size (RW Data + ZI Data)              3720 (   3.63kB)
    Total ROM Size (Code + RO Data + RW Data)       7680 (   7.50kB)

==============================================================================

