<html>
<body>
<pre>
<h1>µVision Build Log</h1>
<h2>Tool Versions:</h2>
IDE-Version: µVision V5.26.2.0
Copyright (C) 2018 ARM Ltd and ARM Germany GmbH. All rights reserved.
License Information: UZ UZ, UZ, LIC=----
 
Tool Versions:
Toolchain:       MDK-Lite  Version: 5.26.2.0
Toolchain Path:  C:\Programas-Practicas\Simuladores\Keil\ARM\ARMCC\Bin
C Compiler:      Armcc.exe V5.06 update 6 (build 750)
Assembler:       Armasm.exe V5.06 update 6 (build 750)
Linker/Locator:  ArmLink.exe V5.06 update 6 (build 750)
Library Manager: ArmAr.exe V5.06 update 6 (build 750)
Hex Converter:   FromElf.exe V5.06 update 6 (build 750)
CPU DLL:         SARM.DLL V5.26.2.0
Dialog DLL:      DARMP.DLL V1.53.0.0
Target DLL:      UL2ARM.DLL V1.74.10.0
Dialog DLL:      TARMP.DLL V1.53.0.0
 
<h2>Project:</h2>
D:\BIT_COUNTER_STRIKE\lpc\keil\blink_lpc.uvproj
Project File Date:  11/14/2024

<h2>Output:</h2>
*** Using Compiler 'V5.06 update 6 (build 750)', folder: 'C:\Programas-Practicas\Simuladores\Keil\ARM\ARMCC\Bin'
Rebuild Project 'blink_lpc' - Target 'LPC'
compiling drv_leds.c...
compiling drv_tiempo.c...
compiling main.c...
D:\BIT_COUNTER_STRIKE\src\main.c(28): warning:  #177-D: variable "led_list"  was declared but never referenced
  	static uint32_t led_list[BUTTONS_NUMBER] = BUTTONS_LIST;
..\..\src\main.c: 1 warning, 0 errors
compiling rt_fifo.c...
compiling drv_consumo.c...
compiling drv_monitor.c...
compiling rt_GE.c...
compiling drv_botones.c...
D:\BIT_COUNTER_STRIKE\src\drv_botones.c(31): warning:  #177-D: function "llamar_f_callback"  was declared but never referenced
  static void llamar_f_callback(uint32_t pin) {
..\..\src\drv_botones.c: 1 warning, 0 errors
compiling srv_alarm.c...
compiling hal_consumo_lpc.c...
compiling hal_gpio_lpc.c...
compiling hal_tiempo_lpc.c...
assembling Startup.s...
compiling hal_ext_int_lpc.c...
C:\Programas-Practicas\Simuladores\Keil\ARM\INC\Philips\LPC210x.H(179): warning:  #47-D: incompatible redefinition of macro "S0SPCR"  (declared at line 198 of "C:\Programas-Practicas\Simuladores\Keil\ARM\INC\Philips\LPC21xx.h")
  #define S0SPCR         (*((volatile unsigned char *) 0xE0020000))
C:\Programas-Practicas\Simuladores\Keil\ARM\INC\Philips\LPC210x.H(181): warning:  #47-D: incompatible redefinition of macro "S0SPDR"  (declared at line 200 of "C:\Programas-Practicas\Simuladores\Keil\ARM\INC\Philips\LPC21xx.h")
  #define S0SPDR         (*((volatile unsigned char *) 0xE0020008))
..\src_lpc\hal_ext_int_lpc.c: 2 warnings, 0 errors
linking...
Program Size: Code=3320 RO-data=40 RW-data=36 ZI-data=2276  
".\Objects\blink_lpc.axf" - 0 Error(s), 4 Warning(s).
Build Time Elapsed:  00:00:01
</pre>
</body>
</html>
