<html>
<body>
<pre>
<h1>µVision Build Log</h1>
<h2>Tool Versions:</h2>
IDE-Version: µVision V5.26.2.0
Copyright (C) 2018 ARM Ltd and ARM Germany GmbH. All rights reserved.
License Information: . nekanem, HP Inc., LIC=----
 
Tool Versions:
Toolchain:       MDK-Lite  Version: 5.26.2.0
Toolchain Path:  C:\Keil_v5\ARM\ARMCC\Bin
C Compiler:      Armcc.exe V5.06 update 6 (build 750)
Assembler:       Armasm.exe V5.06 update 6 (build 750)
Linker/Locator:  ArmLink.exe V5.06 update 6 (build 750)
Library Manager: ArmAr.exe V5.06 update 6 (build 750)
Hex Converter:   FromElf.exe V5.06 update 6 (build 750)
CPU DLL:         SARM.DLL V5.26.2.0
Dialog DLL:      DARMP.DLL V1.53.0.0
Target DLL:      UL2ARM.DLL V1.74.10.0
Dialog DLL:      TARMP.DLL V1.53.0.0
 
<h2>Project:</h2>
C:\UNIVERSIDAD\2024-2025\PH\Mika-Hache\entrega p4\p4_870795-Diaz_Montoya_872838-Hernandez_Aznar\p4_870795-Diaz_Montoya_872838-Hernandez_Aznar\lpc\keil\blink_lpc.uvproj
Project File Date:  12/04/2024

<h2>Output:</h2>
*** Using Compiler 'V5.06 update 6 (build 750)', folder: 'C:\Keil_v5\ARM\ARMCC\Bin'
Rebuild Project 'blink_lpc' - Target 'LPC_Release'
compiling drv_consumo.c...
compiling main.c...
compiling drv_tiempo.c...
compiling drv_monitor.c...
compiling drv_leds.c...
compiling rt_fifo.c...
compiling rt_GE.c...
compiling drv_SC.c...
compiling drv_botones.c...
compiling test.c...
C:\UNIVERSIDAD\2024-2025\PH\Mika-Hache\entrega p4\p4_870795-Diaz_Montoya_872838-Hernandez_Aznar\p4_870795-Diaz_Montoya_872838-Hernandez_Aznar\src\test.c(33): warning:  #167-D: argument of type "void (*)(EVENTO_T, uint32_t)" is incompatible with parameter of type "void (*)(EVENTO_T, uint32_t, Tiempo_us_t)"
  	svc_alarma_iniciar(1,rt_FIFO_encolar,ev_T_PERIODICO); // inciamos la alarma periódica del ev_T_PERIODICO
C:\UNIVERSIDAD\2024-2025\PH\Mika-Hache\entrega p4\p4_870795-Diaz_Montoya_872838-Hernandez_Aznar\p4_870795-Diaz_Montoya_872838-Hernandez_Aznar\src\test.c(43): warning:  #167-D: argument of type "void (*)(EVENTO_T, uint32_t)" is incompatible with parameter of type "void (*)(EVENTO_T, uint32_t, Tiempo_us_t)"
  	svc_alarma_iniciar(1,rt_FIFO_encolar,ev_T_PERIODICO); // inciamos la alarma periódica del ev_T_PERIODICO
..\..\src\test.c: 2 warnings, 0 errors
compiling srv_alarm.c...
C:\UNIVERSIDAD\2024-2025\PH\Mika-Hache\entrega p4\p4_870795-Diaz_Montoya_872838-Hernandez_Aznar\p4_870795-Diaz_Montoya_872838-Hernandez_Aznar\src\srv_alarm.c(45): warning:  #513-D: a value of type "void (*)(EVENTO_T, uint32_t, Tiempo_us_t)" cannot be assigned to an entity of type "void (*)(EVENTO_T, uint32_t)"
      callback_funcion = funcion_callback;
..\..\src\srv_alarm.c: 1 warning, 0 errors
compiling hal_gpio_lpc.c...
compiling Counter_strike.c...
C:\UNIVERSIDAD\2024-2025\PH\Mika-Hache\entrega p4\p4_870795-Diaz_Montoya_872838-Hernandez_Aznar\p4_870795-Diaz_Montoya_872838-Hernandez_Aznar\src\Counter_strike.c(63): warning:  #167-D: argument of type "void (*)(EVENTO_T, uint32_t)" is incompatible with parameter of type "void (*)(EVENTO_T, uint32_t, Tiempo_us_t)"
  	svc_alarma_iniciar(1,rt_FIFO_encolar,ev_T_PERIODICO); // inciamos la alarma periódica ev_T_PERIODICO que se encolará en la fifo cada segundo
..\..\src\Counter_strike.c: 1 warning, 0 errors
compiling hal_tiempo_lpc.c...
compiling hal_consumo_lpc.c...
compiling hal_WDT_lpc.c...
compiling hal_ext_int_lpc.c...
assembling Startup.s...
linking...
Program Size: Code=6600 RO-data=40 RW-data=136 ZI-data=3520  
".\Objects\blink_lpc.axf" - 0 Error(s), 4 Warning(s).
Build Time Elapsed:  00:00:01
</pre>
</body>
</html>
